// Jest Snapshot v1, https://goo.gl/fbAQLP

exports[`props children should match snapshot 1`] = `
.c10 {
  vertical-align: baseline;
}

.c10.fi-icon {
  display: inline-block;
}

.c10 .fi-icon-base-fill {
  fill: currentColor;
}

.c10 .fi-icon-base-stroke {
  stroke: currentColor;
}

.c10.fi-icon--cursor-pointer {
  cursor: pointer;
}

.c10.fi-icon--cursor-pointer * {
  cursor: inherit;
}

.c3 {
  vertical-align: baseline;
}

.c3.fi-icon {
  display: inline-block;
}

.c3 .fi-icon-base-fill {
  fill: currentColor;
}

.c3 .fi-icon-base-stroke {
  stroke: currentColor;
}

.c3.fi-icon--cursor-pointer {
  cursor: pointer;
}

.c3.fi-icon--cursor-pointer * {
  cursor: inherit;
}

.c8 {
  line-height: 1.15;
  -ms-text-size-adjust: 100%;
  -webkit-text-size-adjust: 100%;
  margin: 0;
  overflow: visible;
  text-transform: none;
  -webkit-appearance: button;
  margin: 0;
  padding: 0;
  border: 0;
  box-sizing: border-box;
  font: 100% inherit;
  line-height: 1;
  text-align: left;
  -webkit-text-decoration: none;
  text-decoration: none;
  vertical-align: baseline;
  color: inherit;
  background: none;
  cursor: inherit;
  display: inline-block;
  max-width: 100%;
  cursor: pointer;
}

.c8:-moz-focusring {
  outline: 1px dotted ButtonText;
}

.c8::-moz-focus-inner {
  border-style: none;
  padding: 0;
}

.c8::-webkit-file-upload-button {
  -webkit-appearance: button;
  font: inherit;
}

.c8::-webkit-inner-spin-button {
  height: auto;
}

.c8::-webkit-outer-spin-button {
  height: auto;
}

.c8::before,
.c8::after {
  box-sizing: border-box;
}

.c2 {
  line-height: 1.15;
  -ms-text-size-adjust: 100%;
  -webkit-text-size-adjust: 100%;
  margin: 0;
  padding: 0;
  border: 0;
  box-sizing: border-box;
  font: 100% inherit;
  line-height: 1;
  text-align: left;
  -webkit-text-decoration: none;
  text-decoration: none;
  vertical-align: baseline;
  color: inherit;
  background: none;
  cursor: inherit;
  display: block;
  max-width: 100%;
  word-wrap: normal;
  word-break: normal;
  white-space: normal;
}

.c2::before,
.c2::after {
  box-sizing: border-box;
}

.c0 {
  line-height: 1.15;
  -ms-text-size-adjust: 100%;
  -webkit-text-size-adjust: 100%;
  margin: 0;
  padding: 0;
  border: 0;
  box-sizing: border-box;
  font: 100% inherit;
  line-height: 1;
  text-align: left;
  -webkit-text-decoration: none;
  text-decoration: none;
  vertical-align: baseline;
  color: inherit;
  background: none;
  cursor: inherit;
  display: block;
  max-width: 100%;
  word-wrap: normal;
  word-break: normal;
  white-space: normal;
}

.c0::before,
.c0::after {
  box-sizing: border-box;
}

.c4 {
  line-height: 1.15;
  -ms-text-size-adjust: 100%;
  -webkit-text-size-adjust: 100%;
  margin: 0;
  padding: 0;
  border: 0;
  box-sizing: border-box;
  font: 100% inherit;
  line-height: 1;
  text-align: left;
  -webkit-text-decoration: none;
  text-decoration: none;
  vertical-align: baseline;
  color: inherit;
  background: none;
  cursor: inherit;
  display: block;
  max-width: 100%;
  word-wrap: normal;
  word-break: normal;
  white-space: normal;
}

.c4::before,
.c4::after {
  box-sizing: border-box;
}

.c6 {
  line-height: 1.15;
  -ms-text-size-adjust: 100%;
  -webkit-text-size-adjust: 100%;
  margin: 0;
  padding: 0;
  border: 0;
  box-sizing: border-box;
  font: 100% inherit;
  line-height: 1;
  text-align: left;
  -webkit-text-decoration: none;
  text-decoration: none;
  vertical-align: baseline;
  color: inherit;
  background: none;
  cursor: inherit;
  display: inline;
  max-width: 100%;
  word-wrap: normal;
  word-break: normal;
  white-space: normal;
}

.c6::before,
.c6::after {
  box-sizing: border-box;
}

.c5 {
  color: hsl(0,0%,13%);
  -webkit-letter-spacing: 0;
  -moz-letter-spacing: 0;
  -ms-letter-spacing: 0;
  letter-spacing: 0;
  -webkit-text-decoration: none;
  text-decoration: none;
  word-break: break-word;
  overflow-wrap: break-word;
  -webkit-font-smoothing: antialiased;
  font-family: 'Source Sans Pro','Helvetica Neue','Arial',sans-serif;
  font-size: 18px;
  line-height: 1.5;
  font-weight: 400;
  color: hsl(0,0%,13%);
}

.c5.fi-heading--h1hero {
  -webkit-letter-spacing: 0;
  -moz-letter-spacing: 0;
  -ms-letter-spacing: 0;
  letter-spacing: 0;
  -webkit-text-decoration: none;
  text-decoration: none;
  word-break: break-word;
  overflow-wrap: break-word;
  -webkit-font-smoothing: antialiased;
  font-family: 'Source Sans Pro','Helvetica Neue','Arial',sans-serif;
  font-size: 40px;
  line-height: 48px;
  font-weight: 600;
}

.c5.fi-heading--h1 {
  -webkit-letter-spacing: 0;
  -moz-letter-spacing: 0;
  -ms-letter-spacing: 0;
  letter-spacing: 0;
  -webkit-text-decoration: none;
  text-decoration: none;
  word-break: break-word;
  overflow-wrap: break-word;
  -webkit-font-smoothing: antialiased;
  font-family: 'Source Sans Pro','Helvetica Neue','Arial',sans-serif;
  font-size: 40px;
  line-height: 48px;
  font-weight: 300;
}

.c5.fi-heading--h2 {
  -webkit-letter-spacing: 0;
  -moz-letter-spacing: 0;
  -ms-letter-spacing: 0;
  letter-spacing: 0;
  -webkit-text-decoration: none;
  text-decoration: none;
  word-break: break-word;
  overflow-wrap: break-word;
  -webkit-font-smoothing: antialiased;
  font-family: 'Source Sans Pro','Helvetica Neue','Arial',sans-serif;
  font-size: 28px;
  line-height: 34px;
  font-weight: 600;
}

.c5.fi-heading--h3 {
  -webkit-letter-spacing: 0;
  -moz-letter-spacing: 0;
  -ms-letter-spacing: 0;
  letter-spacing: 0;
  -webkit-text-decoration: none;
  text-decoration: none;
  word-break: break-word;
  overflow-wrap: break-word;
  -webkit-font-smoothing: antialiased;
  font-family: 'Source Sans Pro','Helvetica Neue','Arial',sans-serif;
  font-size: 22px;
  line-height: 28px;
  font-weight: 600;
}

.c5.fi-heading--h4 {
  -webkit-letter-spacing: 0;
  -moz-letter-spacing: 0;
  -ms-letter-spacing: 0;
  letter-spacing: 0;
  -webkit-text-decoration: none;
  text-decoration: none;
  word-break: break-word;
  overflow-wrap: break-word;
  -webkit-font-smoothing: antialiased;
  font-family: 'Source Sans Pro','Helvetica Neue','Arial',sans-serif;
  font-size: 18px;
  line-height: 24px;
  font-weight: 600;
}

.c5.fi-heading--h5 {
  -webkit-letter-spacing: 0;
  -moz-letter-spacing: 0;
  -ms-letter-spacing: 0;
  letter-spacing: 0;
  -webkit-text-decoration: none;
  text-decoration: none;
  word-break: break-word;
  overflow-wrap: break-word;
  -webkit-font-smoothing: antialiased;
  font-family: 'Source Sans Pro','Helvetica Neue','Arial',sans-serif;
  font-size: 16px;
  line-height: 20px;
  font-weight: 600;
}

.c5.fi-heading--h6 {
  -webkit-letter-spacing: 0;
  -moz-letter-spacing: 0;
  -ms-letter-spacing: 0;
  letter-spacing: 0;
  -webkit-text-decoration: none;
  text-decoration: none;
  word-break: break-word;
  overflow-wrap: break-word;
  -webkit-font-smoothing: antialiased;
  font-family: 'Source Sans Pro','Helvetica Neue','Arial',sans-serif;
  font-size: 16px;
  line-height: 20px;
  font-weight: 600;
}

.c5.fi-heading--small-screen {
  -webkit-letter-spacing: 0;
  -moz-letter-spacing: 0;
  -ms-letter-spacing: 0;
  letter-spacing: 0;
  -webkit-text-decoration: none;
  text-decoration: none;
  word-break: break-word;
  overflow-wrap: break-word;
  -webkit-font-smoothing: antialiased;
  font-family: 'Source Sans Pro','Helvetica Neue','Arial',sans-serif;
  font-size: 32px;
  line-height: 38px;
  font-weight: 300;
}

.c5.fi-heading--small-screen.fi-heading--h1hero {
  -webkit-letter-spacing: 0;
  -moz-letter-spacing: 0;
  -ms-letter-spacing: 0;
  letter-spacing: 0;
  -webkit-text-decoration: none;
  text-decoration: none;
  word-break: break-word;
  overflow-wrap: break-word;
  -webkit-font-smoothing: antialiased;
  font-family: 'Source Sans Pro','Helvetica Neue','Arial',sans-serif;
  font-size: 32px;
  line-height: 38px;
  font-weight: 600;
}

.c5.fi-heading--small-screen.fi-heading--h1 {
  -webkit-letter-spacing: 0;
  -moz-letter-spacing: 0;
  -ms-letter-spacing: 0;
  letter-spacing: 0;
  -webkit-text-decoration: none;
  text-decoration: none;
  word-break: break-word;
  overflow-wrap: break-word;
  -webkit-font-smoothing: antialiased;
  font-family: 'Source Sans Pro','Helvetica Neue','Arial',sans-serif;
  font-size: 32px;
  line-height: 38px;
  font-weight: 300;
}

.c5.fi-heading--small-screen.fi-heading--h2 {
  -webkit-letter-spacing: 0;
  -moz-letter-spacing: 0;
  -ms-letter-spacing: 0;
  letter-spacing: 0;
  -webkit-text-decoration: none;
  text-decoration: none;
  word-break: break-word;
  overflow-wrap: break-word;
  -webkit-font-smoothing: antialiased;
  font-family: 'Source Sans Pro','Helvetica Neue','Arial',sans-serif;
  font-size: 26px;
  line-height: 32px;
  font-weight: 600;
}

.c5.fi-heading--small-screen.fi-heading--h3 {
  -webkit-letter-spacing: 0;
  -moz-letter-spacing: 0;
  -ms-letter-spacing: 0;
  letter-spacing: 0;
  -webkit-text-decoration: none;
  text-decoration: none;
  word-break: break-word;
  overflow-wrap: break-word;
  -webkit-font-smoothing: antialiased;
  font-family: 'Source Sans Pro','Helvetica Neue','Arial',sans-serif;
  font-size: 20px;
  line-height: 26px;
  font-weight: 600;
}

.c5.fi-heading--small-screen.fi-heading--h4 {
  -webkit-letter-spacing: 0;
  -moz-letter-spacing: 0;
  -ms-letter-spacing: 0;
  letter-spacing: 0;
  -webkit-text-decoration: none;
  text-decoration: none;
  word-break: break-word;
  overflow-wrap: break-word;
  -webkit-font-smoothing: antialiased;
  font-family: 'Source Sans Pro','Helvetica Neue','Arial',sans-serif;
  font-size: 16px;
  line-height: 20px;
  font-weight: 600;
}

.c5.fi-heading--small-screen.fi-heading--h5 {
  -webkit-letter-spacing: 0;
  -moz-letter-spacing: 0;
  -ms-letter-spacing: 0;
  letter-spacing: 0;
  -webkit-text-decoration: none;
  text-decoration: none;
  word-break: break-word;
  overflow-wrap: break-word;
  -webkit-font-smoothing: antialiased;
  font-family: 'Source Sans Pro','Helvetica Neue','Arial',sans-serif;
  font-size: 16px;
  line-height: 20px;
  font-weight: 600;
}

.c5.fi-heading--small-screen.fi-heading--h6 {
  -webkit-letter-spacing: 0;
  -moz-letter-spacing: 0;
  -ms-letter-spacing: 0;
  letter-spacing: 0;
  -webkit-text-decoration: none;
  text-decoration: none;
  word-break: break-word;
  overflow-wrap: break-word;
  -webkit-font-smoothing: antialiased;
  font-family: 'Source Sans Pro','Helvetica Neue','Arial',sans-serif;
  font-size: 16px;
  line-height: 20px;
  font-weight: 600;
}

.c7 {
  position: absolute;
  -webkit-clip: rect(0 0 0 0);
  clip: rect(0 0 0 0);
  height: 1px;
  width: 1px;
  margin: -1px;
  padding: 0;
  border: 0;
  overflow: hidden;
}

.c9 {
  color: hsl(0,0%,13%);
  -webkit-letter-spacing: 0;
  -moz-letter-spacing: 0;
  -ms-letter-spacing: 0;
  letter-spacing: 0;
  -webkit-text-decoration: none;
  text-decoration: none;
  word-break: break-word;
  overflow-wrap: break-word;
  -webkit-font-smoothing: antialiased;
  font-family: 'Source Sans Pro','Helvetica Neue','Arial',sans-serif;
  font-size: 16px;
  line-height: 1.5;
  font-weight: 600;
  font-size: 14px;
  line-height: 20px;
  padding: 9px 20px;
  min-height: 40px;
  color: hsl(0,0%,100%);
  background: linear-gradient(0deg,hsl(212,63%,37%) 0%,hsl(212,63%,45%) 100%);
  border-radius: 2px;
  text-align: center;
  text-shadow: 0 1px 1px hsla(214,100%,24%,0.5);
  cursor: pointer;
  border: 1px solid transparent;
}

.c9:focus {
  position: relative;
  outline: 3px solid transparent;
}

.c9:focus::after {
  content: '';
  position: absolute;
  pointer-events: none;
  top: -2px;
  right: -2px;
  bottom: -2px;
  left: -2px;
  border-radius: 2px;
  background-color: transparent;
  border: 0px solid hsl(0,0%,100%);
  box-sizing: border-box;
  box-shadow: 0 0 0 2px hsl(196,77%,44%);
  z-index: 9999;
}

.c9:hover {
  background: linear-gradient(0deg,hsl(212,63%,45%) 0%,hsl(212,63%,49%) 100%);
  outline: 2px solid transparent;
}

.c9:active {
  background: hsl(212,63%,37%);
}

.c9.fi-button--disabled,
.c9[disabled],
.c9:disabled {
  text-shadow: 0 1px 1px rgba(33,33,33,0.5);
  background: linear-gradient(0deg,hsl(202,7%,67%) 0%,hsl(202,7%,80%) 100%);
  -webkit-user-select: none;
  -moz-user-select: none;
  -ms-user-select: none;
  user-select: none;
  cursor: not-allowed;
}

.c9.fi-button--disabled::after {
  border: none;
  box-shadow: none;
}

.c9.fi-button--fullwidth {
  display: block;
  width: 100%;
}

.c9.fi-button--inverted {
  background: none;
  background-color: hsl(212,63%,45%);
  border: 1px solid hsl(0,0%,100%);
  text-shadow: none;
}

.c9.fi-button--inverted:hover {
  background: linear-gradient(-180deg,hsla(0,0%,100%,0.1) 0%,hsla(0,0%,100%,0) 100%);
}

.c9.fi-button--inverted:active {
  background: none;
  background-color: hsl(212,63%,45%);
}

.c9.fi-button--inverted.fi-button--disabled,
.c9.fi-button--inverted[disabled],
.c9.fi-button--inverted:disabled {
  opacity: 0.41;
  background: none;
  background-color: none;
}

.c9.fi-button--secondary {
  color: hsl(212,63%,45%);
  background: none;
  background-color: hsl(0,0%,100%);
  border: 1px solid hsl(212,63%,45%);
  text-shadow: none;
}

.c9.fi-button--secondary:hover {
  background: linear-gradient(-180deg,hsl(202,7%,93%) 0%,hsla(0,0%,100%,0) 100%);
}

.c9.fi-button--secondary:active {
  background: none;
  background-color: hsl(202,7%,93%);
}

.c9.fi-button--secondary.fi-button--disabled,
.c9.fi-button--secondary[disabled],
.c9.fi-button--secondary:disabled {
  color: hsl(202,7%,67%);
  text-shadow: none;
  background: none;
  background-color: hsl(212,63%,98%);
  border-color: hsl(202,7%,67%);
}

.c9.fi-button--secondary .fi-button_loading-icon .fi-icon-component-brand-fill {
  fill: hsl(202,7%,67%);
}

.c9.fi-button--secondary-noborder {
  color: hsl(212,63%,45%);
  background: none;
  background-color: hsl(0,0%,100%);
  border: 1px solid hsl(212,63%,45%);
  text-shadow: none;
  border: none;
  padding: 10px 20px;
  background-color: transparent;
}

.c9.fi-button--secondary-noborder:hover {
  background: linear-gradient(-180deg,hsl(202,7%,93%) 0%,hsla(0,0%,100%,0) 100%);
}

.c9.fi-button--secondary-noborder:active {
  background: none;
  background-color: hsl(202,7%,93%);
}

.c9.fi-button--secondary-noborder.fi-button--disabled,
.c9.fi-button--secondary-noborder[disabled],
.c9.fi-button--secondary-noborder:disabled {
  color: hsl(202,7%,67%);
  text-shadow: none;
  background: none;
  background-color: hsl(212,63%,98%);
  border-color: hsl(202,7%,67%);
}

.c9.fi-button--secondary-noborder .fi-button_loading-icon .fi-icon-component-brand-fill {
  fill: hsl(202,7%,67%);
}

.c9.fi-button--secondary-noborder.fi-button--icon-only {
  padding: 6px 12px;
}

.c9.fi-button--secondary-noborder .fi-button_loading-icon .fi-icon-component-brand-fill {
  fill: hsl(202,7%,67%);
}

.c9.fi-button--secondary-light {
  color: hsl(212,63%,45%);
  color: hsl(212,63%,45%);
  background: none;
  background-color: hsl(0,0%,100%);
  border: 1px solid hsl(212,63%,45%);
  text-shadow: none;
  background: linear-gradient(0deg,hsl(215,100%,95%),hsl(215,100%,97%));
  padding: 10px 20px;
  border: none;
}

.c9.fi-button--secondary-light:hover {
  background: linear-gradient(-180deg,hsl(202,7%,93%) 0%,hsla(0,0%,100%,0) 100%);
}

.c9.fi-button--secondary-light:active {
  background: none;
  background-color: hsl(202,7%,93%);
}

.c9.fi-button--secondary-light.fi-button--disabled,
.c9.fi-button--secondary-light[disabled],
.c9.fi-button--secondary-light:disabled {
  color: hsl(202,7%,67%);
  text-shadow: none;
  background: none;
  background-color: hsl(212,63%,98%);
  border-color: hsl(202,7%,67%);
}

.c9.fi-button--secondary-light .fi-button_loading-icon .fi-icon-component-brand-fill {
  fill: hsl(202,7%,67%);
}

.c9.fi-button--secondary-light.fi-button--icon-only {
  padding: 6px 12px;
}

.c9.fi-button--secondary-light:hover {
  background: linear-gradient(0deg,hsl(215,100%,97%),hsl(212,63%,98%));
}

.c9.fi-button--secondary-light:active {
  background: linear-gradient(0deg,hsl(202,7%,93%),hsl(202,7%,97%));
}

.c9.fi-button--secondary-light.fi-button--disabled,
.c9.fi-button--secondary-light[disabled],
.c9.fi-button--secondary-light:disabled {
  color: hsl(202,7%,67%);
  background: none;
  background-color: hsl(202,7%,97%);
}

.c9.fi-button--secondary-light .fi-button_loading-icon .fi-icon-component-brand-fill {
  fill: hsl(202,7%,67%);
}

.c9 > .fi-button_icon > .fi-icon {
  width: 16px;
  height: 16px;
  margin-right: 8px;
  vertical-align: middle;
  -webkit-transform: translateY(-0.1em);
  -ms-transform: translateY(-0.1em);
  transform: translateY(-0.1em);
}

.c9 > .fi-button_icon--right > .fi-icon {
  margin-right: 0;
  margin-left: 8px;
}

.c9.fi-button--icon-only {
  padding: 6px 11px;
}

.c9.fi-button--icon-only > .fi-button_icon > .fi-icon {
  margin-right: 0;
}

.c9.fi-button--icon-only > .fi-button_icon--right > .fi-icon {
  margin-left: 0;
}

.c9.fi-button--disabled > .fi-button_icon {
  cursor: not-allowed;
}

.c9 .fi-button_loading-icon {
  display: inline-block;
  width: 20px;
  height: 20px;
  margin-right: 8px;
  -webkit-animation: rotation 1.5s infinite linear;
  animation: rotation 1.5s infinite linear;
}

.c9 .fi-button_loading-icon .fi-icon-component-brand-fill {
  fill: hsl(0,0%,100%);
}

.c9.fi-button--loading {
  display: -webkit-box;
  display: -webkit-flex;
  display: -ms-flexbox;
  display: flex;
  -webkit-align-items: center;
  -webkit-box-align: center;
  -ms-flex-align: center;
  align-items: center;
}

.c9.fi-button--loading-icon-only .fi-button_loading-icon {
  margin-right: 0;
}

.c1 {
  color: hsl(0,0%,13%);
  -webkit-letter-spacing: 0;
  -moz-letter-spacing: 0;
  -ms-letter-spacing: 0;
  letter-spacing: 0;
  -webkit-text-decoration: none;
  text-decoration: none;
  word-break: break-word;
  overflow-wrap: break-word;
  -webkit-font-smoothing: antialiased;
  font-family: 'Source Sans Pro','Helvetica Neue','Arial',sans-serif;
  font-size: 16px;
  line-height: 1.5;
  font-weight: 400;
  width: 100%;
  box-shadow: 0px 4px 8px 0px hsla(0,0%,13%,0.14);
  border-radius: 4px;
  padding-bottom: 10px;
}

.c1.fi-notification {
  background-color: hsl(0,0%,100%);
  display: -webkit-box;
  display: -webkit-flex;
  display: -ms-flexbox;
  display: flex;
  -webkit-flex-direction: column;
  -ms-flex-direction: column;
  flex-direction: column;
  -webkit-box-pack: justify;
  -webkit-justify-content: space-between;
  -ms-flex-pack: justify;
  justify-content: space-between;
}

.c1.fi-notification .fi-notification_style-wrapper {
  padding: 0 10px 10px 40px;
  display: -webkit-box;
  display: -webkit-flex;
  display: -ms-flexbox;
  display: flex;
  -webkit-align-items: flex-start;
  -webkit-box-align: flex-start;
  -ms-flex-align: flex-start;
  align-items: flex-start;
  overflow: hidden;
}

.c1.fi-notification .fi-notification_icon-wrapper {
  padding-top: 20px;
  -webkit-flex: none;
  -ms-flex: none;
  flex: none;
}

.c1.fi-notification .fi-notification_icon-wrapper .fi-notification_icon {
  height: 24px;
  width: 24px;
}

.c1.fi-notification .fi-notification_text-content-wrapper {
  padding-top: 20px;
  padding-left: 20px;
  -webkit-box-flex: 1;
  -webkit-flex-grow: 1;
  -ms-flex-positive: 1;
  flex-grow: 1;
}

.c1.fi-notification .fi-notification_text-content-wrapper .fi-notification_content {
  vertical-align: middle;
}

.c1.fi-notification .fi-notification_text-content-wrapper .fi-notification_content .fi-notification_contentWrapper {
  -webkit-letter-spacing: 0;
  -moz-letter-spacing: 0;
  -ms-letter-spacing: 0;
  letter-spacing: 0;
  -webkit-text-decoration: none;
  text-decoration: none;
  word-break: break-word;
  overflow-wrap: break-word;
  -webkit-font-smoothing: antialiased;
  font-family: 'Source Sans Pro','Helvetica Neue','Arial',sans-serif;
  font-size: 16px;
  line-height: 1.5;
  font-weight: 400;
}

.c1.fi-notification .fi-notification_heading {
  -webkit-letter-spacing: 0;
  -moz-letter-spacing: 0;
  -ms-letter-spacing: 0;
  letter-spacing: 0;
  -webkit-text-decoration: none;
  text-decoration: none;
  word-break: break-word;
  overflow-wrap: break-word;
  -webkit-font-smoothing: antialiased;
  font-family: 'Source Sans Pro','Helvetica Neue','Arial',sans-serif;
  font-size: 18px;
  line-height: 1.5;
  font-weight: 600;
  margin: 0;
  margin-bottom: 5px;
}

.c1.fi-notification .fi-notification_action-element-wrapper {
  padding: 20px 26px 19px 84px;
}

.c1.fi-notification .fi-notification_action-element-wrapper .fi-button {
  margin: 10px 15px 0 0;
}

.c1.fi-notification .fi-notification_action-element-wrapper .fi-button:first-child {
  margin-top: 0;
}

.c1.fi-notification .fi-notification_close-button {
  height: 40px;
  padding: 7px 10px;
  margin: 0;
  margin-top: 6px;
  border: 1px solid transparent;
  white-space: nowrap;
  color: hsl(212,63%,45%);
}

.c1.fi-notification .fi-notification_close-button:focus-visible {
  outline: 0;
  position: relative;
}

.c1.fi-notification .fi-notification_close-button:focus-visible:after {
  content: '';
  position: absolute;
  pointer-events: none;
  top: -2px;
  right: -2px;
  bottom: -2px;
  left: -2px;
  border-radius: 2px;
  background-color: transparent;
  border: 0px solid hsl(0,0%,100%);
  box-sizing: border-box;
  box-shadow: 0 0 0 2px hsl(196,77%,44%);
  z-index: 9999;
  outline: 3px solid transparent;
}

.c1.fi-notification--neutral {
  border-top: 4px solid hsl(215,86%,51%);
}

.c1.fi-notification--neutral .fi-notification_icon-wrapper .fi-icon .fi-icon-base-fill {
  fill: hsl(215,86%,51%);
}

.c1.fi-notification--error {
  border-top: 4px solid hsl(3,59%,43%);
}

.c1.fi-notification--error .fi-notification_icon-wrapper .fi-icon .fi-icon-base-fill {
  fill: hsl(3,59%,43%);
}

.c1.fi-notification.fi-notification--small-screen {
  padding-bottom: 20px;
}

.c1.fi-notification.fi-notification--small-screen .fi-notification_text-content-wrapper {
  padding-top: 15px;
  padding-left: 12px;
  padding-right: 12px;
  display: -webkit-box;
  display: -webkit-flex;
  display: -ms-flexbox;
  display: flex;
  -webkit-flex-direction: column;
  -ms-flex-direction: column;
  flex-direction: column;
}

.c1.fi-notification.fi-notification--small-screen .fi-notification_close-button {
  margin: 3px;
  padding: 3px 5px 3px 4px;
}

.c1.fi-notification.fi-notification--small-screen .fi-notification_close-button .fi-icon {
  margin-right: 5px;
  font-size: 16px;
}

.c1.fi-notification.fi-notification--small-screen .fi-notification_style-wrapper {
  padding: 0;
}

.c1.fi-notification.fi-notification--small-screen .fi-notification_icon-wrapper {
  padding-top: 17px;
  padding-left: 17px;
}

.c1.fi-notification.fi-notification--small-screen .fi-notification_action-element-wrapper {
  padding: 0 15px;
}

.c1.fi-notification.fi-notification--small-screen .fi-notification_action-element-wrapper .fi-button {
  width: 100%;
  margin-top: 15px;
  margin-right: 0;
}

@media (prefers-reduced-motion) {
  .c9.fi-loadingSpinner.fi-loadingSpinner--loading .fi-loadingSpinner_icon {
    -webkit-animation: rotation 10s infinite linear;
    animation: rotation 10s infinite linear;
  }
}

@media (forced-colors:active) {
  .c1 {
    border: solid 1px ButtonBorder;
  }
}

<div>
  <section
    aria-label="Lorem ipsum dolor sit"
    class="c0 fi-notification fi-notification--neutral c1"
    role="region"
  >
    <div
      class="c2 fi-notification_style-wrapper"
    >
      <div
        class="c2 fi-notification_icon-wrapper"
      >
        <svg
          aria-hidden="true"
          class="fi-icon c3 fi-notification_icon fi-notification_icon--neutral"
          focusable="false"
          height="1em"
          viewBox="0 0 24 24"
          width="1em"
          xmlns="http://www.w3.org/2000/svg"
        >
          <path
            class="fi-icon-base-fill"
            d="M12 0c6.617 0 12 5.383 12 12s-5.383 12-12 12S0 18.617 0 12 5.383 0 12 0Zm0 2C6.486 2 2 6.486 2 12s4.486 10 10 10 10-4.486 10-10S17.514 2 12 2Zm.003 8a1 1 0 0 1 1 1v6h1a1 1 0 0 1 0 2H10a1 1 0 0 1 0-2h1v-5h-1a1 1 0 0 1 0-2h2.003Zm-.501-5a1.5 1.5 0 0 1 .145 2.994L11.502 8H11.5a1.5 1.5 0 1 1 0-3h.002Z"
            fill="#222"
            fill-rule="evenodd"
          />
        </svg>
      </div>
      <div
        class="c2 fi-notification_text-content-wrapper"
        id="7"
      >
        <div
          class="c2 fi-notification_content"
        >
          <h2
            class="c4 fi-heading c5 fi-notification_heading fi-heading--h2"
          >
            Lorem ipsum dolor sit
          </h2>
          <div
            class="c2 fi-notification_contentWrapper"
          >
            <div>
              Test notification
            </div>
          </div>
        </div>
      </div>
      <span
        aria-live="polite"
        class="c6 c7 fi-visually-hidden"
      />
      <button
        aria-disabled="false"
        class="c8 fi-button c9 fi-notification_close-button fi-button--secondary-noborder"
        tabindex="0"
        type="button"
      >
        Close
        <span
          class="c6 fi-button_icon fi-button_icon--right"
        >
          <svg
            aria-hidden="true"
            class="fi-icon c10"
            focusable="false"
            height="1em"
            viewBox="0 0 24 24"
            width="1em"
            xmlns="http://www.w3.org/2000/svg"
          >
            <path
              class="fi-icon-base-fill"
              d="M4.75 3.3 12 10.55l7.25-7.25a1.026 1.026 0 0 1 1.45 1.45L13.45 12l7.25 7.25a1.026 1.026 0 0 1-1.45 1.45L12 13.45 4.75 20.7a1.026 1.026 0 0 1-1.45-1.45L10.55 12 3.3 4.75A1.026 1.026 0 0 1 4.75 3.3Z"
              fill="#222"
              fill-rule="evenodd"
            />
          </svg>
        </span>
      </button>
    </div>
  </section>
</div>
`;
