// Jest Snapshot v1, https://goo.gl/fbAQLP

exports[`Basic ExpanderContent shoud match snapshot 1`] = `
.c0 {
  line-height: 1.15;
  -ms-text-size-adjust: 100%;
  -webkit-text-size-adjust: 100%;
  margin: 0;
  padding: 0;
  border: 0;
  box-sizing: border-box;
  font: 100% inherit;
  line-height: 1;
  text-align: left;
  text-decoration: none;
  vertical-align: baseline;
  color: inherit;
  background: none;
  cursor: inherit;
  display: block;
  max-width: 100%;
  word-wrap: normal;
  word-break: normal;
  white-space: normal;
}

.c0 ::before,
.c0 ::after {
  box-sizing: border-box;
}

.c1 {
  color: hsl(0, 0%, 13%);
  letter-spacing: 0;
  text-decoration: none;
  word-break: break-word;
  overflow-wrap: break-word;
  -webkit-font-smoothing: antialiased;
  font-family: 'Source Sans Pro','Helvetica Neue','Arial',sans-serif;
  font-size: 18px;
  line-height: 1.5;
  font-weight: 400;
  background-color: hsl(0, 0%, 100%);
  border-radius: inherit;
  position: relative;
  visibility: hidden;
  height: 0;
  overflow: hidden;
  word-break: break-word;
  transform-origin: top;
}

.c1.fi-expander {
  display: block;
}

.c1:not(.fi-expander_content--no-padding) {
  padding: 0 16px;
}

.c1.fi-expander_content--open {
  visibility: visible;
  height: auto;
  border-bottom: 1px solid hsl(212, 63%, 45%);
  border-top: 1px solid transparent;
  border-top-left-radius: 0;
  border-top-right-radius: 0;
}

.c1.fi-expander_content--open:not(.fi-expander_content--no-padding) {
  padding: 10px 20px 20px;
}

<div
  aria-hidden="true"
  aria-labelledby="test-id_title"
  class="c0 c1 fi-expander_content"
  data-testid="expander-content"
  id="test-id_content"
  role="region"
>
  Expander content
</div>
`;
