// Jest Snapshot v1, https://goo.gl/fbAQLP

exports[`snapshot should have matching default structure 1`] = `
.c6 {
  line-height: 1.15;
  -ms-text-size-adjust: 100%;
  -webkit-text-size-adjust: 100%;
  margin: 0;
  overflow: visible;
  text-transform: none;
  -webkit-appearance: button;
  margin: 0;
  padding: 0;
  border: 0;
  box-sizing: border-box;
  font: 100% inherit;
  line-height: 1;
  text-align: left;
  -webkit-text-decoration: none;
  text-decoration: none;
  vertical-align: baseline;
  color: inherit;
  background: none;
  cursor: inherit;
  display: inline-block;
  max-width: 100%;
  cursor: pointer;
}

.c6:-moz-focusring {
  outline: 1px dotted ButtonText;
}

.c6::-moz-focus-inner {
  border-style: none;
  padding: 0;
}

.c6::-webkit-file-upload-button {
  -webkit-appearance: button;
  font: inherit;
}

.c6::-webkit-inner-spin-button {
  height: auto;
}

.c6::-webkit-outer-spin-button {
  height: auto;
}

.c6::before,
.c6::after {
  box-sizing: border-box;
}

.c0 {
  line-height: 1.15;
  -ms-text-size-adjust: 100%;
  -webkit-text-size-adjust: 100%;
  margin: 0;
  padding: 0;
  border: 0;
  box-sizing: border-box;
  font: 100% inherit;
  line-height: 1;
  text-align: left;
  -webkit-text-decoration: none;
  text-decoration: none;
  vertical-align: baseline;
  color: inherit;
  background: none;
  cursor: inherit;
  display: block;
  max-width: 100%;
  word-wrap: normal;
  word-break: normal;
  white-space: normal;
}

.c0::before,
.c0::after {
  box-sizing: border-box;
}

.c3 {
  line-height: 1.15;
  -ms-text-size-adjust: 100%;
  -webkit-text-size-adjust: 100%;
  margin: 0;
  padding: 0;
  border: 0;
  box-sizing: border-box;
  font: 100% inherit;
  line-height: 1;
  text-align: left;
  -webkit-text-decoration: none;
  text-decoration: none;
  vertical-align: baseline;
  color: inherit;
  background: none;
  cursor: inherit;
  display: block;
  max-width: 100%;
  word-wrap: normal;
  word-break: normal;
  white-space: normal;
}

.c3::before,
.c3::after {
  box-sizing: border-box;
}

.c5 {
  line-height: 1.15;
  -ms-text-size-adjust: 100%;
  -webkit-text-size-adjust: 100%;
  margin: 0;
  overflow: visible;
  margin: 0;
  padding: 0;
  border: 0;
  box-sizing: border-box;
  font: 100% inherit;
  line-height: 1;
  text-align: left;
  -webkit-text-decoration: none;
  text-decoration: none;
  vertical-align: baseline;
  color: inherit;
  background: none;
  cursor: inherit;
  display: inline-block;
  max-width: 100%;
}

.c5::-webkit-input-placeholder {
  color: inherit;
  opacity: 0.54;
}

.c5::before,
.c5::after {
  box-sizing: border-box;
}

.c2 {
  line-height: 1.15;
  -ms-text-size-adjust: 100%;
  -webkit-text-size-adjust: 100%;
  margin: 0;
  padding: 0;
  border: 0;
  box-sizing: border-box;
  font: 100% inherit;
  line-height: 1;
  text-align: left;
  -webkit-text-decoration: none;
  text-decoration: none;
  vertical-align: baseline;
  color: inherit;
  background: none;
  cursor: inherit;
  display: inline;
  max-width: 100%;
  word-wrap: normal;
  word-break: normal;
  white-space: normal;
}

.c2::before,
.c2::after {
  box-sizing: border-box;
}

.c8 {
  position: absolute;
  -webkit-clip: rect(0 0 0 0);
  clip: rect(0 0 0 0);
  height: 1px;
  width: 1px;
  margin: -1px;
  padding: 0;
  border: 0;
  overflow: hidden;
}

.c9 {
  vertical-align: baseline;
}

.c9.fi-icon {
  display: inline-block;
}

.c9 .fi-icon-base-fill {
  fill: currentColor;
}

.c9 .fi-icon-base-stroke {
  stroke: currentColor;
}

.c9.fi-icon--cursor-pointer {
  cursor: pointer;
}

.c9.fi-icon--cursor-pointer * {
  cursor: inherit;
}

.c10 {
  vertical-align: baseline;
}

.c10.fi-icon {
  display: inline-block;
}

.c10 .fi-icon-base-fill {
  fill: currentColor;
}

.c10 .fi-icon-base-stroke {
  stroke: currentColor;
}

.c10.fi-icon--cursor-pointer {
  cursor: pointer;
}

.c10.fi-icon--cursor-pointer * {
  cursor: inherit;
}

.c11 {
  -webkit-letter-spacing: 0;
  -moz-letter-spacing: 0;
  -ms-letter-spacing: 0;
  letter-spacing: 0;
  -webkit-text-decoration: none;
  text-decoration: none;
  word-break: break-word;
  overflow-wrap: break-word;
  -webkit-font-smoothing: antialiased;
  font-family: 'Source Sans Pro','Helvetica Neue','Arial',sans-serif;
  font-size: 16px;
  line-height: 1.5;
  font-weight: 600;
  color: hsl(0,0%,13%);
  font-size: 14px;
  line-height: 20px;
}

.c11.fi-status-text {
  display: block;
}

.c11.fi-status-text.fi-status-text--error {
  color: hsl(3,59%,43%);
}

.c11.fi-status-text .fi-icon {
  vertical-align: middle;
  -webkit-transform: translateY(-0.1em);
  -ms-transform: translateY(-0.1em);
  transform: translateY(-0.1em);
  margin-right: 5px;
}

.c4.fi-label .fi-label_label-span {
  -webkit-letter-spacing: 0;
  -moz-letter-spacing: 0;
  -ms-letter-spacing: 0;
  letter-spacing: 0;
  -webkit-text-decoration: none;
  text-decoration: none;
  word-break: break-word;
  overflow-wrap: break-word;
  -webkit-font-smoothing: antialiased;
  font-family: 'Source Sans Pro','Helvetica Neue','Arial',sans-serif;
  font-size: 16px;
  line-height: 1.5;
  font-weight: 600;
  display: inline-block;
  vertical-align: middle;
  color: hsl(0,0%,13%);
}

.c4.fi-label .fi-label_label-span .fi-label_optional-text {
  font-family: 'Source Sans Pro','Helvetica Neue','Arial',sans-serif;
  font-size: 16px;
  line-height: 1.5;
  font-weight: 400;
}

.c4.fi-label .fi-label_label-span .fi-tooltip {
  margin-left: 6px;
}

.c7 {
  position: relative;
  cursor: pointer;
  pointer-events: all;
  height: 20px;
  width: 20px;
  -webkit-box-pack: center;
  -webkit-justify-content: center;
  -ms-flex-pack: center;
  justify-content: center;
  -webkit-align-items: center;
  -webkit-box-align: center;
  -ms-flex-align: center;
  align-items: center;
}

.c7:focus {
  outline: 3px solid transparent;
}

.c7:focus:after {
  content: '';
  position: absolute;
  pointer-events: none;
  top: -2px;
  right: -2px;
  bottom: -2px;
  left: -2px;
  border-radius: 2px;
  background-color: transparent;
  border: 0px solid hsl(0,0%,100%);
  box-sizing: border-box;
  box-shadow: 0 0 0 2px hsl(196,77%,44%);
  z-index: 9999;
}

.c7.fi-input-clear-button {
  display: -webkit-box;
  display: -webkit-flex;
  display: -ms-flexbox;
  display: flex;
}

.c7.fi-input-clear-button .fi-input-clear-button_icon {
  width: 16px;
  height: 16px;
}

.c7.fi-input-clear-button .fi-input-clear-button_icon .fi-icon-base-fill {
  fill: hsl(212,63%,37%);
}

.c7.fi-input-clear-button[disabled],
.c7.fi-input-clear-button:disabled {
  cursor: not-allowed;
}

.c7.fi-input-clear-button[disabled] .fi-input-clear-button_icon .fi-icon-base-fill,
.c7.fi-input-clear-button:disabled .fi-input-clear-button_icon .fi-icon-base-fill {
  fill: hsl(202,7%,67%);
}

.c1 {
  -webkit-letter-spacing: 0;
  -moz-letter-spacing: 0;
  -ms-letter-spacing: 0;
  letter-spacing: 0;
  -webkit-text-decoration: none;
  text-decoration: none;
  word-break: break-word;
  overflow-wrap: break-word;
  -webkit-font-smoothing: antialiased;
  font-family: 'Source Sans Pro','Helvetica Neue','Arial',sans-serif;
  font-size: 18px;
  line-height: 1.5;
  font-weight: 400;
  width: 290px;
}

.c1 .fi-label,
.c1 .fi-hint-text,
.c1 .fi-status-text {
  margin: 0;
}

.c1 .fi-search-input_wrapper {
  width: 100%;
  min-width: 105px;
  display: inline-block;
}

.c1 .fi-search-input_wrapper .fi-search-input_label--visible {
  margin-bottom: 10px;
}

.c1 .fi-search-input_wrapper .fi-search-input_statusText--has-content {
  margin-top: 5px;
}

.c1 .fi-search-input_functionality-container {
  position: relative;
}

.c1 .fi-search-input_input-element-container {
  background-color: hsl(0,0%,100%);
  color: hsl(0,0%,13%);
  width: 100%;
  height: 40px;
  box-sizing: border-box;
  border: 1px solid hsl(201,7%,58%);
  border-radius: 2px;
}

.c1 .fi-search-input_input-element-container > input:focus {
  outline-color: hsl(196,77%,44%);
  outline-width: 2px;
  outline-offset: 2px;
  outline-style: solid;
}

.c1 .fi-search-input_input-element-container:focus-within > input:focus {
  outline: none;
}

.c1 .fi-search-input_input-element-container:focus-within {
  position: relative;
  box-shadow: 0 1px 2px 0 hsla(214,100%,24%,0.1) inset;
  outline: 3px solid transparent;
}

.c1 .fi-search-input_input-element-container:focus-within:after {
  content: '';
  position: absolute;
  pointer-events: none;
  top: -2px;
  right: -2px;
  bottom: -2px;
  left: -2px;
  border-radius: 2px;
  background-color: transparent;
  border: 0px solid hsl(0,0%,100%);
  box-sizing: border-box;
  box-shadow: 0 0 0 2px hsl(196,77%,44%);
  z-index: 9999;
  top: -3px;
  bottom: -3px;
  right: -3px;
  left: -3px;
}

.c1 .fi-search-input_input-element-container:focus-within > input:focus {
  outline: none;
}

.c1 .fi-search-input_input {
  color: hsl(0,0%,13%);
  -webkit-letter-spacing: 0;
  -moz-letter-spacing: 0;
  -ms-letter-spacing: 0;
  letter-spacing: 0;
  -webkit-text-decoration: none;
  text-decoration: none;
  word-break: break-word;
  overflow-wrap: break-word;
  -webkit-font-smoothing: antialiased;
  font-family: 'Source Sans Pro','Helvetica Neue','Arial',sans-serif;
  font-size: 16px;
  line-height: 1.5;
  font-weight: 400;
  min-width: 245px;
  max-width: 100%;
  padding: 8px 16px;
  border: 1px solid hsl(202,7%,80%);
  border-radius: 2px;
  line-height: 1;
  padding-top: 6px;
  padding-bottom: 6px;
  width: calc(100% - 24px);
  min-width: 65px;
  border: 0;
  min-height: 36px;
  margin-top: 1px;
  margin-bottom: 1px;
  -webkit-appearance: none;
  -moz-appearance: none;
  appearance: none;
}

.c1 .fi-search-input_input::-webkit-input-placeholder {
  font-style: italic;
  color: hsl(201,7%,46%);
  opacity: 1;
}

.c1 .fi-search-input_input::-moz-placeholder {
  font-style: italic;
  color: hsl(201,7%,46%);
  opacity: 1;
}

.c1 .fi-search-input_input:-ms-input-placeholder {
  font-style: italic;
  color: hsl(201,7%,46%);
  opacity: 1;
}

.c1 .fi-search-input_input::placeholder {
  font-style: italic;
  color: hsl(201,7%,46%);
  opacity: 1;
}

.c1 .fi-search-input_input::-ms-clear {
  display: none;
  width: 0;
  height: 0;
}

.c1 .fi-search-input_input::-ms-reveal {
  display: none;
  width: 0;
  height: 0;
}

.c1 .fi-search-input_input::-webkit-search-decoration,
.c1 .fi-search-input_input::-webkit-search-cancel-button,
.c1 .fi-search-input_input::-webkit-search-results-button,
.c1 .fi-search-input_input::-webkit-search-results-decoration {
  display: none;
}

.c1 .fi-search-input_button {
  position: absolute;
  top: 0;
  display: -webkit-box;
  display: -webkit-flex;
  display: -ms-flexbox;
  display: flex;
  -webkit-box-pack: center;
  -webkit-justify-content: center;
  -ms-flex-pack: center;
  justify-content: center;
  -webkit-align-items: center;
  -webkit-box-align: center;
  -ms-flex-align: center;
  align-items: center;
  box-sizing: border-box;
  outline: none;
  box-shadow: none;
  cursor: default;
  pointer-events: none;
}

.c1 .fi-search-input_button-clear {
  right: 40px;
  -webkit-clip: rect(0 0 0 0);
  clip: rect(0 0 0 0);
  height: 1px;
  width: 1px;
  margin: -1px;
  padding: 0;
  border: 0;
  overflow: hidden;
}

.c1 .fi-search-input_button-clear:focus {
  outline: 3px solid transparent;
}

.c1 .fi-search-input_button-clear-icon {
  width: 12px;
  height: 12px;
}

.c1 .fi-search-input_button-clear-icon .fi-icon-base-fill {
  fill: hsl(212,63%,37%);
}

.c1 .fi-search-input_button-search {
  right: 0px;
  height: 40px;
  width: 40px;
  border-radius: 0 2px 2px 0;
  border: 0;
}

.c1 .fi-search-input_button-search-icon {
  width: 18px;
  height: 18px;
}

.c1 .fi-search-input_button-search-icon .fi-icon-base-fill {
  fill: hsl(202,7%,40%);
}

.c1.fi-search-input--full-width {
  width: 100%;
}

.c1.fi-search-input--error .fi-search-input_input-element-container {
  border: 1px solid hsl(3,59%,43%);
  border-right: 0;
}

.c1.fi-search-input--error .fi-search-input_button-search {
  border: 1px solid hsl(3,59%,43%);
  border-left: 0;
}

.c1.fi-search-input--not-empty .fi-search-input_input-element-container {
  width: calc(100% - 40px);
  border-radius: 2px 0 0 2px;
  border-right: 0;
}

.c1.fi-search-input--not-empty .fi-search-input_button {
  cursor: pointer;
  pointer-events: all;
}

.c1.fi-search-input--not-empty .fi-search-input_button-clear {
  -webkit-clip: auto;
  clip: auto;
  overflow: visible;
  height: 20px;
  width: 20px;
  margin: 10px;
}

.c1.fi-search-input--not-empty .fi-search-input_button-search {
  background: linear-gradient(0deg,hsl(212,63%,37%) 0%,hsl(212,63%,45%) 100%);
}

.c1.fi-search-input--not-empty .fi-search-input_button-search:focus {
  outline: 3px solid transparent;
}

.c1.fi-search-input--not-empty .fi-search-input_button-search:focus:after {
  content: '';
  position: absolute;
  pointer-events: none;
  top: -2px;
  right: -2px;
  bottom: -2px;
  left: -2px;
  border-radius: 2px;
  background-color: transparent;
  border: 0px solid hsl(0,0%,100%);
  box-sizing: border-box;
  box-shadow: 0 0 0 2px hsl(196,77%,44%);
  z-index: 9999;
}

.c1.fi-search-input--not-empty .fi-search-input_button-search:hover {
  background: linear-gradient(0deg,hsl(212,63%,45%) 0%,hsl(212,63%,49%) 100%);
}

.c1.fi-search-input--not-empty .fi-search-input_button-search:active {
  background-color: hsl(212,63%,37%);
}

.c1.fi-search-input--not-empty .fi-search-input_button-search .fi-search-input_button-search-icon .fi-icon-base-fill {
  fill: hsl(0,0%,100%);
}

@media (forced-colors:active) {
  .c1.fi-search-input--not-empty .fi-search-input_button-clear .fi-icon-base-fill {
    fill: ButtonText;
  }
}

@media (forced-colors:active) {
  .c1.fi-search-input--not-empty .fi-search-input_button-search {
    border: solid 1px ButtonBorder;
  }
}

@media (forced-colors:active) {
  .c1.fi-search-input--not-empty .fi-search-input_button-search .fi-search-input_button-search-icon .fi-icon-base-fill {
    fill: ButtonText;
  }
}

<div
  class="c0 c1 fi-search-input"
>
  <span
    class="c2 fi-search-input_wrapper"
  >
    <div
      class="c3 c4 fi-search-input_label--visible fi-label"
    >
      <label
        class="c2 fi-label_label-span"
        for="1"
      >
        Test search input
      </label>
    </div>
    <div
      class="c0 fi-search-input_functionality-container"
    >
      <div
        class="c0 fi-search-input_input-element-container"
      >
        <input
          aria-invalid="false"
          class="c5 fi-search-input_input"
          data-testid="searchinput"
          id="1"
          role="searchbox"
          type="search"
          value=""
        />
      </div>
      <button
        class="c6 fi-input-clear-button c7 fi-search-input_button fi-search-input_button-clear"
        hidden=""
        tabindex="-1"
        type="button"
      >
        <span
          class="c2 c8 fi-visually-hidden"
        >
          Clear
        </span>
        <svg
          aria-hidden="true"
          class="fi-icon c9 fi-input-clear-button_icon"
          focusable="false"
          height="1em"
          viewBox="0 0 24 24"
          width="1em"
          xmlns="http://www.w3.org/2000/svg"
        >
          <path
            class="fi-icon-base-fill"
            d="M4.75 3.3 12 10.55l7.25-7.25a1.026 1.026 0 0 1 1.45 1.45L13.45 12l7.25 7.25a1.026 1.026 0 0 1-1.45 1.45L12 13.45 4.75 20.7a1.026 1.026 0 0 1-1.45-1.45L10.55 12 3.3 4.75A1.026 1.026 0 0 1 4.75 3.3Z"
            fill="#222"
            fill-rule="evenodd"
          />
        </svg>
      </button>
      <button
        class="c6 fi-search-input_button fi-search-input_button-search"
        hidden=""
        tabindex="-1"
        type="button"
      >
        <span
          class="c2 c8 fi-visually-hidden"
        >
          Search
        </span>
        <svg
          aria-hidden="true"
          class="fi-icon c10 fi-search-input_button-search-icon"
          focusable="false"
          height="1em"
          viewBox="0 0 24 24"
          width="1em"
          xmlns="http://www.w3.org/2000/svg"
        >
          <path
            class="fi-icon-base-fill"
            d="M9 0c4.962 0 9 4.038 9 9.001a8.955 8.955 0 0 1-1.971 5.614l7.678 7.678a.999.999 0 1 1-1.414 1.414l-7.678-7.678A8.957 8.957 0 0 1 9 18c-4.962 0-9-4.037-9-8.999C0 4.038 4.038 0 9 0Zm0 2C5.14 2 2 5.141 2 9.001 2 12.86 5.14 16 9 16s7-3.14 7-6.999C16 5.141 12.86 2 9 2Z"
            fill="#222"
            fill-rule="evenodd"
          />
        </svg>
      </button>
    </div>
    <span
      aria-atomic="true"
      aria-live="assertive"
      class="c2 c11 fi-status-text"
      id="1-statusText"
    />
  </span>
</div>
`;
