// Jest Snapshot v1, https://goo.gl/fbAQLP

exports[`calling render with the same component on the same container does not remount 1`] = `
.c2 {
  line-height: 1.15;
  -ms-text-size-adjust: 100%;
  -webkit-text-size-adjust: 100%;
  background-color: transparent;
  margin: 0;
  padding: 0;
  border: 0;
  box-sizing: border-box;
  font: 100% inherit;
  line-height: 1;
  text-align: left;
  -webkit-text-decoration: none;
  text-decoration: none;
  vertical-align: baseline;
  color: inherit;
  background: none;
  cursor: inherit;
  display: inline;
  -webkit-text-decoration: underline;
  text-decoration: underline;
}

.c2:hover,
.c2:active,
.c2:focus,
.c2:focus-within {
  color: inherit;
  -webkit-text-decoration: underline;
  text-decoration: underline;
  cursor: pointer;
}

.c4 {
  line-height: 1.15;
  -ms-text-size-adjust: 100%;
  -webkit-text-size-adjust: 100%;
  margin: 0;
  padding: 0;
  border: 0;
  box-sizing: border-box;
  font: 100% inherit;
  line-height: 1;
  text-align: left;
  -webkit-text-decoration: none;
  text-decoration: none;
  vertical-align: baseline;
  color: inherit;
  background: none;
  cursor: inherit;
  display: inline;
  max-width: 100%;
  word-wrap: normal;
  word-break: normal;
  white-space: normal;
}

.c5 {
  display: inline-block;
  vertical-align: baseline;
}

.c3 {
  position: absolute;
  -webkit-clip: rect(0 0 0 0);
  clip: rect(0 0 0 0);
  height: 1px;
  width: 1px;
  margin: -1px;
  padding: 0;
  border: 0;
  overflow: hidden;
}

.c0 .fi-link_icon {
  padding-left: 4px;
  -webkit-transform: translateY(0.1em);
  -ms-transform: translateY(0.1em);
  transform: translateY(0.1em);
}

.c1 {
  color: hsl(0,0%,16%);
  -webkit-letter-spacing: 0;
  -moz-letter-spacing: 0;
  -ms-letter-spacing: 0;
  letter-spacing: 0;
  -webkit-text-decoration: none;
  text-decoration: none;
  word-break: break-word;
  overflow-wrap: break-word;
  -webkit-font-smoothing: antialiased;
  font-family: 'Source Sans Pro','Helvetica Neue','Arial',sans-serif;
  font-size: 18px;
  line-height: 1.5;
  font-weight: 400;
  color: hsl(212,63%,45%);
  -webkit-text-decoration: none;
  text-decoration: none;
}

.c1:focus {
  outline: 0;
  position: relative;
}

.c1:focus:after {
  content: '';
  position: absolute;
  top: -4px;
  right: -4px;
  bottom: -4px;
  left: -4px;
  border-radius: 4px;
  background-color: transparent;
  border: 1px solid hsl(23,82%,53%);
  box-sizing: border-box;
  box-shadow: 0 0 10px 0 hsl(23,82%,53%);
  z-index: 9999;
}

.c1:focus:not(:focus-visible):after {
  content: none;
}

.c1:hover,
.c1:active,
.c1:focus,
.c1:focus-within {
  color: hsl(212,63%,45%);
}

.c1:hover,
.c1:active,
.c1:focus,
.c1:focus-within {
  -webkit-text-decoration: underline;
  text-decoration: underline;
}

.c1:visited {
  color: hsl(284,36%,45%);
}

<a
  class="c0 c1 fi-link c2 fi-link--external sc-bdVaJa c2"
  data-testid="test-link"
  href="/"
  rel="noopener"
  target="_blank"
>
  Hey this is test
  <span
    class="fi-visually-hidden c3 c4"
  >
    Opens in a new window
  </span>
  <svg
    aria-hidden="true"
    class="fi-link_icon c5"
    focusable="false"
    height="1em"
    style="fill: currentColor;"
    viewBox="0 0 24 24"
    width="1em"
  >
    <path
      d="M21 4.414l-7.793 7.793a.997.997 0 01-1.414 0 .999.999 0 010-1.414L19.586 3h-3.243a1 1 0 010-2H22a1 1 0 011 1v5.657a1 1 0 01-2 0V4.414zM4 22c-1.103 0-2-.897-2-2V6c0-1.103.897-2 2-2h8a1 1 0 010 2H4v14h15v-8a1 1 0 012 0v8c0 1.103-.897 2-2 2H4z"
    />
  </svg>
</a>
`;
