// Jest Snapshot v1, https://goo.gl/fbAQLP

exports[`calling render with the same component on the same container does not remount 1`] = `
.c1 {
  line-height: 1.15;
  -ms-text-size-adjust: 100%;
  -webkit-text-size-adjust: 100%;
  background-color: transparent;
  margin: 0;
  padding: 0;
  border: 0;
  box-sizing: border-box;
  font: 100% inherit;
  line-height: 1;
  text-align: left;
  -webkit-text-decoration: none;
  text-decoration: none;
  vertical-align: baseline;
  color: inherit;
  background: none;
  cursor: inherit;
  display: inline;
  -webkit-text-decoration: underline;
  text-decoration: underline;
}

.c1:hover,
.c1:active,
.c1:focus,
.c1:focus-within {
  color: inherit;
  -webkit-text-decoration: underline;
  text-decoration: underline;
  cursor: pointer;
}

.c0 {
  color: hsl(0,0%,16%);
  -webkit-letter-spacing: 0;
  -moz-letter-spacing: 0;
  -ms-letter-spacing: 0;
  letter-spacing: 0;
  -webkit-text-decoration: none;
  text-decoration: none;
  word-break: break-word;
  overflow-wrap: break-word;
  -webkit-font-smoothing: antialiased;
  font-family: 'Source Sans Pro','Helvetica Neue','Arial',sans-serif;
  font-size: 18px;
  line-height: 1.5;
  font-weight: 400;
  color: hsl(212,63%,45%);
  -webkit-text-decoration: none;
  text-decoration: none;
}

.c0:focus {
  outline: 0;
  position: relative;
}

.c0:focus:after {
  content: '';
  position: absolute;
  top: -4px;
  right: -4px;
  bottom: -4px;
  left: -4px;
  border-radius: 4px;
  background-color: transparent;
  border: 1px solid hsl(23,82%,53%);
  box-sizing: border-box;
  box-shadow: 0 0 10px 0 hsl(23,82%,53%);
  z-index: 9999;
}

.c0:focus:not(:focus-visible):after {
  content: none;
}

.c0:hover,
.c0:active,
.c0:focus,
.c0:focus-within {
  color: hsl(212,63%,45%);
}

.c0:hover,
.c0:active,
.c0:focus,
.c0:focus-within {
  -webkit-text-decoration: underline;
  text-decoration: underline;
}

.c0:visited {
  color: hsl(284,36%,45%);
}

<a
  class="c0 fi-link c1"
  data-testid="test-link"
  href="/"
>
  Hey this is test
</a>
`;
