// Jest Snapshot v1, https://goo.gl/fbAQLP

exports[`props children should match snapshot 1`] = `
.c4 {
  line-height: 1.15;
  -ms-text-size-adjust: 100%;
  -webkit-text-size-adjust: 100%;
  margin: 0;
  overflow: visible;
  text-transform: none;
  -webkit-appearance: button;
  margin: 0;
  padding: 0;
  border: 0;
  box-sizing: border-box;
  font: 100% inherit;
  line-height: 1;
  text-align: left;
  -webkit-text-decoration: none;
  text-decoration: none;
  vertical-align: baseline;
  color: inherit;
  background: none;
  cursor: inherit;
  display: inline-block;
  max-width: 100%;
  cursor: pointer;
}

.c4:-moz-focusring {
  outline: 1px dotted ButtonText;
}

.c4::-moz-focus-inner {
  border-style: none;
  padding: 0;
}

.c4::-webkit-file-upload-button {
  -webkit-appearance: button;
  font: inherit;
}

.c4::-webkit-inner-spin-button {
  height: auto;
}

.c4::-webkit-outer-spin-button {
  height: auto;
}

.c4::before,
.c4::after {
  box-sizing: border-box;
}

.c2 {
  line-height: 1.15;
  -ms-text-size-adjust: 100%;
  -webkit-text-size-adjust: 100%;
  margin: 0;
  padding: 0;
  border: 0;
  box-sizing: border-box;
  font: 100% inherit;
  line-height: 1;
  text-align: left;
  -webkit-text-decoration: none;
  text-decoration: none;
  vertical-align: baseline;
  color: inherit;
  background: none;
  cursor: inherit;
  display: block;
  max-width: 100%;
  word-wrap: normal;
  word-break: normal;
  white-space: normal;
}

.c2::before,
.c2::after {
  box-sizing: border-box;
}

.c0 {
  line-height: 1.15;
  -ms-text-size-adjust: 100%;
  -webkit-text-size-adjust: 100%;
  margin: 0;
  padding: 0;
  border: 0;
  box-sizing: border-box;
  font: 100% inherit;
  line-height: 1;
  text-align: left;
  -webkit-text-decoration: none;
  text-decoration: none;
  vertical-align: baseline;
  color: inherit;
  background: none;
  cursor: inherit;
  display: block;
  max-width: 100%;
  word-wrap: normal;
  word-break: normal;
  white-space: normal;
}

.c0::before,
.c0::after {
  box-sizing: border-box;
}

.c5 {
  vertical-align: baseline;
}

.c5.fi-icon {
  display: inline-block;
}

.c5 .fi-icon-base-fill {
  fill: currentColor;
}

.c5 .fi-icon-base-stroke {
  stroke: currentColor;
}

.c5.fi-icon--cursor-pointer {
  cursor: pointer;
}

.c5.fi-icon--cursor-pointer * {
  cursor: inherit;
}

.c3 {
  vertical-align: baseline;
}

.c3.fi-icon {
  display: inline-block;
}

.c3 .fi-icon-base-fill {
  fill: currentColor;
}

.c3 .fi-icon-base-stroke {
  stroke: currentColor;
}

.c3.fi-icon--cursor-pointer {
  cursor: pointer;
}

.c3.fi-icon--cursor-pointer * {
  cursor: inherit;
}

.c1.fi-alert {
  color: hsl(0,0%,13%);
  -webkit-letter-spacing: 0;
  -moz-letter-spacing: 0;
  -ms-letter-spacing: 0;
  letter-spacing: 0;
  -webkit-text-decoration: none;
  text-decoration: none;
  word-break: break-word;
  overflow-wrap: break-word;
  -webkit-font-smoothing: antialiased;
  font-family: 'Source Sans Pro','Helvetica Neue','Arial',sans-serif;
  font-size: 16px;
  line-height: 1.5;
  font-weight: 400;
  width: 100%;
}

.c1.fi-alert .fi-alert_style-wrapper {
  display: -webkit-box;
  display: -webkit-flex;
  display: -ms-flexbox;
  display: flex;
  -webkit-align-items: flex-start;
  -webkit-box-align: flex-start;
  -ms-flex-align: flex-start;
  align-items: flex-start;
  max-width: 1110px;
  margin: auto;
}

.c1.fi-alert .fi-alert_style-wrapper .fi-alert_icon {
  margin-left: 20px;
  margin-top: 16px;
  min-height: 24px;
  min-width: 24px;
  height: 24px;
  width: 24px;
}

.c1.fi-alert .fi-alert_style-wrapper .fi-alert_close-button {
  -webkit-letter-spacing: 0;
  -moz-letter-spacing: 0;
  -ms-letter-spacing: 0;
  letter-spacing: 0;
  -webkit-text-decoration: none;
  text-decoration: none;
  word-break: break-word;
  overflow-wrap: break-word;
  -webkit-font-smoothing: antialiased;
  font-family: 'Source Sans Pro','Helvetica Neue','Arial',sans-serif;
  font-size: 16px;
  line-height: 1.5;
  font-weight: 400;
  height: 40px;
  display: inline-block;
  padding: 7px;
  margin: 7px 10px 8px 0;
  border: 1px solid transparent;
  border-radius: 2px;
  white-space: nowrap;
}

.c1.fi-alert .fi-alert_style-wrapper .fi-alert_close-button:focus-visible {
  position: relative;
  outline: 3px solid transparent;
}

.c1.fi-alert .fi-alert_style-wrapper .fi-alert_close-button:focus-visible:after {
  content: '';
  position: absolute;
  pointer-events: none;
  top: -2px;
  right: -2px;
  bottom: -2px;
  left: -2px;
  border-radius: 2px;
  background-color: transparent;
  border: 0px solid hsl(0,0%,100%);
  box-sizing: border-box;
  box-shadow: 0 0 0 2px hsl(196,77%,44%);
  z-index: 9999;
}

.c1.fi-alert .fi-alert_style-wrapper .fi-alert_close-button:active {
  background: linear-gradient(-180deg,hsl(202,7%,80%) 0%,hsla(0,0%,100%,0) 100%);
}

.c1.fi-alert .fi-alert_style-wrapper .fi-alert_close-button:hover {
  border-color: hsl(0,0%,13%);
}

.c1.fi-alert .fi-alert_style-wrapper .fi-alert_close-button .fi-icon {
  width: 14px;
  height: 14px;
  margin-left: 5px;
  -webkit-transform: translateY(0.1em);
  -ms-transform: translateY(0.1em);
  transform: translateY(0.1em);
}

.c1.fi-alert .fi-alert_style-wrapper .fi-alert_close-button .fi-icon .fi-icon-base-fill {
  fill: currentColor;
}

.c1.fi-alert .fi-alert_style-wrapper .fi-alert_text-content-wrapper {
  display: -webkit-box;
  display: -webkit-flex;
  display: -ms-flexbox;
  display: flex;
  -webkit-flex-direction: column;
  -ms-flex-direction: column;
  flex-direction: column;
  padding: 0 20px;
  margin: 15px auto 15px 0;
}

.c1.fi-alert .fi-alert_style-wrapper .fi-alert_text-content-wrapper .fi-alert_content {
  vertical-align: middle;
  -webkit-letter-spacing: 0;
  -moz-letter-spacing: 0;
  -ms-letter-spacing: 0;
  letter-spacing: 0;
  -webkit-text-decoration: none;
  text-decoration: none;
  word-break: break-word;
  overflow-wrap: break-word;
  -webkit-font-smoothing: antialiased;
  font-family: 'Source Sans Pro','Helvetica Neue','Arial',sans-serif;
  font-size: 16px;
  line-height: 1.5;
  font-weight: 400;
}

.c1.fi-alert.fi-alert--neutral {
  background-color: hsl(216,100%,96%);
  border-bottom: 1px solid rgba(23,112,238,0.2);
}

.c1.fi-alert.fi-alert--neutral .fi-alert_style-wrapper .fi-alert_icon--neutral .fi-icon-base-fill {
  fill: hsl(0,0%,13%);
}

.c1.fi-alert.fi-alert--error {
  background-color: hsl(3,59%,43%);
  color: hsl(0,0%,100%);
}

.c1.fi-alert.fi-alert--error .fi-alert_style-wrapper .fi-alert_icon--error .fi-icon-base-fill {
  fill: hsl(0,0%,100%);
}

.c1.fi-alert.fi-alert--warning {
  background-color: hsl(42,93%,50%);
}

.c1.fi-alert.fi-alert--warning .fi-alert_style-wrapper .fi-alert_icon--warning .fi-icon-base-fill {
  fill: hsl(0,0%,13%);
}

.c1.fi-alert.fi-alert--small-screen .fi-alert_style-wrapper {
  width: 100%;
}

.c1.fi-alert.fi-alert--small-screen .fi-alert_style-wrapper .fi-alert_text-content-wrapper {
  padding: 0 0 0 10px;
}

.c1.fi-alert.fi-alert--small-screen .fi-alert_style-wrapper .fi-alert_close-button {
  margin: 0;
}

.c1.fi-alert.fi-alert--small-screen .fi-alert_style-wrapper .fi-alert_close-button .fi-icon {
  margin-right: 5px;
}

<div>
  <section
    class="c0 fi-alert c1 fi-alert--neutral"
  >
    <div
      class="c2 fi-alert_style-wrapper"
    >
      <svg
        aria-hidden="true"
        class="fi-icon c3 fi-alert_icon fi-alert_icon--neutral"
        focusable="false"
        height="1em"
        viewBox="0 0 24 24"
        width="1em"
        xmlns="http://www.w3.org/2000/svg"
      >
        <path
          class="fi-icon-base-fill"
          d="M12 0c6.617 0 12 5.383 12 12s-5.383 12-12 12S0 18.617 0 12 5.383 0 12 0Zm0 2C6.486 2 2 6.486 2 12s4.486 10 10 10 10-4.486 10-10S17.514 2 12 2Zm.003 8a1 1 0 0 1 1 1v6h1a1 1 0 0 1 0 2H10a1 1 0 0 1 0-2h1v-5h-1a1 1 0 0 1 0-2h2.003Zm-.501-5a1.5 1.5 0 0 1 .145 2.994L11.502 8H11.5a1.5 1.5 0 1 1 0-3h.002Z"
          fill="#222"
          fill-rule="evenodd"
        />
      </svg>
      <div
        class="c2 fi-alert_text-content-wrapper"
        id="7"
        role="alert"
      >
        <div
          class="c2 fi-alert_content"
        >
          <div>
            Test alert
          </div>
        </div>
      </div>
      <button
        aria-describedby="7"
        aria-label="Close"
        class="c4 fi-alert_close-button"
        type="button"
      >
        Close
        <svg
          aria-hidden="true"
          class="fi-icon c5"
          focusable="false"
          height="1em"
          viewBox="0 0 24 24"
          width="1em"
          xmlns="http://www.w3.org/2000/svg"
        >
          <path
            class="fi-icon-base-fill"
            d="M4.75 3.3 12 10.55l7.25-7.25a1.026 1.026 0 0 1 1.45 1.45L13.45 12l7.25 7.25a1.026 1.026 0 0 1-1.45 1.45L12 13.45 4.75 20.7a1.026 1.026 0 0 1-1.45-1.45L10.55 12 3.3 4.75A1.026 1.026 0 0 1 4.75 3.3Z"
            fill="#222"
            fill-rule="evenodd"
          />
        </svg>
      </button>
    </div>
  </section>
</div>
`;
