// Jest Snapshot v1, https://goo.gl/fbAQLP

exports[`children should match snapshot 1`] = `
.c2 {
  line-height: 1.15;
  -ms-text-size-adjust: 100%;
  -webkit-text-size-adjust: 100%;
  margin: 0;
  padding: 0;
  border: 0;
  box-sizing: border-box;
  font: 100% inherit;
  line-height: 1;
  text-align: left;
  text-decoration: none;
  vertical-align: baseline;
  color: inherit;
  background: none;
  cursor: inherit;
  display: block;
  max-width: 100%;
  word-wrap: normal;
  word-break: normal;
  white-space: normal;
}

.c2 ::before,
.c2 ::after {
  box-sizing: border-box;
}

.c0 {
  line-height: 1.15;
  -ms-text-size-adjust: 100%;
  -webkit-text-size-adjust: 100%;
  margin: 0;
  padding: 0;
  border: 0;
  box-sizing: border-box;
  font: 100% inherit;
  line-height: 1;
  text-align: left;
  text-decoration: none;
  vertical-align: baseline;
  color: inherit;
  background: none;
  cursor: inherit;
  display: block;
  max-width: 100%;
  word-wrap: normal;
  word-break: normal;
  white-space: normal;
}

.c0 ::before,
.c0 ::after {
  box-sizing: border-box;
}

.c1.fi-inline-alert {
  color: hsl(0, 0%, 13%);
  letter-spacing: 0;
  text-decoration: none;
  word-break: break-word;
  overflow-wrap: break-word;
  -webkit-font-smoothing: antialiased;
  font-family: 'Source Sans Pro','Helvetica Neue','Arial',sans-serif;
  font-size: 16px;
  line-height: 1.5;
  font-weight: 400;
  width: 100%;
  padding: 5px 0px 4px 0px;
  border: 1px solid;
}

.c1.fi-inline-alert .fi-inline-alert_style-wrapper {
  display: flex;
  align-items: flex-start;
}

.c1.fi-inline-alert .fi-inline-alert_icon {
  margin-left: 20px;
  margin-top: 16px;
  min-height: 24px;
  min-width: 24px;
  height: 24px;
  width: 24px;
}

.c1.fi-inline-alert .fi-inline-alert_text-content-wrapper {
  display: flex;
  flex-direction: column;
  width: 100%;
  padding: 0 15px;
  margin: 15px 0;
}

.c1.fi-inline-alert .fi-inline-alert_text-content-wrapper .fi-inline-alert_label {
  letter-spacing: 0;
  text-decoration: none;
  word-break: break-word;
  overflow-wrap: break-word;
  -webkit-font-smoothing: antialiased;
  font-family: 'Source Sans Pro','Helvetica Neue','Arial',sans-serif;
  font-size: 18px;
  line-height: 1.5;
  font-weight: 600;
  margin-bottom: 5px;
}

.c1.fi-inline-alert .fi-inline-alert_text-content-wrapper .fi-inline-alert_content {
  letter-spacing: 0;
  text-decoration: none;
  word-break: break-word;
  overflow-wrap: break-word;
  -webkit-font-smoothing: antialiased;
  font-family: 'Source Sans Pro','Helvetica Neue','Arial',sans-serif;
  font-size: 16px;
  line-height: 1.5;
  font-weight: 400;
  vertical-align: middle;
}

.c1.fi-inline-alert.fi-inline-alert--neutral {
  background-color: hsl(216, 100%, 96%);
  border-color: rgba(23,112,238,0.2);
  border-left: 4px solid hsl(215, 86%, 51%);
}

.c1.fi-inline-alert.fi-inline-alert--neutral .fi-inline-alert_text-content-wrapper {
  padding-left: 20px;
}

.c1.fi-inline-alert.fi-inline-alert--error {
  background-color: hsl(0, 59%, 96%);
  border-color: rgba(174,51,45,0.2);
  border-left: 4px solid hsl(3, 59%, 43%);
}

.c1.fi-inline-alert.fi-inline-alert--error .fi-inline-alert_icon--error .fi-icon-base-fill {
  fill: hsl(0, 0%, 13%);
}

.c1.fi-inline-alert.fi-inline-alert--warning {
  background-color: hsl(42, 100%, 94%);
  border-color: rgba(246,175,9,0.2);
  border-left: 4px solid hsl(42, 93%, 50%);
}

.c1.fi-inline-alert.fi-inline-alert--warning .fi-inline-alert_icon--warning .fi-icon-base-fill {
  fill: hsl(0, 0%, 13%);
}

.c1.fi-inline-alert.fi-inline-alert--small-screen .fi-inline-alert_icon {
  margin-left: 15px;
}

.c1.fi-inline-alert.fi-inline-alert--small-screen .fi-inline-alert_text-content-wrapper {
  padding: 0 10px 0 10px;
}

<div>
  <section
    class="c0 fi-inline-alert c1 fi-inline-alert--neutral"
  >
    <div
      class="c2 fi-inline-alert_style-wrapper"
    >
      <div
        class="c2 fi-inline-alert_text-content-wrapper"
        id="3"
      >
        <div
          class="c2 fi-inline-alert_content"
        >
          <div>
            Test alert
          </div>
        </div>
      </div>
    </div>
  </section>
</div>
`;
