// Jest Snapshot v1, https://goo.gl/fbAQLP

exports[`has matching snapshot 1`] = `
.c8 {
  line-height: 1.15;
  -ms-text-size-adjust: 100%;
  -webkit-text-size-adjust: 100%;
  margin: 0;
  overflow: visible;
  text-transform: none;
  -webkit-appearance: button;
  margin: 0;
  padding: 0;
  border: 0;
  box-sizing: border-box;
  font: 100% inherit;
  line-height: 1;
  text-align: left;
  -webkit-text-decoration: none;
  text-decoration: none;
  vertical-align: baseline;
  color: inherit;
  background: none;
  cursor: inherit;
  display: inline-block;
  max-width: 100%;
  cursor: pointer;
}

.c8:-moz-focusring {
  outline: 1px dotted ButtonText;
}

.c8::-moz-focus-inner {
  border-style: none;
  padding: 0;
}

.c8::-webkit-file-upload-button {
  -webkit-appearance: button;
  font: inherit;
}

.c8::-webkit-inner-spin-button {
  height: auto;
}

.c8::-webkit-outer-spin-button {
  height: auto;
}

.c8::before,
.c8::after {
  box-sizing: border-box;
}

.c0 {
  line-height: 1.15;
  -ms-text-size-adjust: 100%;
  -webkit-text-size-adjust: 100%;
  margin: 0;
  padding: 0;
  border: 0;
  box-sizing: border-box;
  font: 100% inherit;
  line-height: 1;
  text-align: left;
  -webkit-text-decoration: none;
  text-decoration: none;
  vertical-align: baseline;
  color: inherit;
  background: none;
  cursor: inherit;
  display: block;
  max-width: 100%;
  word-wrap: normal;
  word-break: normal;
  white-space: normal;
}

.c0::before,
.c0::after {
  box-sizing: border-box;
}

.c3 {
  line-height: 1.15;
  -ms-text-size-adjust: 100%;
  -webkit-text-size-adjust: 100%;
  margin: 0;
  padding: 0;
  border: 0;
  box-sizing: border-box;
  font: 100% inherit;
  line-height: 1;
  text-align: left;
  -webkit-text-decoration: none;
  text-decoration: none;
  vertical-align: baseline;
  color: inherit;
  background: none;
  cursor: inherit;
  display: block;
  max-width: 100%;
  word-wrap: normal;
  word-break: normal;
  white-space: normal;
}

.c3::before,
.c3::after {
  box-sizing: border-box;
}

.c7 {
  line-height: 1.15;
  -ms-text-size-adjust: 100%;
  -webkit-text-size-adjust: 100%;
  margin: 0;
  overflow: visible;
  margin: 0;
  padding: 0;
  border: 0;
  box-sizing: border-box;
  font: 100% inherit;
  line-height: 1;
  text-align: left;
  -webkit-text-decoration: none;
  text-decoration: none;
  vertical-align: baseline;
  color: inherit;
  background: none;
  cursor: inherit;
  display: inline-block;
  max-width: 100%;
}

.c7::-webkit-input-placeholder {
  color: inherit;
  opacity: 0.54;
}

.c7::before,
.c7::after {
  box-sizing: border-box;
}

.c17 {
  line-height: 1.15;
  -ms-text-size-adjust: 100%;
  -webkit-text-size-adjust: 100%;
  margin: 0;
  padding: 0;
  border: 0;
  box-sizing: border-box;
  font: 100% inherit;
  line-height: 1;
  text-align: left;
  -webkit-text-decoration: none;
  text-decoration: none;
  vertical-align: baseline;
  color: inherit;
  background: none;
  cursor: inherit;
  display: list-item;
}

.c17::before,
.c17::after {
  box-sizing: border-box;
}

.c5 {
  line-height: 1.15;
  -ms-text-size-adjust: 100%;
  -webkit-text-size-adjust: 100%;
  margin: 0;
  padding: 0;
  border: 0;
  box-sizing: border-box;
  font: 100% inherit;
  line-height: 1;
  text-align: left;
  -webkit-text-decoration: none;
  text-decoration: none;
  vertical-align: baseline;
  color: inherit;
  background: none;
  cursor: inherit;
  display: inline;
  max-width: 100%;
  word-wrap: normal;
  word-break: normal;
  white-space: normal;
}

.c5::before,
.c5::after {
  box-sizing: border-box;
}

.c15 {
  line-height: 1.15;
  -ms-text-size-adjust: 100%;
  -webkit-text-size-adjust: 100%;
  margin: 0;
  padding: 0;
  border: 0;
  box-sizing: border-box;
  font: 100% inherit;
  line-height: 1;
  text-align: left;
  -webkit-text-decoration: none;
  text-decoration: none;
  vertical-align: baseline;
  color: inherit;
  background: none;
  cursor: inherit;
  display: block;
  list-style-type: decimal;
  margin-top: 1em;
  margin-bottom: 1em;
  margin-left: 0;
  margin-right: 0;
  padding-left: 40px;
}

.c15::before,
.c15::after {
  box-sizing: border-box;
}

.c10 {
  position: absolute;
  -webkit-clip: rect(0 0 0 0);
  clip: rect(0 0 0 0);
  height: 1px;
  width: 1px;
  margin: -1px;
  padding: 0;
  border: 0;
  overflow: hidden;
}

.c4.fi-label .fi-label_label-span {
  -webkit-letter-spacing: 0;
  -moz-letter-spacing: 0;
  -ms-letter-spacing: 0;
  letter-spacing: 0;
  -webkit-text-decoration: none;
  text-decoration: none;
  word-break: break-word;
  overflow-wrap: break-word;
  -webkit-font-smoothing: antialiased;
  font-family: 'Source Sans Pro','Helvetica Neue','Arial',sans-serif;
  font-size: 16px;
  line-height: 1.5;
  font-weight: 600;
  display: inline-block;
  vertical-align: middle;
  color: hsl(0,0%,13%);
}

.c4.fi-label .fi-label_label-span .fi-label_optional-text {
  font-family: 'Source Sans Pro','Helvetica Neue','Arial',sans-serif;
  font-size: 16px;
  line-height: 1.5;
  font-weight: 400;
}

.c4.fi-label .fi-label_label-span .fi-tooltip {
  margin-left: 6px;
}

.c6 {
  color: hsl(0,0%,13%);
  -webkit-letter-spacing: 0;
  -moz-letter-spacing: 0;
  -ms-letter-spacing: 0;
  letter-spacing: 0;
  -webkit-text-decoration: none;
  text-decoration: none;
  word-break: break-word;
  overflow-wrap: break-word;
  -webkit-font-smoothing: antialiased;
  font-family: 'Source Sans Pro','Helvetica Neue','Arial',sans-serif;
  font-size: 16px;
  line-height: 1.5;
  font-weight: 400;
}

.c6.fi-hint-text {
  display: block;
}

.c13 {
  vertical-align: baseline;
}

.c13.fi-icon {
  display: inline-block;
}

.c13 .fi-icon-base-fill {
  fill: currentColor;
}

.c13 .fi-icon-base-stroke {
  stroke: currentColor;
}

.c13.fi-icon--cursor-pointer {
  cursor: pointer;
}

.c13.fi-icon--cursor-pointer * {
  cursor: inherit;
}

.c19 {
  vertical-align: baseline;
}

.c19.fi-icon {
  display: inline-block;
}

.c19 .fi-icon-base-fill {
  fill: currentColor;
}

.c19 .fi-icon-base-stroke {
  stroke: currentColor;
}

.c19.fi-icon--cursor-pointer {
  cursor: pointer;
}

.c19.fi-icon--cursor-pointer * {
  cursor: inherit;
}

.c11 {
  vertical-align: baseline;
}

.c11.fi-icon {
  display: inline-block;
}

.c11 .fi-icon-base-fill {
  fill: currentColor;
}

.c11 .fi-icon-base-stroke {
  stroke: currentColor;
}

.c11.fi-icon--cursor-pointer {
  cursor: pointer;
}

.c11.fi-icon--cursor-pointer * {
  cursor: inherit;
}

.c14 {
  -webkit-letter-spacing: 0;
  -moz-letter-spacing: 0;
  -ms-letter-spacing: 0;
  letter-spacing: 0;
  -webkit-text-decoration: none;
  text-decoration: none;
  word-break: break-word;
  overflow-wrap: break-word;
  -webkit-font-smoothing: antialiased;
  font-family: 'Source Sans Pro','Helvetica Neue','Arial',sans-serif;
  font-size: 16px;
  line-height: 1.5;
  font-weight: 600;
  color: hsl(0,0%,13%);
  font-size: 14px;
  line-height: 20px;
}

.c14.fi-status-text {
  display: block;
}

.c14.fi-status-text.fi-status-text--error {
  color: hsl(3,59%,43%);
}

.c14.fi-status-text .fi-icon {
  vertical-align: middle;
  -webkit-transform: translateY(-0.1em);
  -ms-transform: translateY(-0.1em);
  transform: translateY(-0.1em);
  margin-right: 5px;
}

.c2 {
  -webkit-letter-spacing: 0;
  -moz-letter-spacing: 0;
  -ms-letter-spacing: 0;
  letter-spacing: 0;
  -webkit-text-decoration: none;
  text-decoration: none;
  word-break: break-word;
  overflow-wrap: break-word;
  -webkit-font-smoothing: antialiased;
  font-family: 'Source Sans Pro','Helvetica Neue','Arial',sans-serif;
  font-size: 18px;
  line-height: 1.5;
  font-weight: 400;
}

.c2 .fi-filter-input_wrapper {
  display: inline-block;
  width: 100%;
}

.c2 .fi-filter-input_wrapper .fi-filter-input_label--visible {
  margin-bottom: 10px;
}

.c2 .fi-filter-input_wrapper .fi-hint-text {
  margin-bottom: 10px;
}

.c2 .fi-filter-input_functionalityContainer {
  line-height: 1.5;
  position: relative;
}

.c2 .fi-filter-input_functionalityContainer .fi-filter-input_action-elements-container {
  position: absolute;
  height: 40px;
  right: 0;
  top: 0;
  display: -webkit-box;
  display: -webkit-flex;
  display: -ms-flexbox;
  display: flex;
  -webkit-flex-direction: row;
  -ms-flex-direction: row;
  flex-direction: row;
  -webkit-align-items: center;
  -webkit-box-align: center;
  -ms-flex-align: center;
  align-items: center;
}

.c2 .fi-filter-input_functionalityContainer .fi-filter-input_action-elements-container > * {
  box-sizing: content-box;
  display: -webkit-box;
  display: -webkit-flex;
  display: -ms-flexbox;
  display: flex;
  padding: 0 8px;
  -webkit-flex: 0 0 auto;
  -ms-flex: 0 0 auto;
  flex: 0 0 auto;
}

.c2 .fi-filter-input_functionalityContainer .fi-filter-input_action-elements-container :not(:last-child) {
  border-right: 1px solid hsl(202,7%,67%);
  padding-right: 8px;
  height: 20px;
}

.c2 .fi-filter-input_functionalityContainer .fi-filter-input_statusText--has-content {
  margin-top: 5px;
}

.c2 .fi-filter-input_input-element-container > input:focus {
  outline-color: hsl(196,77%,44%);
  outline-width: 2px;
  outline-offset: 2px;
  outline-style: solid;
}

.c2 .fi-filter-input_input-element-container:focus-within > input:focus {
  outline: none;
}

.c2 .fi-filter-input_input-element-container:focus-within {
  position: relative;
}

.c2 .fi-filter-input_input-element-container:focus-within::after {
  content: '';
  position: absolute;
  pointer-events: none;
  top: -2px;
  right: -2px;
  bottom: -2px;
  left: -2px;
  border-radius: 2px;
  background-color: transparent;
  border: 0px solid hsl(0,0%,100%);
  box-sizing: border-box;
  box-shadow: 0 0 0 2px hsl(196,77%,44%);
  z-index: 9999;
}

.c2 .fi-filter-input_input {
  color: hsl(0,0%,13%);
  -webkit-letter-spacing: 0;
  -moz-letter-spacing: 0;
  -ms-letter-spacing: 0;
  letter-spacing: 0;
  -webkit-text-decoration: none;
  text-decoration: none;
  word-break: break-word;
  overflow-wrap: break-word;
  -webkit-font-smoothing: antialiased;
  font-family: 'Source Sans Pro','Helvetica Neue','Arial',sans-serif;
  font-size: 16px;
  line-height: 1.5;
  font-weight: 400;
  min-width: 245px;
  max-width: 100%;
  padding: 8px 16px;
  border: 1px solid hsl(202,7%,80%);
  border-radius: 2px;
  line-height: 1;
  background-color: hsl(0,0%,100%);
  min-width: 40px;
  width: 100%;
  min-height: 40px;
  padding-left: 10px;
  border-color: hsl(201,7%,58%);
}

.c2 .fi-filter-input_input::-webkit-input-placeholder {
  font-style: italic;
  color: hsl(201,7%,46%);
  opacity: 1;
}

.c2 .fi-filter-input_input::-moz-placeholder {
  font-style: italic;
  color: hsl(201,7%,46%);
  opacity: 1;
}

.c2 .fi-filter-input_input:-ms-input-placeholder {
  font-style: italic;
  color: hsl(201,7%,46%);
  opacity: 1;
}

.c2 .fi-filter-input_input::placeholder {
  font-style: italic;
  color: hsl(201,7%,46%);
  opacity: 1;
}

.c2.fi-filter-input--error .fi-filter-input_input {
  border-color: hsl(3,59%,43%);
  border-width: 2px;
}

.c2.fi-filter-input--disabled .fi-filter-input_input {
  color: hsl(202,7%,67%);
  background-color: hsl(202,7%,97%);
  border-color: hsl(202,7%,80%);
  cursor: not-allowed;
}

.c2.fi-filter-input--label-align-left .fi-filter-input_wrapper {
  display: -webkit-box;
  display: -webkit-flex;
  display: -ms-flexbox;
  display: flex;
  -webkit-flex-direction: row;
  -ms-flex-direction: row;
  flex-direction: row;
  -webkit-align-items: flex-start;
  -webkit-box-align: flex-start;
  -ms-flex-align: flex-start;
  align-items: flex-start;
}

.c2.fi-filter-input--label-align-left .fi-filter-input_wrapper .fi-label {
  padding-right: 10px;
  padding-top: 8px;
  -webkit-align-self: flex-start;
  -ms-flex-item-align: start;
  align-self: flex-start;
}

.c2.fi-filter-input--label-align-left .fi-filter-input_wrapper .fi-label .fi-label_label-span {
  margin-bottom: 0;
}

.c9 {
  position: relative;
  cursor: pointer;
  pointer-events: all;
  height: 20px;
  width: 20px;
  -webkit-box-pack: center;
  -webkit-justify-content: center;
  -ms-flex-pack: center;
  justify-content: center;
  -webkit-align-items: center;
  -webkit-box-align: center;
  -ms-flex-align: center;
  align-items: center;
}

.c9:focus {
  outline: 3px solid transparent;
}

.c9:focus:after {
  content: '';
  position: absolute;
  pointer-events: none;
  top: -2px;
  right: -2px;
  bottom: -2px;
  left: -2px;
  border-radius: 2px;
  background-color: transparent;
  border: 0px solid hsl(0,0%,100%);
  box-sizing: border-box;
  box-shadow: 0 0 0 2px hsl(196,77%,44%);
  z-index: 9999;
}

.c9.fi-input-clear-button {
  display: -webkit-box;
  display: -webkit-flex;
  display: -ms-flexbox;
  display: flex;
}

.c9.fi-input-clear-button .fi-input-clear-button_icon {
  width: 16px;
  height: 16px;
}

.c9.fi-input-clear-button .fi-input-clear-button_icon .fi-icon-base-fill {
  fill: hsl(212,63%,37%);
}

.c9.fi-input-clear-button[disabled],
.c9.fi-input-clear-button:disabled {
  cursor: not-allowed;
}

.c9.fi-input-clear-button[disabled] .fi-input-clear-button_icon .fi-icon-base-fill,
.c9.fi-input-clear-button:disabled .fi-input-clear-button_icon .fi-icon-base-fill {
  fill: hsl(202,7%,67%);
}

.c16 {
  -webkit-letter-spacing: 0;
  -moz-letter-spacing: 0;
  -ms-letter-spacing: 0;
  letter-spacing: 0;
  -webkit-text-decoration: none;
  text-decoration: none;
  word-break: break-word;
  overflow-wrap: break-word;
  -webkit-font-smoothing: antialiased;
  font-family: 'Source Sans Pro','Helvetica Neue','Arial',sans-serif;
  font-size: 18px;
  line-height: 1.5;
  font-weight: 400;
  list-style-type: none;
  box-sizing: content-box;
  max-height: 265px;
  background-color: hsl(0,0%,100%);
  border-width: 0 1px 1px 1px;
  border-style: solid;
  border-color: hsl(201,7%,58%);
  border-bottom-left-radius: 2px;
  border-bottom-right-radius: 2px;
  margin: 0;
  padding: 4px 0 0 0;
}

.c16:focus {
  outline: none;
}

.c16 .fi-select-item-list_content_wrapper {
  display: block;
  width: 100%;
  max-height: inherit;
  overflow-y: auto;
  overflow-x: hidden;
}

.c18 {
  position: relative;
  padding: 8px 32px 8px 10px;
  -webkit-letter-spacing: 0;
  -moz-letter-spacing: 0;
  -ms-letter-spacing: 0;
  letter-spacing: 0;
  -webkit-text-decoration: none;
  text-decoration: none;
  word-break: break-word;
  overflow-wrap: break-word;
  -webkit-font-smoothing: antialiased;
  font-family: 'Source Sans Pro','Helvetica Neue','Arial',sans-serif;
  font-size: 16px;
  line-height: 1.5;
  font-weight: 400;
}

.c18:focus {
  outline: none;
}

.c18.fi-select-item {
  cursor: pointer;
}

.c18.fi-select-item .fi-select-item--query_highlight {
  background-color: transparent;
  font-weight: bold;
}

.c18.fi-select-item .fi-select-item_icon {
  position: absolute;
  top: 14px;
  right: 10px;
  height: 12px;
  width: 12px;
}

.c18.fi-select-item--selected {
  background-color: hsl(215,100%,95%);
  color: hsl(0,0%,13%);
}

.c18.fi-select-item--selected .fi-select-item--query_highlight {
  color: hsl(0,0%,13%);
}

.c18.fi-select-item--hasKeyboardFocus {
  background-color: hsl(212,63%,45%);
  color: hsl(0,0%,100%);
}

.c18.fi-select-item--hasKeyboardFocus .fi-select-item--query_highlight {
  color: hsl(0,0%,100%);
  background-color: hsl(212,63%,45%);
}

.c18.fi-select-item--disabled {
  color: hsl(202,7%,67%);
  cursor: not-allowed;
}

.c18.fi-select-item--disabled .fi-select-item--query_highlight {
  color: hsl(202,7%,67%);
}

.c18.fi-select-item--disabled.fi-select-item:hover {
  color: hsl(202,7%,67%);
}

.c18.fi-select-item--disabled.fi-select-item:hover .fi-select-item--query_highlight {
  color: hsl(202,7%,67%);
}

.c18.fi-select-item:hover {
  background-color: hsl(212,63%,45%);
  color: hsl(0,0%,100%);
}

.c18.fi-select-item:hover .fi-select-item--query_highlight {
  color: hsl(0,0%,100%);
}

.c18 .fi-select-item_wrapper {
  display: inline-block;
  width: 100%;
}

.c12 {
  width: 20px;
  height: 20px;
  cursor: pointer;
  pointer-events: all;
  -webkit-box-pack: center;
  -webkit-justify-content: center;
  -ms-flex-pack: center;
  justify-content: center;
  -webkit-align-items: center;
  -webkit-box-align: center;
  -ms-flex-align: center;
  align-items: center;
}

.c12.fi-input-toggle-button {
  display: -webkit-box;
  display: -webkit-flex;
  display: -ms-flexbox;
  display: flex;
  height: 100%;
}

.c12.fi-input-toggle-button .fi-input-toggle-button_icon {
  pointer-events: none;
  width: 10px;
  height: 10px;
}

.c12.fi-input-toggle-button .fi-input-toggle-button_icon .fi-icon-base-fill {
  fill: hsl(0,0%,13%);
}

.c12.fi-input-toggle-button[disabled],
.c12.fi-input-toggle-button:disabled {
  cursor: not-allowed;
}

.c12.fi-input-toggle-button[disabled] .fi-input-toggle-button_icon .fi-icon-base-fill,
.c12.fi-input-toggle-button:disabled .fi-input-toggle-button_icon .fi-icon-base-fill {
  fill: hsl(202,7%,67%);
}

.c1 {
  -webkit-letter-spacing: 0;
  -moz-letter-spacing: 0;
  -ms-letter-spacing: 0;
  letter-spacing: 0;
  -webkit-text-decoration: none;
  text-decoration: none;
  word-break: break-word;
  overflow-wrap: break-word;
  -webkit-font-smoothing: antialiased;
  font-family: 'Source Sans Pro','Helvetica Neue','Arial',sans-serif;
  font-size: 18px;
  line-height: 1.5;
  font-weight: 400;
  width: 290px;
}

.c1 .fi-label,
.c1 .fi-hint-text,
.c1 .fi-status-text {
  margin: 0;
}

.c1.fi-single-select .fi-filter-input_input {
  padding-right: 36px;
}

.c1.fi-single-select--value-selected .fi-filter-input_input {
  padding-right: 73px;
}

.c1.fi-single-select--full-width {
  width: 100%;
}

.c1.fi-single-select--open .fi-filter-input_input {
  border-bottom: 0;
  border-bottom-left-radius: 0;
  border-bottom-right-radius: 0;
}

@media (forced-colors:active) {
  .c18.fi-select-item .fi-select-item--query_highlight {
    background-color: Highlight;
  }
}

@media (forced-colors:active) {
  .c18.fi-select-item--hasKeyboardFocus {
    background-color: Highlight;
  }
}

@media (forced-colors:active) {
  .c18.fi-select-item--disabled {
    color: GrayText;
  }
}

@media (forced-colors:active) {
  .c18.fi-select-item--disabled .fi-select-item--query_highlight {
    color: GrayText;
  }
}

@media (forced-colors:active) {
  .c18.fi-select-item--disabled.fi-select-item:hover {
    color: GrayText;
  }
}

@media (forced-colors:active) {
  .c18.fi-select-item--disabled.fi-select-item:hover .fi-select-item--query_highlight {
    color: GrayText;
  }
}

@media (forced-colors:active) {
  .c18.fi-select-item:hover {
    background-color: Highlight;
  }
}

<body>
  <div>
    <div
      class="c0 fi-single-select c1 fi-single-select--value-selected fi-single-select--open"
    >
      <div
        class="c0 fi-filter-input c2"
      >
        <div
          class="c0 fi-filter-input_wrapper"
        >
          <div
            class="c3 c4 fi-filter-input_label--visible fi-label"
          >
            <label
              class="c5 fi-label_label-span"
              for="1"
              id="1-label"
            >
              SingleSelect
            </label>
          </div>
          <span
            class="c5 c6 fi-hint-text"
            id="1-hintText"
          >
            You can filter options by typing in the field
          </span>
          <div
            class="c0 fi-filter-input_functionalityContainer"
          >
            <div
              aria-expanded="true"
              aria-haspopup="listbox"
              aria-owns="2-popover"
              class="c0 fi-filter-input_input-element-container"
              role="combobox"
            >
              <input
                aria-activedescendant=""
                aria-autocomplete="list"
                aria-controls="2-popover"
                aria-describedby="1-hintText"
                aria-invalid="false"
                aria-labelledby="1-label"
                aria-multiline="false"
                autocapitalize="none"
                autocomplete="off"
                class="c7 fi-filter-input_input"
                id="1"
                placeholder=""
                spellcheck="false"
                type="text"
                value="Hammer"
              />
            </div>
            <div
              class="c0 fi-filter-input_action-elements-container"
            >
              <div
                class="c0 fi-single-select_clear-button_wrapper"
              >
                <button
                  class="c8 fi-input-clear-button c9"
                  type="button"
                >
                  <span
                    class="c5 c10 fi-visually-hidden"
                  >
                    Clear selection
                  </span>
                  <svg
                    aria-hidden="true"
                    class="fi-icon c11 fi-input-clear-button_icon"
                    focusable="false"
                    height="1em"
                    viewBox="0 0 24 24"
                    width="1em"
                    xmlns="http://www.w3.org/2000/svg"
                  >
                    <path
                      class="fi-icon-base-fill"
                      d="M4.75 3.3 12 10.55l7.25-7.25a1.026 1.026 0 0 1 1.45 1.45L13.45 12l7.25 7.25a1.026 1.026 0 0 1-1.45 1.45L12 13.45 4.75 20.7a1.026 1.026 0 0 1-1.45-1.45L10.55 12 3.3 4.75A1.026 1.026 0 0 1 4.75 3.3Z"
                      fill="#222"
                      fill-rule="evenodd"
                    />
                  </svg>
                </button>
              </div>
              <button
                aria-hidden="true"
                class="c8 fi-input-toggle-button c12"
                tabindex="-1"
                type="button"
              >
                <span
                  class="c5 c10 fi-visually-hidden"
                />
                <svg
                  aria-hidden="true"
                  class="fi-icon c13 fi-input-toggle-button_icon"
                  focusable="false"
                  height="1em"
                  viewBox="0 0 10 10"
                  width="1em"
                  xmlns="http://www.w3.org/2000/svg"
                >
                  <path
                    class="fi-icon-base-fill"
                    d="M5 2 1 8h8z"
                    fill="#222"
                    fill-rule="evenodd"
                  />
                </svg>
              </button>
            </div>
            <span
              aria-atomic="true"
              aria-live="assertive"
              class="c5 c14 fi-status-text"
            />
          </div>
        </div>
      </div>
      <span
        aria-atomic="true"
        aria-live="polite"
        class="c5 c10 fi-visually-hidden"
      />
      <span
        aria-atomic="true"
        aria-live="polite"
        class="c5 c10 fi-visually-hidden"
        id="2-loading-announce"
      />
    </div>
  </div>
  <div
    class="fi-portal"
    role="presentation"
    style="position: absolute; left: 0px; top: 0px; width: 0px; transform: translate(0px, 0px);"
    tabindex="-1"
  >
    <div
      class="c3"
    >
      <ul
        aria-activedescendant=""
        class="c15 fi-select-item-list c16"
        id="2-popover"
        role="listbox"
        tabindex="0"
      >
        <div
          class="c3 fi-select-item-list_content_wrapper"
        >
          <div
            class="c0"
          >
            <li
              aria-disabled="false"
              aria-selected="false"
              class="c17 fi-select-item c18"
              id="2-jh2435626"
              role="option"
              tabindex="-1"
            >
              Jackhammer
            </li>
            <li
              aria-disabled="false"
              aria-selected="true"
              class="c17 fi-select-item c18 fi-select-item--selected"
              id="2-h9823523"
              role="option"
              tabindex="-1"
            >
              Hammer
              <svg
                aria-hidden="true"
                class="fi-icon c19 fi-select-item_icon"
                focusable="false"
                height="1em"
                viewBox="0 0 20 20"
                width="1em"
                xmlns="http://www.w3.org/2000/svg"
              >
                <path
                  class="fi-icon-base-fill"
                  d="M19.447 5.384 8 17.42a1.82 1.82 0 0 1-2.667 0L.552 12.394a2.059 2.059 0 0 1 0-2.805 1.822 1.822 0 0 1 2.666 0l3.449 3.625L16.78 2.581a1.82 1.82 0 0 1 2.666 0 2.053 2.053 0 0 1 0 2.803"
                  fill="#222"
                  fill-rule="evenodd"
                />
              </svg>
            </li>
            <li
              aria-disabled="false"
              aria-selected="false"
              class="c17 fi-select-item c18"
              id="2-sh908293482"
              role="option"
              tabindex="-1"
            >
              Sledgehammer
            </li>
            <li
              aria-disabled="false"
              aria-selected="false"
              class="c17 fi-select-item c18"
              id="2-s82502335"
              role="option"
              tabindex="-1"
            >
              Spade
            </li>
            <li
              aria-disabled="true"
              aria-selected="false"
              class="c17 fi-select-item c18 fi-select-item--disabled"
              id="2-ps9081231"
              role="option"
              tabindex="-1"
            >
              Powersaw
            </li>
            <li
              aria-disabled="false"
              aria-selected="false"
              class="c17 fi-select-item c18"
              id="2-s05111511"
              role="option"
              tabindex="-1"
            >
              Shovel
            </li>
            <li
              aria-disabled="false"
              aria-selected="false"
              class="c17 fi-select-item c18"
              id="2-is3451261"
              role="option"
              tabindex="-1"
            >
              Iron stick
            </li>
            <li
              aria-disabled="false"
              aria-selected="false"
              class="c17 fi-select-item c18"
              id="2-r09282626"
              role="option"
              tabindex="-1"
            >
              Rake
            </li>
            <li
              aria-disabled="true"
              aria-selected="false"
              class="c17 fi-select-item c18 fi-select-item--disabled"
              id="2-ms6126266"
              role="option"
              tabindex="-1"
            >
              Motorsaw
            </li>
          </div>
        </div>
      </ul>
    </div>
  </div>
</body>
`;
