// Jest Snapshot v1, https://goo.gl/fbAQLP

exports[`calling render with the same component on the same container does not remount 1`] = `
.c6 {
  line-height: 1.15;
  -ms-text-size-adjust: 100%;
  -webkit-text-size-adjust: 100%;
  background-color: transparent;
  margin: 0;
  padding: 0;
  border: 0;
  box-sizing: border-box;
  font: 100% inherit;
  line-height: 1;
  text-align: left;
  -webkit-text-decoration: none;
  text-decoration: none;
  vertical-align: baseline;
  color: inherit;
  background: none;
  cursor: inherit;
  display: inline;
  -webkit-text-decoration: underline;
  text-decoration: underline;
}

.c6::before,
.c6::after {
  box-sizing: border-box;
}

.c6:hover,
.c6:active,
.c6:focus,
.c6:focus-within {
  color: inherit;
  -webkit-text-decoration: underline;
  text-decoration: underline;
  cursor: pointer;
}

.c3 {
  line-height: 1.15;
  -ms-text-size-adjust: 100%;
  -webkit-text-size-adjust: 100%;
  margin: 0;
  padding: 0;
  border: 0;
  box-sizing: border-box;
  font: 100% inherit;
  line-height: 1;
  text-align: left;
  -webkit-text-decoration: none;
  text-decoration: none;
  vertical-align: baseline;
  color: inherit;
  background: none;
  cursor: inherit;
  display: list-item;
}

.c3::before,
.c3::after {
  box-sizing: border-box;
}

.c0 {
  line-height: 1.15;
  -ms-text-size-adjust: 100%;
  -webkit-text-size-adjust: 100%;
  margin: 0;
  padding: 0;
  border: 0;
  box-sizing: border-box;
  font: 100% inherit;
  line-height: 1;
  text-align: left;
  -webkit-text-decoration: none;
  text-decoration: none;
  vertical-align: baseline;
  color: inherit;
  background: none;
  cursor: inherit;
  display: block;
  max-width: 100%;
}

.c0::before,
.c0::after {
  box-sizing: border-box;
}

.c2 {
  line-height: 1.15;
  -ms-text-size-adjust: 100%;
  -webkit-text-size-adjust: 100%;
  margin: 0;
  padding: 0;
  border: 0;
  box-sizing: border-box;
  font: 100% inherit;
  line-height: 1;
  text-align: left;
  -webkit-text-decoration: none;
  text-decoration: none;
  vertical-align: baseline;
  color: inherit;
  background: none;
  cursor: inherit;
  display: block;
  list-style-type: decimal;
  margin-top: 1em;
  margin-bottom: 1em;
  margin-left: 0;
  margin-right: 0;
  padding-left: 40px;
}

.c2::before,
.c2::after {
  box-sizing: border-box;
}

.c4 {
  line-height: 1.15;
  -ms-text-size-adjust: 100%;
  -webkit-text-size-adjust: 100%;
  margin: 0;
  padding: 0;
  border: 0;
  box-sizing: border-box;
  font: 100% inherit;
  line-height: 1;
  text-align: left;
  -webkit-text-decoration: none;
  text-decoration: none;
  vertical-align: baseline;
  color: inherit;
  background: none;
  cursor: inherit;
  display: inline;
  max-width: 100%;
  word-wrap: normal;
  word-break: normal;
  white-space: normal;
}

.c4::before,
.c4::after {
  box-sizing: border-box;
}

.c1 {
  color: hsl(0,0%,13%);
  display: block;
  -webkit-letter-spacing: 0;
  -moz-letter-spacing: 0;
  -ms-letter-spacing: 0;
  letter-spacing: 0;
  -webkit-text-decoration: none;
  text-decoration: none;
  word-break: break-word;
  overflow-wrap: break-word;
  -webkit-font-smoothing: antialiased;
  font-family: 'Source Sans Pro','Helvetica Neue','Arial',sans-serif;
  font-size: 16px;
  line-height: 1.5;
  font-weight: 400;
  height: 1.5em;
}

.c1 .fi-breadcrumb_list {
  color: hsl(0,0%,13%);
  list-style: none;
  margin: 0;
  padding: 0;
}

.c1 .fi-breadcrumb_item {
  color: hsl(0,0%,13%);
  list-style: none;
  float: left;
}

.c8 {
  vertical-align: baseline;
}

.c8.fi-icon {
  display: inline-block;
}

.c8 .fi-icon-base-fill {
  fill: currentColor;
}

.c8 .fi-icon-base-stroke {
  stroke: currentColor;
}

.c8.fi-icon--cursor-pointer {
  cursor: pointer;
}

.c8.fi-icon--cursor-pointer * {
  cursor: inherit;
}

.c7 {
  -webkit-letter-spacing: 0;
  -moz-letter-spacing: 0;
  -ms-letter-spacing: 0;
  letter-spacing: 0;
  -webkit-text-decoration: none;
  text-decoration: none;
  word-break: break-word;
  overflow-wrap: break-word;
  -webkit-font-smoothing: antialiased;
  font-family: 'Source Sans Pro','Helvetica Neue','Arial',sans-serif;
  font-size: 18px;
  line-height: 1.5;
  font-weight: 400;
}

.c7.fi-link {
  color: hsl(212,63%,45%);
  -webkit-text-decoration: none;
  text-decoration: none;
}

.c7.fi-link:hover,
.c7.fi-link:active,
.c7.fi-link:focus,
.c7.fi-link:focus-within {
  color: hsl(212,63%,45%);
}

.c7.fi-link:focus,
.c7.fi-link:focus-within {
  -webkit-text-decoration: none;
  text-decoration: none;
}

.c7.fi-link:focus {
  border-radius: 2px;
  box-shadow: 0 0 0 2px hsl(196,77%,44%);
  outline: 0;
  outline: 3px solid transparent;
}

.c7.fi-link:hover,
.c7.fi-link:active {
  -webkit-text-decoration: underline;
  text-decoration: underline;
}

.c7.fi-link:visited {
  color: hsl(284,36%,45%);
}

.c7.fi-link--initial-underline {
  -webkit-text-decoration: underline;
  text-decoration: underline;
}

.c7.fi-link--initial-underline:focus,
.c7.fi-link--initial-underline:focus-within {
  -webkit-text-decoration: underline;
  text-decoration: underline;
}

.c7.fi-link--initial-underline:hover,
.c7.fi-link--initial-underline:active {
  -webkit-text-decoration: none;
  text-decoration: none;
}

.c7.fi-link.fi-link--accent .fi-link--accent_icon {
  font-size: 16px;
  margin-left: -3px;
  margin-right: 2px;
  -webkit-transform: translateY(0.15em);
  -ms-transform: translateY(0.15em);
  transform: translateY(0.15em);
}

.c7.fi-link.fi-link--small {
  font-size: 16px;
}

.c5 {
  font-size: 16px;
}

.c5.fi-breadcrumb-link {
  display: inline-block;
}

.c5.fi-breadcrumb-link .fi-breadcrumb-link_link {
  -webkit-letter-spacing: 0;
  -moz-letter-spacing: 0;
  -ms-letter-spacing: 0;
  letter-spacing: 0;
  -webkit-text-decoration: none;
  text-decoration: none;
  word-break: break-word;
  overflow-wrap: break-word;
  -webkit-font-smoothing: antialiased;
  font-family: 'Source Sans Pro','Helvetica Neue','Arial',sans-serif;
  font-size: 16px;
  line-height: 1.5;
  font-weight: 400;
  margin: 0;
}

.c5.fi-breadcrumb-link .fi-breadcrumb-link_link:hover,
.c5.fi-breadcrumb-link .fi-breadcrumb-link_link:active {
  -webkit-text-decoration: underline;
  text-decoration: underline;
}

.c5.fi-breadcrumb-link .fi-breadcrumb-link_link--initial-underline {
  -webkit-text-decoration: underline;
  text-decoration: underline;
}

.c5.fi-breadcrumb-link .fi-breadcrumb-link_link--initial-underline:focus,
.c5.fi-breadcrumb-link .fi-breadcrumb-link_link--initial-underline:focus-within {
  -webkit-text-decoration: underline;
  text-decoration: underline;
}

.c5.fi-breadcrumb-link .fi-breadcrumb-link_link--initial-underline:hover,
.c5.fi-breadcrumb-link .fi-breadcrumb-link_link--initial-underline:active {
  -webkit-text-decoration: none;
  text-decoration: none;
}

.c5.fi-breadcrumb-link .fi-breadcrumb-link_link--current {
  color: hsl(202,7%,40%);
  -webkit-text-decoration: none;
  text-decoration: none;
}

.c5.fi-breadcrumb-link .fi-breadcrumb-link_link--current:hover,
.c5.fi-breadcrumb-link .fi-breadcrumb-link_link--current:active {
  -webkit-text-decoration: none;
  text-decoration: none;
}

.c5.fi-breadcrumb-link .fi-breadcrumb-link_icon {
  -webkit-transform: translateY(0.2em);
  -ms-transform: translateY(0.2em);
  transform: translateY(0.2em);
  margin: 0 4px;
}

.c5.fi-breadcrumb-link .fi-breadcrumb-link_icon .fi-icon-base-fill {
  fill: hsl(202,7%,40%);
}

<nav
  aria-label="breadcrumb"
  class="c0 fi-breadcrumb c1"
  data-testid="Breadcrumb"
>
  <ol
    class="c2 fi-breadcrumb_list"
  >
    <li
      class="c3 fi-breadcrumb_item"
    >
      <span
        class="c4 c5 fi-breadcrumb-link"
      >
        <a
          class="c6 fi-link c7 fi-breadcrumb-link_link"
          href="/"
        >
          Frontpage
        </a>
        <svg
          aria-hidden="true"
          class="fi-icon c8 fi-breadcrumb-link_icon"
          focusable="false"
          height="1em"
          viewBox="0 0 24 24"
          width="1em"
          xmlns="http://www.w3.org/2000/svg"
        >
          <path
            class="fi-icon-base-fill"
            d="M6 18v-2.12l5.902-2.328 3.748-1.492v-.12l-3.748-1.492L6 8.119V6l12 5.015v1.97z"
            fill="#222"
            fill-rule="evenodd"
          />
        </svg>
      </span>
    </li>
    <li
      class="c3 fi-breadcrumb_item"
    >
      <span
        class="c4 c5 fi-breadcrumb-link"
      >
        <a
          class="c6 fi-link c7 fi-breadcrumb-link_link"
          href="/sub"
        >
          Sub page
        </a>
        <svg
          aria-hidden="true"
          class="fi-icon c8 fi-breadcrumb-link_icon"
          focusable="false"
          height="1em"
          viewBox="0 0 24 24"
          width="1em"
          xmlns="http://www.w3.org/2000/svg"
        >
          <path
            class="fi-icon-base-fill"
            d="M6 18v-2.12l5.902-2.328 3.748-1.492v-.12l-3.748-1.492L6 8.119V6l12 5.015v1.97z"
            fill="#222"
            fill-rule="evenodd"
          />
        </svg>
      </span>
    </li>
    <li
      class="c3 fi-breadcrumb_item"
    >
      <span
        class="c4 c5 fi-breadcrumb-link"
      >
        <span
          aria-current="location"
          class="c4 fi-breadcrumb-link_link fi-breadcrumb-link_link--current"
        >
          Sub sub page
        </span>
      </span>
    </li>
  </ol>
</nav>
`;
