// Jest Snapshot v1, https://goo.gl/fbAQLP

exports[`children should match snapshot 1`] = `
.c4 {
  line-height: 1.15;
  -ms-text-size-adjust: 100%;
  -webkit-text-size-adjust: 100%;
  margin: 0;
  overflow: visible;
  text-transform: none;
  -webkit-appearance: button;
  margin: 0;
  padding: 0;
  border: 0;
  box-sizing: border-box;
  font: 100% inherit;
  line-height: 1;
  text-align: left;
  -webkit-text-decoration: none;
  text-decoration: none;
  vertical-align: baseline;
  color: inherit;
  background: none;
  cursor: inherit;
  display: inline-block;
  max-width: 100%;
  cursor: pointer;
}

.c4:-moz-focusring {
  outline: 1px dotted ButtonText;
}

.c4::-moz-focus-inner {
  border-style: none;
  padding: 0;
}

.c4::-webkit-file-upload-button {
  -webkit-appearance: button;
  font: inherit;
}

.c4::-webkit-inner-spin-button {
  height: auto;
}

.c4::-webkit-outer-spin-button {
  height: auto;
}

.c4::before,
.c4::after {
  box-sizing: border-box;
}

.c2 {
  line-height: 1.15;
  -ms-text-size-adjust: 100%;
  -webkit-text-size-adjust: 100%;
  margin: 0;
  padding: 0;
  border: 0;
  box-sizing: border-box;
  font: 100% inherit;
  line-height: 1;
  text-align: left;
  -webkit-text-decoration: none;
  text-decoration: none;
  vertical-align: baseline;
  color: inherit;
  background: none;
  cursor: inherit;
  display: block;
  max-width: 100%;
  word-wrap: normal;
  word-break: normal;
  white-space: normal;
}

.c2::before,
.c2::after {
  box-sizing: border-box;
}

.c0 {
  line-height: 1.15;
  -ms-text-size-adjust: 100%;
  -webkit-text-size-adjust: 100%;
  margin: 0;
  padding: 0;
  border: 0;
  box-sizing: border-box;
  font: 100% inherit;
  line-height: 1;
  text-align: left;
  -webkit-text-decoration: none;
  text-decoration: none;
  vertical-align: baseline;
  color: inherit;
  background: none;
  cursor: inherit;
  display: block;
  max-width: 100%;
  word-wrap: normal;
  word-break: normal;
  white-space: normal;
}

.c0::before,
.c0::after {
  box-sizing: border-box;
}

.c3 {
  display: inline-block;
  vertical-align: baseline;
}

.c3 .fi-icon-base-fill {
  fill: currentColor;
}

.c3 .fi-icon-base-stroke {
  stroke: currentColor;
}

.c3.fi-icon--cursor-pointer {
  cursor: pointer;
}

.c3.fi-icon--cursor-pointer * {
  cursor: inherit;
}

.c1.fi-notification {
  color: hsl(0,0%,16%);
  -webkit-letter-spacing: 0;
  -moz-letter-spacing: 0;
  -ms-letter-spacing: 0;
  letter-spacing: 0;
  -webkit-text-decoration: none;
  text-decoration: none;
  word-break: break-word;
  overflow-wrap: break-word;
  -webkit-font-smoothing: antialiased;
  font-family: 'Source Sans Pro','Helvetica Neue','Arial',sans-serif;
  font-size: 16px;
  line-height: 1.5;
  font-weight: 400;
  width: 100%;
  box-shadow: 0px 4px 8px 0px rgba(41,41,41,0.2);
  border-radius: 4px;
}

.c1.fi-notification .fi-notification_style-wrapper {
  display: -webkit-box;
  display: -webkit-flex;
  display: -ms-flexbox;
  display: flex;
  -webkit-align-items: flex-start;
  -webkit-box-align: flex-start;
  -ms-flex-align: flex-start;
  align-items: flex-start;
}

.c1.fi-notification .fi-notification_icon-wrapper {
  display: -webkit-box;
  display: -webkit-flex;
  display: -ms-flexbox;
  display: flex;
  -webkit-flex: 1 0 auto;
  -ms-flex: 1 0 auto;
  flex: 1 0 auto;
  -webkit-box-pack: end;
  -webkit-justify-content: flex-end;
  -ms-flex-pack: end;
  justify-content: flex-end;
  margin-left: 15px;
  margin-top: 16px;
}

.c1.fi-notification .fi-notification_icon-wrapper .fi-notification_icon {
  height: 24px;
  width: 24px;
}

.c1.fi-notification .fi-notification_text-content-wrapper {
  display: -webkit-box;
  display: -webkit-flex;
  display: -ms-flexbox;
  display: flex;
  -webkit-flex: 3 1 auto;
  -ms-flex: 3 1 auto;
  flex: 3 1 auto;
  -webkit-flex-direction: column;
  -ms-flex-direction: column;
  flex-direction: column;
  padding: 0 20px;
  margin-top: 20px;
  margin-bottom: 15px;
}

.c1.fi-notification .fi-notification_text-content-wrapper .fi-notification_content {
  vertical-align: middle;
  -webkit-letter-spacing: 0;
  -moz-letter-spacing: 0;
  -ms-letter-spacing: 0;
  letter-spacing: 0;
  -webkit-text-decoration: none;
  text-decoration: none;
  word-break: break-word;
  overflow-wrap: break-word;
  -webkit-font-smoothing: antialiased;
  font-family: 'Source Sans Pro','Helvetica Neue','Arial',sans-serif;
  font-size: 16px;
  line-height: 1.5;
  font-weight: 400;
}

.c1.fi-notification--neutral {
  border-top: 5px solid hsl(196,77%,44%);
}

.c1.fi-notification--neutral .fi-notification_icon-wrapper .fi-icon .fi-icon-base-fill {
  fill: hsl(212,63%,45%);
}

.c1.fi-notification--error {
  border-top: 5px solid hsl(3,59%,48%);
}

.c1.fi-notification--error .fi-notification_icon-wrapper .fi-icon .fi-icon-base-fill {
  fill: hsl(3,59%,48%);
}

.c1.fi-notification--success {
  border-top: 5px solid hsl(166,90%,34%);
}

.c1.fi-notification--success .fi-notification_icon-wrapper .fi-icon .fi-icon-base-fill {
  fill: hsl(166,90%,34%);
}

.c1 .fi-notification_close-button-wrapper {
  -webkit-flex: 1 0 auto;
  -ms-flex: 1 0 auto;
  flex: 1 0 auto;
  display: -webkit-box;
  display: -webkit-flex;
  display: -ms-flexbox;
  display: flex;
  -webkit-flex-wrap: nowrap;
  -ms-flex-wrap: nowrap;
  flex-wrap: nowrap;
  box-sizing: border-box;
  margin-top: 7px;
  margin-right: 10px;
  margin-bottom: 8px;
}

.c1 .fi-notification_close-button {
  -webkit-letter-spacing: 0;
  -moz-letter-spacing: 0;
  -ms-letter-spacing: 0;
  letter-spacing: 0;
  -webkit-text-decoration: none;
  text-decoration: none;
  word-break: break-word;
  overflow-wrap: break-word;
  -webkit-font-smoothing: antialiased;
  font-family: 'Source Sans Pro','Helvetica Neue','Arial',sans-serif;
  font-size: 16px;
  line-height: 1.5;
  font-weight: 400;
  height: 40px;
  min-width: 40px;
  padding: 7px 8px;
  border: 1px solid transparent;
  border-radius: 2px;
}

.c1 .fi-notification_close-button:focus-visible {
  outline: 0;
  position: relative;
}

.c1 .fi-notification_close-button:focus-visible:after {
  content: '';
  position: absolute;
  pointer-events: none;
  top: -2px;
  right: -2px;
  bottom: -2px;
  left: -2px;
  border-radius: 2px;
  background-color: transparent;
  border: 0px solid hsl(0,0%,100%);
  box-sizing: border-box;
  box-shadow: 0 0 0 2px hsl(196,77%,44%);
  z-index: 9999;
}

.c1 .fi-notification_close-button:active {
  background: linear-gradient(-180deg,hsl(202,7%,80%) 0%,rgba(255,255,255,0) 100%);
}

.c1 .fi-notification_close-button:hover {
  border-color: hsl(0,0%,16%);
}

.c1 .fi-notification_close-button .fi-icon {
  width: 14px;
  height: 14px;
  margin-left: 5px;
  margin-top: 5px;
  -webkit-transform: translateY(1px);
  -ms-transform: translateY(1px);
  transform: translateY(1px);
}

.c1--small-screen .fi-notification-close-button-wrapper {
  -webkit-box-pack: end;
  -webkit-justify-content: flex-end;
  -ms-flex-pack: end;
  justify-content: flex-end;
  margin: 0;
}

.c1--small-screen .fi-notification-close-button-wrapper .fi-icon {
  margin-right: 5px;
}

<div>
  <section
    class="c0 fi-notification c1 fi-notification--neutral"
  >
    <div
      class="c2 fi-notification_style-wrapper"
    >
      <div
        class="c2 fi-notification_icon-wrapper"
      >
        <svg
          aria-hidden="true"
          class="fi-icon c3 fi-notification_icon"
          focusable="false"
          height="1em"
          viewBox="0 0 24 24"
          width="1em"
          xmlns="http://www.w3.org/2000/svg"
        >
          <path
            class="fi-icon-base-fill"
            d="M12 0c6.617 0 12 5.383 12 12s-5.383 12-12 12S0 18.617 0 12 5.383 0 12 0zm0 2C6.486 2 2 6.486 2 12s4.486 10 10 10 10-4.486 10-10S17.514 2 12 2zm.003 8a1 1 0 011 1v6h1a1 1 0 010 2H10a1 1 0 010-2h1v-5h-1a1 1 0 010-2h2.003zm-.501-5a1.5 1.5 0 01.145 2.994L11.502 8H11.5a1.5 1.5 0 110-3h.002z"
            fill="#292929"
            fill-rule="evenodd"
          />
        </svg>
      </div>
      <div
        aria-live="assertive"
        class="c2 fi-notification_text-content-wrapper"
        id="3"
      >
        <div
          class="c2 fi-notification_content"
        >
          <div>
            Test notification
          </div>
        </div>
      </div>
      <div
        class="c2 fi-notification_close-button-wrapper"
      >
        <button
          aria-describedby="3"
          aria-label="Close"
          class="c4 fi-notification_close-button"
          type="button"
        >
          CLOSE
          <svg
            aria-hidden="true"
            class="fi-icon c3"
            focusable="false"
            height="1em"
            viewBox="0 0 24 24"
            width="1em"
            xmlns="http://www.w3.org/2000/svg"
          >
            <path
              class="fi-icon-base-fill"
              d="M4.75 3.3L12 10.55l7.25-7.25a1.026 1.026 0 011.45 1.45L13.45 12l7.25 7.25a1.026 1.026 0 01-1.45 1.45L12 13.45 4.75 20.7a1.026 1.026 0 01-1.45-1.45L10.55 12 3.3 4.75A1.026 1.026 0 014.75 3.3z"
              fill="#292929"
              fill-rule="evenodd"
            />
          </svg>
        </button>
      </div>
    </div>
  </section>
</div>
`;
