// Jest Snapshot v1, https://goo.gl/fbAQLP

exports[`Basic ToggleInput should match snapshot 1`] = `
.c3 {
  line-height: 1.15;
  -ms-text-size-adjust: 100%;
  -webkit-text-size-adjust: 100%;
  margin: 0;
  overflow: visible;
  margin: 0;
  padding: 0;
  border: 0;
  box-sizing: border-box;
  font: 100% inherit;
  line-height: 1;
  text-align: left;
  -webkit-text-decoration: none;
  text-decoration: none;
  vertical-align: baseline;
  color: inherit;
  background: none;
  cursor: inherit;
  display: inline-block;
  max-width: 100%;
}

.c3::-webkit-input-placeholder {
  color: inherit;
  opacity: 0.54;
}

.c3::before,
.c3::after {
  box-sizing: border-box;
}

.c2 {
  line-height: 1.15;
  -ms-text-size-adjust: 100%;
  -webkit-text-size-adjust: 100%;
  margin: 0;
  padding: 0;
  border: 0;
  box-sizing: border-box;
  font: 100% inherit;
  line-height: 1;
  text-align: left;
  -webkit-text-decoration: none;
  text-decoration: none;
  vertical-align: baseline;
  color: inherit;
  background: none;
  cursor: inherit;
  max-width: 100%;
}

.c2::before,
.c2::after {
  box-sizing: border-box;
}

.c0 {
  line-height: 1.15;
  -ms-text-size-adjust: 100%;
  -webkit-text-size-adjust: 100%;
  margin: 0;
  padding: 0;
  border: 0;
  box-sizing: border-box;
  font: 100% inherit;
  line-height: 1;
  text-align: left;
  -webkit-text-decoration: none;
  text-decoration: none;
  vertical-align: baseline;
  color: inherit;
  background: none;
  cursor: inherit;
  display: inline;
  max-width: 100%;
  word-wrap: normal;
  word-break: normal;
  white-space: normal;
}

.c0::before,
.c0::after {
  box-sizing: border-box;
}

.c6 {
  color: hsl(0,0%,13%);
  -webkit-letter-spacing: 0;
  -moz-letter-spacing: 0;
  -ms-letter-spacing: 0;
  letter-spacing: 0;
  -webkit-text-decoration: none;
  text-decoration: none;
  word-break: break-word;
  overflow-wrap: break-word;
  -webkit-font-smoothing: antialiased;
  font-family: 'Source Sans Pro','Helvetica Neue','Arial',sans-serif;
  font-size: 18px;
  line-height: 1.5;
  font-weight: 400;
  color: hsl(0,0%,13%);
}

.c6.fi-text--bold {
  -webkit-letter-spacing: 0;
  -moz-letter-spacing: 0;
  -ms-letter-spacing: 0;
  letter-spacing: 0;
  -webkit-text-decoration: none;
  text-decoration: none;
  word-break: break-word;
  overflow-wrap: break-word;
  -webkit-font-smoothing: antialiased;
  font-family: 'Source Sans Pro','Helvetica Neue','Arial',sans-serif;
  font-size: 18px;
  line-height: 1.5;
  font-weight: 600;
}

.c6.fi-text--lead {
  -webkit-letter-spacing: 0;
  -moz-letter-spacing: 0;
  -ms-letter-spacing: 0;
  letter-spacing: 0;
  -webkit-text-decoration: none;
  text-decoration: none;
  word-break: break-word;
  overflow-wrap: break-word;
  -webkit-font-smoothing: antialiased;
  font-family: 'Source Sans Pro','Helvetica Neue','Arial',sans-serif;
  font-size: 22px;
  line-height: 1.5;
  font-weight: 400;
}

.c6.fi-text--small-screen {
  -webkit-letter-spacing: 0;
  -moz-letter-spacing: 0;
  -ms-letter-spacing: 0;
  letter-spacing: 0;
  -webkit-text-decoration: none;
  text-decoration: none;
  word-break: break-word;
  overflow-wrap: break-word;
  -webkit-font-smoothing: antialiased;
  font-family: 'Source Sans Pro','Helvetica Neue','Arial',sans-serif;
  font-size: 16px;
  line-height: 1.5;
  font-weight: 400;
}

.c6.fi-text--small-screen.fi-text--bold {
  -webkit-letter-spacing: 0;
  -moz-letter-spacing: 0;
  -ms-letter-spacing: 0;
  letter-spacing: 0;
  -webkit-text-decoration: none;
  text-decoration: none;
  word-break: break-word;
  overflow-wrap: break-word;
  -webkit-font-smoothing: antialiased;
  font-family: 'Source Sans Pro','Helvetica Neue','Arial',sans-serif;
  font-size: 16px;
  line-height: 1.5;
  font-weight: 600;
}

.c6.fi-text--small-screen.fi-text--lead {
  -webkit-letter-spacing: 0;
  -moz-letter-spacing: 0;
  -ms-letter-spacing: 0;
  letter-spacing: 0;
  -webkit-text-decoration: none;
  text-decoration: none;
  word-break: break-word;
  overflow-wrap: break-word;
  -webkit-font-smoothing: antialiased;
  font-family: 'Source Sans Pro','Helvetica Neue','Arial',sans-serif;
  font-size: 20px;
  line-height: 1.5;
  font-weight: 400;
}

.c4 {
  vertical-align: baseline;
}

.c4.fi-static-icon {
  display: inline-block;
}

.c4.fi-icon--cursor-pointer {
  cursor: pointer;
}

.c4.fi-icon--cursor-pointer * {
  cursor: inherit;
}

.c5 {
  width: 40px;
  height: 24px;
  vertical-align: bottom;
  overflow: visible;
}

.c5 .fi-icon-toggle-base {
  stroke: hsl(201,7%,58%);
  fill: hsl(0,0%,100%);
}

.c5 .fi-icon-toggle-knob {
  fill: hsl(201,7%,46%);
  -webkit-transform: translateX(-17px);
  -ms-transform: translateX(-17px);
  transform: translateX(-17px);
}

.c5 .fi-icon-toggle-checkmark {
  fill: none;
}

.c5.fi-toggle_icon--checked .fi-icon-toggle-base {
  stroke: hsl(201,7%,58%);
}

.c5.fi-toggle_icon--checked .fi-icon-toggle-knob {
  fill: hsl(166,90%,34%);
  -webkit-transform: translateX(0px);
  -ms-transform: translateX(0px);
  transform: translateX(0px);
}

.c5.fi-toggle_icon--checked .fi-icon-toggle-checkmark {
  fill: hsl(0,0%,100%);
}

.c5.fi-toggle_icon--disabled .fi-icon-toggle-base {
  stroke: hsl(202,7%,80%);
  fill: hsl(202,7%,97%);
}

.c5.fi-toggle_icon--disabled .fi-icon-toggle-knob {
  fill: hsl(202,7%,80%);
}

.c5.fi-toggle_icon--disabled .fi-icon-toggle-checkmark {
  fill: none;
}

.c5.fi-toggle_icon--checked.fi-toggle_icon--disabled .fi-icon-toggle-checkmark {
  fill: hsl(0,0%,100%);
}

.c1 {
  color: hsl(0,0%,13%);
  -webkit-letter-spacing: 0;
  -moz-letter-spacing: 0;
  -ms-letter-spacing: 0;
  letter-spacing: 0;
  -webkit-text-decoration: none;
  text-decoration: none;
  word-break: break-word;
  overflow-wrap: break-word;
  -webkit-font-smoothing: antialiased;
  font-family: 'Source Sans Pro','Helvetica Neue','Arial',sans-serif;
  font-size: 18px;
  line-height: 1.5;
  font-weight: 400;
  padding-left: 50px;
  position: relative;
  cursor: pointer;
}

.c1.fi-toggle {
  display: inline-block;
}

.c1.fi-toggle--disabled {
  cursor: not-allowed;
}

.c1 .fi-toggle_icon-container {
  position: absolute;
  margin-right: 10px;
  left: 0;
  top: 0.1em;
}

.c1.fi-toggle--input:focus-within {
  outline: 0;
}

.c1.fi-toggle--input:focus-within .fi-toggle_icon-container:after {
  content: '';
  position: absolute;
  pointer-events: none;
  top: -2px;
  right: -2px;
  bottom: -2px;
  left: -2px;
  border-radius: 2px;
  background-color: transparent;
  border: 0px solid hsl(0,0%,100%);
  box-sizing: border-box;
  box-shadow: 0 0 0 2px hsl(196,77%,44%);
  z-index: 9999;
  border-radius: 14px;
  right: -4px;
  left: -4px;
  outline: 3px solid transparent;
}

.c1.fi-toggle--input .fi-text {
  margin: 0;
}

.c1 .fi-toggle_input-element {
  color: hsl(0,0%,13%);
  -webkit-letter-spacing: 0;
  -moz-letter-spacing: 0;
  -ms-letter-spacing: 0;
  letter-spacing: 0;
  -webkit-text-decoration: none;
  text-decoration: none;
  word-break: break-word;
  overflow-wrap: break-word;
  -webkit-font-smoothing: antialiased;
  font-family: 'Source Sans Pro','Helvetica Neue','Arial',sans-serif;
  font-size: 18px;
  line-height: 1.5;
  font-weight: 400;
  position: absolute;
  width: 40px;
  height: 24px;
  opacity: 0;
  z-index: -9999;
  background-color: hsl(0,0%,100%);
}

<span
  class="c0 c1 fi-toggle fi-toggle--input"
>
  <label
    class="c2 fi-toggle_label"
    for="3"
  >
    <input
      class="c3 fi-toggle_input-element"
      id="3"
      type="checkbox"
    />
    <span
      class="c0 fi-toggle_icon-container"
    >
      <svg
        aria-hidden="true"
        class="fi-icon c4 fi-toggle_icon c5"
        focusable="false"
        height="1em"
        viewBox="0 0 37 20"
        width="1em"
        xmlns="http://www.w3.org/2000/svg"
      >
        <g
          fill="none"
          fill-rule="evenodd"
        >
          <rect
            class="fi-icon-toggle-base"
            height="13"
            rx="6.5"
            width="36"
            x="0.5"
            y="3.5"
          />
          <circle
            class="fi-icon-toggle-knob"
            cx="27"
            cy="10"
            r="10"
          />
          <path
            class="fi-icon-toggle-checkmark"
            d="M31.724 7.692 26 13.71a.91.91 0 0 1-1.333 0l-2.391-2.512a1.03 1.03 0 0 1 0-1.403.911.911 0 0 1 1.333 0l1.724 1.813 5.057-5.316a.91.91 0 0 1 1.334 0 1.026 1.026 0 0 1 0 1.401"
          />
        </g>
      </svg>
    </span>
    <span
      class="c0 fi-text c6 fi-text--body"
    >
      TestToggle
    </span>
  </label>
</span>
`;
