// Jest Snapshot v1, https://goo.gl/fbAQLP

exports[`snapshot matches snapshot 1`] = `
.c0 {
  line-height: 1.15;
  -ms-text-size-adjust: 100%;
  -webkit-text-size-adjust: 100%;
  display: block;
  margin: 0;
  padding: 0;
  border: 0;
  box-sizing: border-box;
  font: 100% inherit;
  line-height: 1;
  text-align: left;
  -webkit-text-decoration: none;
  text-decoration: none;
  vertical-align: baseline;
  color: inherit;
  background: none;
  cursor: inherit;
  max-width: 100%;
  cursor: pointer;
}

.c0:-moz-focusring {
  outline: 1px dotted ButtonText;
}

.c0::-moz-focus-inner {
  border-style: none;
  padding: 0;
}

.c0::before,
.c0::after {
  box-sizing: border-box;
}

.c2 {
  line-height: 1.15;
  -ms-text-size-adjust: 100%;
  -webkit-text-size-adjust: 100%;
  margin: 0;
  padding: 0;
  border: 0;
  box-sizing: border-box;
  font: 100% inherit;
  line-height: 1;
  text-align: left;
  -webkit-text-decoration: none;
  text-decoration: none;
  vertical-align: baseline;
  color: inherit;
  background: none;
  cursor: inherit;
  display: block;
  max-width: 100%;
  word-wrap: normal;
  word-break: normal;
  white-space: normal;
}

.c2::before,
.c2::after {
  box-sizing: border-box;
}

.c1 {
  color: hsl(0,0%,13%);
  -webkit-letter-spacing: 0;
  -moz-letter-spacing: 0;
  -ms-letter-spacing: 0;
  letter-spacing: 0;
  -webkit-text-decoration: none;
  text-decoration: none;
  word-break: break-word;
  overflow-wrap: break-word;
  -webkit-font-smoothing: antialiased;
  font-family: 'Source Sans Pro','Helvetica Neue','Arial',sans-serif;
  font-size: 18px;
  line-height: 1.5;
  font-weight: 400;
}

.c1.fi-details .fi-details_summary {
  color: hsl(212,63%,45%);
  -webkit-letter-spacing: 0;
  -moz-letter-spacing: 0;
  -ms-letter-spacing: 0;
  letter-spacing: 0;
  -webkit-text-decoration: none;
  text-decoration: none;
  word-break: break-word;
  overflow-wrap: break-word;
  -webkit-font-smoothing: antialiased;
  font-family: 'Source Sans Pro','Helvetica Neue','Arial',sans-serif;
  font-size: 16px;
  line-height: 1.5;
  font-weight: 400;
}

.c1.fi-details .fi-details_summary:focus-visible {
  position: relative;
  outline: 3px solid transparent;
}

.c1.fi-details .fi-details_summary:focus-visible::after {
  content: '';
  position: absolute;
  pointer-events: none;
  top: -2px;
  right: -2px;
  bottom: -2px;
  left: -2px;
  border-radius: 2px;
  background-color: transparent;
  border: 0px solid hsl(0,0%,100%);
  box-sizing: border-box;
  box-shadow: 0 0 0 2px hsl(196,77%,44%);
  z-index: 9999;
}

.c1.fi-details .fi-details_content {
  border-left: 2px solid hsl(212,63%,45%);
  padding-left: 15px;
  padding-top: 10px;
  padding-bottom: 5px;
  margin-left: 4px;
}

<div>
  <details
    class="c0 fi-details c1"
    open=""
  >
    <summary
      class="fi-details_summary"
    >
      More information on benefits
    </summary>
    <div
      class="c2 fi-details_content"
    >
      More information
    </div>
  </details>
</div>
`;
