// Jest Snapshot v1, https://goo.gl/fbAQLP

exports[`Basic expander group should match snapshot 1`] = `
.c2 {
  line-height: 1.15;
  -ms-text-size-adjust: 100%;
  -webkit-text-size-adjust: 100%;
  margin: 0;
  overflow: visible;
  text-transform: none;
  -webkit-appearance: button;
  margin: 0;
  padding: 0;
  border: 0;
  box-sizing: border-box;
  font: 100% inherit;
  line-height: 1;
  text-align: left;
  text-decoration: none;
  vertical-align: baseline;
  color: inherit;
  background: none;
  cursor: inherit;
  display: inline-block;
  max-width: 100%;
  cursor: pointer;
}

.c2:-moz-focusring {
  outline: 1px dotted ButtonText;
}

.c2::-moz-focus-inner {
  border-style: none;
  padding: 0;
}

.c2::-webkit-file-upload-button {
  -webkit-appearance: button;
  font: inherit;
}

.c2::-webkit-inner-spin-button {
  height: auto;
}

.c2::-webkit-outer-spin-button {
  height: auto;
}

.c2 ::before,
.c2 ::after {
  box-sizing: border-box;
}

.c0 {
  line-height: 1.15;
  -ms-text-size-adjust: 100%;
  -webkit-text-size-adjust: 100%;
  margin: 0;
  padding: 0;
  border: 0;
  box-sizing: border-box;
  font: 100% inherit;
  line-height: 1;
  text-align: left;
  text-decoration: none;
  vertical-align: baseline;
  color: inherit;
  background: none;
  cursor: inherit;
  display: block;
  max-width: 100%;
  word-wrap: normal;
  word-break: normal;
  white-space: normal;
}

.c0 ::before,
.c0 ::after {
  box-sizing: border-box;
}

.c5 {
  line-height: 1.15;
  -ms-text-size-adjust: 100%;
  -webkit-text-size-adjust: 100%;
  margin: 0;
  padding: 0;
  border: 0;
  box-sizing: border-box;
  font: 100% inherit;
  line-height: 1;
  text-align: left;
  text-decoration: none;
  vertical-align: baseline;
  color: inherit;
  background: none;
  cursor: inherit;
  display: block;
  max-width: 100%;
  word-wrap: normal;
  word-break: normal;
  white-space: normal;
}

.c5 ::before,
.c5 ::after {
  box-sizing: border-box;
}

.c3 {
  line-height: 1.15;
  -ms-text-size-adjust: 100%;
  -webkit-text-size-adjust: 100%;
  margin: 0;
  padding: 0;
  border: 0;
  box-sizing: border-box;
  font: 100% inherit;
  line-height: 1;
  text-align: left;
  text-decoration: none;
  vertical-align: baseline;
  color: inherit;
  background: none;
  cursor: inherit;
  display: inline;
  max-width: 100%;
  word-wrap: normal;
  word-break: normal;
  white-space: normal;
}

.c3 ::before,
.c3 ::after {
  box-sizing: border-box;
}

.c4 {
  position: absolute;
  clip: rect(0 0 0 0);
  height: 1px;
  width: 1px;
  margin: -1px;
  padding: 0;
  border: 0;
  overflow: hidden;
}

.c1 {
  color: hsl(0, 0%, 13%);
  width: 100%;
  max-width: 100%;
}

.c1.fi-expander-group {
  display: flex;
  flex-direction: column;
}

.c1>.fi-expander-group_expanders {
  flex: none;
}

.c1>.fi-expander-group_expanders .fi-expander {
  margin-top: 0;
  margin-bottom: 0;
  border-radius: 0;
  transition: margin 50ms cubic-bezier(0.28, 0.84, 0.42, 1);
}

.c1>.fi-expander-group_expanders .fi-expander> {
  border-radius: 0;
}

.c1>.fi-expander-group_expanders .fi-expander:first-child {
  border-radius: 2px 2px 0 0;
}

.c1>.fi-expander-group_expanders .fi-expander:last-child {
  border-bottom-left-radius: 2px;
  border-bottom-right-radius: 2px;
}

.c1>.fi-expander-group_expanders .fi-expander:not(:first-child) {
  border-top: none;
}

.c1>.fi-expander-group_expanders .fi-expander.fi-expander--open {
  border-top: 1px solid hsl(212, 63%, 45%);
  border-radius: 2px;
}

.c1>.fi-expander-group_expanders .fi-expander.fi-expander--open+.fi-expander {
  border-top: 1px solid hsl(212, 63%, 45%);
}

.c1>.fi-expander-group_expanders .fi-expander.fi-expander--open:not(:first-of-type) {
  margin-top: 16px;
}

.c1>.fi-expander-group_expanders .fi-expander.fi-expander--open:not(:last-of-type) {
  margin-bottom: 16px;
}

.c1>.fi-expander-group_all-button {
  color: hsl(0, 0%, 13%);
  letter-spacing: 0;
  text-decoration: none;
  word-break: break-word;
  overflow-wrap: break-word;
  -webkit-font-smoothing: antialiased;
  font-family: 'Source Sans Pro','Helvetica Neue','Arial',sans-serif;
  font-size: 16px;
  line-height: 1.5;
  font-weight: 600;
  flex: 1 1 auto;
  align-self: flex-end;
  margin-left: auto;
  margin-bottom: 8px;
  padding: 4px 0;
  color: hsl(212, 63%, 45%);
  border-radius: 2px;
  border: none;
  cursor: pointer;
}

.c1>.fi-expander-group_all-button:focus {
  outline: 3px solid transparent;
  position: relative;
}

.c1>.fi-expander-group_all-button:focus:after {
  content: '';
  position: absolute;
  pointer-events: none;
  top: -2px;
  right: -2px;
  bottom: -2px;
  left: -2px;
  border-radius: 2px;
  background-color: transparent;
  border: 0px solid hsl(0, 0%, 100%);
  box-sizing: border-box;
  box-shadow: 0 0 0 2px hsl(196, 77%, 44%);
  z-index: 9999;
}

.c1>.fi-expander-group_all-button :not(:focus-visible) {
  outline: 0;
}

.c1>.fi-expander-group_all-button :not(:focus-visible):after {
  content: none;
}

.c6 {
  color: hsl(0, 0%, 13%);
  letter-spacing: 0;
  text-decoration: none;
  word-break: break-word;
  overflow-wrap: break-word;
  -webkit-font-smoothing: antialiased;
  font-family: 'Source Sans Pro','Helvetica Neue','Arial',sans-serif;
  font-size: 18px;
  line-height: 1.5;
  font-weight: 400;
  background-color: hsl(0, 0%, 100%);
  position: relative;
  padding: 0;
  border: 1px solid hsl(212, 63%, 45%);
  border-radius: 2px;
  width: 100%;
  max-width: 100%;
}

.c6.fi-expander {
  display: block;
}

.c6:before {
  background-color: hsl(212, 63%, 98%);
  opacity: 0;
}

.c6.fi-expander--open {
  border-bottom: none;
}

.c9 {
  color: hsl(0, 0%, 13%);
  letter-spacing: 0;
  text-decoration: none;
  word-break: break-word;
  overflow-wrap: break-word;
  -webkit-font-smoothing: antialiased;
  font-family: 'Source Sans Pro','Helvetica Neue','Arial',sans-serif;
  font-size: 18px;
  line-height: 1.5;
  font-weight: 400;
  background-color: hsl(0, 0%, 100%);
  border-radius: inherit;
  position: relative;
  visibility: hidden;
  height: 0;
  overflow: hidden;
  word-break: break-word;
  transform-origin: top;
}

.c9.fi-expander {
  display: block;
}

.c9:not(.fi-expander_content--no-padding) {
  padding: 0 16px;
}

.c9.fi-expander_content--open {
  visibility: visible;
  height: auto;
  border-bottom: 1px solid hsl(212, 63%, 45%);
  border-top: 1px solid transparent;
  border-top-left-radius: 0;
  border-top-right-radius: 0;
}

.c9.fi-expander_content--open:not(.fi-expander_content--no-padding) {
  padding: 10px 20px 20px;
}

.c8 {
  vertical-align: baseline;
}

.c8.fi-icon {
  display: inline-block;
}

.c8 .fi-icon-base-fill {
  fill: currentColor;
}

.c8 .fi-icon-base-stroke {
  stroke: currentColor;
}

.c8.fi-icon--cursor-pointer {
  cursor: pointer;
}

.c8.fi-icon--cursor-pointer * {
  cursor: inherit;
}

.c7 {
  color: hsl(0, 0%, 13%);
  position: relative;
  width: 100%;
  max-width: 100%;
  min-height: 60px;
  background-color: hsl(212, 63%, 98%);
  border-radius: inherit;
}

.c7:hover {
  background: linear-gradient(0deg, hsl(215, 100%, 95%), hsl(215, 100%, 97%));
}

.c7 .fi-expander_title-button {
  display: block;
}

.c7.fi-expander_title-button--open {
  background-color: hsl(0, 0%, 100%);
  border-bottom-left-radius: 0;
  border-bottom-right-radius: 0;
}

.c7 .fi-expander_title-button_button {
  color: hsl(0, 0%, 13%);
  letter-spacing: 0;
  text-decoration: none;
  word-break: break-word;
  overflow-wrap: break-word;
  -webkit-font-smoothing: antialiased;
  font-family: 'Source Sans Pro','Helvetica Neue','Arial',sans-serif;
  font-size: 16px;
  line-height: 1.5;
  font-weight: 600;
  font-size: 14px;
  line-height: calc(20 / 14);
  letter-spacing: 0;
  text-decoration: none;
  word-break: break-word;
  overflow-wrap: break-word;
  -webkit-font-smoothing: antialiased;
  font-family: 'Source Sans Pro','Helvetica Neue','Arial',sans-serif;
  font-size: 18px;
  line-height: 1.5;
  font-weight: 600;
  color: hsl(212, 63%, 45%);
  display: inline-block;
  width: 100%;
  max-width: 100%;
  min-height: 60px;
  padding: 17px 60px 16px 20px;
}

.c7 .fi-expander_title-button_button:focus {
  outline: 0;
}

.c7 .fi-expander_title-button_button:focus-within {
  outline: 3px solid transparent;
}

.c7 .fi-expander_title-button_button:focus-within:after {
  content: '';
  position: absolute;
  pointer-events: none;
  top: -2px;
  right: -2px;
  bottom: -2px;
  left: -2px;
  border-radius: 2px;
  background-color: transparent;
  border: 0px solid hsl(0, 0%, 100%);
  box-sizing: border-box;
  box-shadow: 0 0 0 2px hsl(196, 77%, 44%);
  z-index: 9999;
}

.c7 .fi-expander_title-button_button :not(:focus-visible) {
  outline: 0;
}

.c7 .fi-expander_title-button_button :not(:focus-visible):after {
  content: none;
}

.c7 .fi-expander_title-button_button * {
  cursor: pointer;
}

.c7 .fi-expander_title-button_button:hover,
.c7 .fi-expander_title-button_button:active,
.c7 .fi-expander_title-button_button:focus,
.c7 .fi-expander_title-button_button:focus-within {
  cursor: pointer;
}

.c7 .fi-expander_title-button-icon {
  position: absolute;
  top: 0;
  right: 0;
  height: 20px;
  width: 20px;
  margin: 20px;
}

.c7 .fi-expander_title-button--open .fi-expander_title-button-icon,
.c7 .fi-expander_title-button-icon--open {
  transform: rotate(-180deg);
}

<div
  class="c0 c1 fi-expander-group"
>
  <button
    class="c2 fi-expander-group_all-button"
    type="button"
  >
    <span
      aria-hidden="true"
      class="c3"
    >
      Open all
    </span>
    <span
      class="c3 c4 fi-visually-hidden"
    >
      Open all expanders
    </span>
  </button>
  <div
    class="c0 fi-expander-group_expanders"
  >
    <div
      class="c5 c6 fi-expander"
      id="id-first"
    >
      <div
        class="c0 c7 fi-expander_title-button"
        data-testid="expander-title-1"
      >
        <span
          class="c3"
        >
          <button
            aria-controls="id-first_content"
            aria-expanded="false"
            class="c2 fi-expander_title-button_button"
            type="button"
          >
            <span
              class="c3"
              id="id-first_title"
            >
              First
            </span>
            <svg
              aria-hidden="true"
              class="fi-icon c8 fi-expander_title-button-icon"
              focusable="false"
              height="1em"
              viewBox="0 0 24 24"
              width="1em"
              xmlns="http://www.w3.org/2000/svg"
            >
              <path
                class="fi-icon-base-fill"
                d="M12.99 15.61c-.273.26-.632.39-.99.39s-.717-.13-.99-.39l-5.6-5.334a1.287 1.287 0 0 1 0-1.885 1.448 1.448 0 0 1 1.98 0l4.61 4.39 4.61-4.39a1.448 1.448 0 0 1 1.98 0c.547.52.547 1.365 0 1.885l-5.6 5.333Z"
                fill="#222"
                fill-rule="evenodd"
              />
            </svg>
          </button>
        </span>
      </div>
      <div
        aria-hidden="true"
        aria-labelledby="id-first_title"
        class="c0 c9 fi-expander_content"
        id="id-first_content"
        role="region"
      >
        First content
      </div>
    </div>
    <div
      class="c5 c6 fi-expander"
      id="id-second"
    >
      <div
        class="c0 c7 fi-expander_title-button"
        data-testid="expander-title-2"
      >
        <span
          class="c3"
        >
          <button
            aria-controls="id-second_content"
            aria-expanded="false"
            class="c2 fi-expander_title-button_button"
            type="button"
          >
            <span
              class="c3"
              id="id-second_title"
            >
              Second
            </span>
            <svg
              aria-hidden="true"
              class="fi-icon c8 fi-expander_title-button-icon"
              focusable="false"
              height="1em"
              viewBox="0 0 24 24"
              width="1em"
              xmlns="http://www.w3.org/2000/svg"
            >
              <path
                class="fi-icon-base-fill"
                d="M12.99 15.61c-.273.26-.632.39-.99.39s-.717-.13-.99-.39l-5.6-5.334a1.287 1.287 0 0 1 0-1.885 1.448 1.448 0 0 1 1.98 0l4.61 4.39 4.61-4.39a1.448 1.448 0 0 1 1.98 0c.547.52.547 1.365 0 1.885l-5.6 5.333Z"
                fill="#222"
                fill-rule="evenodd"
              />
            </svg>
          </button>
        </span>
      </div>
      <div
        aria-hidden="true"
        aria-labelledby="id-second_title"
        class="c0 c9 fi-expander_content"
        id="id-second_content"
        role="region"
      >
        Second content
      </div>
    </div>
  </div>
</div>
`;
