// Jest Snapshot v1, https://goo.gl/fbAQLP

exports[`children should match snapshot 1`] = `
.c2 {
  line-height: 1.15;
  -ms-text-size-adjust: 100%;
  -webkit-text-size-adjust: 100%;
  margin: 0;
  padding: 0;
  border: 0;
  box-sizing: border-box;
  font: 100% inherit;
  line-height: 1;
  text-align: left;
  -webkit-text-decoration: none;
  text-decoration: none;
  vertical-align: baseline;
  color: inherit;
  background: none;
  cursor: inherit;
  display: block;
  max-width: 100%;
  word-wrap: normal;
  word-break: normal;
  white-space: normal;
}

.c2::before,
.c2::after {
  box-sizing: border-box;
}

.c0 {
  line-height: 1.15;
  -ms-text-size-adjust: 100%;
  -webkit-text-size-adjust: 100%;
  margin: 0;
  padding: 0;
  border: 0;
  box-sizing: border-box;
  font: 100% inherit;
  line-height: 1;
  text-align: left;
  -webkit-text-decoration: none;
  text-decoration: none;
  vertical-align: baseline;
  color: inherit;
  background: none;
  cursor: inherit;
  display: block;
  max-width: 100%;
  word-wrap: normal;
  word-break: normal;
  white-space: normal;
}

.c0::before,
.c0::after {
  box-sizing: border-box;
}

.c3 {
  display: inline-block;
  vertical-align: baseline;
}

.c3 .fi-icon-base-fill {
  fill: currentColor;
}

.c3 .fi-icon-base-stroke {
  stroke: currentColor;
}

.c3.fi-icon--cursor-pointer {
  cursor: pointer;
}

.c3.fi-icon--cursor-pointer * {
  cursor: inherit;
}

.c1.fi-notification {
  color: hsl(0,0%,16%);
  -webkit-letter-spacing: 0;
  -moz-letter-spacing: 0;
  -ms-letter-spacing: 0;
  letter-spacing: 0;
  -webkit-text-decoration: none;
  text-decoration: none;
  word-break: break-word;
  overflow-wrap: break-word;
  -webkit-font-smoothing: antialiased;
  font-family: 'Source Sans Pro','Helvetica Neue','Arial',sans-serif;
  font-size: 16px;
  line-height: 1.5;
  font-weight: 400;
  width: 100%;
  box-shadow: 0px 4px 8px 0px rgba(41,41,41,0.2);
  border-radius: 4px;
}

.c1.fi-notification .fi-notification_style-wrapper {
  display: -webkit-box;
  display: -webkit-flex;
  display: -ms-flexbox;
  display: flex;
  -webkit-align-items: flex-start;
  -webkit-box-align: flex-start;
  -ms-flex-align: flex-start;
  align-items: flex-start;
}

.c1.fi-notification .fi-notification_icon-wrapper {
  margin-left: 20px;
  margin-top: 20px;
}

.c1.fi-notification .fi-notification_icon-wrapper .fi-notification_icon {
  height: 24px;
  width: 24px;
}

.c1.fi-notification .fi-notification_text-content-wrapper {
  display: -webkit-box;
  display: -webkit-flex;
  display: -ms-flexbox;
  display: flex;
  -webkit-flex: 3 1 auto;
  -ms-flex: 3 1 auto;
  flex: 3 1 auto;
  -webkit-flex-direction: column;
  -ms-flex-direction: column;
  flex-direction: column;
  padding: 0 20px;
  margin-top: 15px;
  margin-bottom: 15px;
}

.c1.fi-notification .fi-notification_text-content-wrapper .fi-notification_content {
  vertical-align: middle;
  -webkit-letter-spacing: 0;
  -moz-letter-spacing: 0;
  -ms-letter-spacing: 0;
  letter-spacing: 0;
  -webkit-text-decoration: none;
  text-decoration: none;
  word-break: break-word;
  overflow-wrap: break-word;
  -webkit-font-smoothing: antialiased;
  font-family: 'Source Sans Pro','Helvetica Neue','Arial',sans-serif;
  font-size: 16px;
  line-height: 1.5;
  font-weight: 400;
}

.c1.fi-notification--neutral {
  border-top: 4px solid #4698c3;
}

.c1.fi-notification--neutral .fi-notification_icon-wrapper .fi-icon .fi-icon-base-fill {
  fill: #4698c3;
}

.c1.fi-notification--error {
  border-top: 4px solid #b54439;
}

.c1.fi-notification--error .fi-notification_icon-wrapper .fi-icon .fi-icon-base-fill {
  fill: #b54439;
}

.c1.fi-notification--success {
  border-top: 4px solid hsl(166,90%,34%);
}

.c1.fi-notification--success .fi-notification_icon-wrapper .fi-icon .fi-icon-base-fill {
  fill: hsl(166,90%,34%);
}

.c1 .fi-notification_label {
  -webkit-letter-spacing: 0;
  -moz-letter-spacing: 0;
  -ms-letter-spacing: 0;
  letter-spacing: 0;
  -webkit-text-decoration: none;
  text-decoration: none;
  word-break: break-word;
  overflow-wrap: break-word;
  -webkit-font-smoothing: antialiased;
  font-family: 'Source Sans Pro','Helvetica Neue','Arial',sans-serif;
  font-size: 18px;
  line-height: 1.5;
  font-weight: 600;
  margin-bottom: 5px;
}

.c1.fi-notification--inline {
  padding: 5px 0px 4px 0px;
}

.c1.fi-notification--inline .fi-notification_icon-wrapper {
  -webkit-flex: 0;
  -ms-flex: 0;
  flex: 0;
}

<div>
  <section
    class="c0 fi-notification fi-notification--inline c1 fi-notification--neutral"
  >
    <div
      class="c2 fi-notification_style-wrapper"
    >
      <div
        class="c2 fi-notification_icon-wrapper"
      >
        <svg
          aria-hidden="true"
          class="fi-icon c3 fi-notification_icon"
          focusable="false"
          height="1em"
          viewBox="0 0 24 24"
          width="1em"
          xmlns="http://www.w3.org/2000/svg"
        >
          <path
            class="fi-icon-base-fill"
            d="M12 0c6.617 0 12 5.383 12 12s-5.383 12-12 12S0 18.617 0 12 5.383 0 12 0zm0 2C6.486 2 2 6.486 2 12s4.486 10 10 10 10-4.486 10-10S17.514 2 12 2zm.003 8a1 1 0 011 1v6h1a1 1 0 010 2H10a1 1 0 010-2h1v-5h-1a1 1 0 010-2h2.003zm-.501-5a1.5 1.5 0 01.145 2.994L11.502 8H11.5a1.5 1.5 0 110-3h.002z"
            fill="#292929"
            fill-rule="evenodd"
          />
        </svg>
      </div>
      <div
        aria-live="assertive"
        class="c2 fi-notification_text-content-wrapper"
        id="3"
      >
        <div
          class="c2 fi-notification_content"
        >
          <div>
            Test notification
          </div>
        </div>
      </div>
    </div>
  </section>
</div>
`;
