// Jest Snapshot v1, https://goo.gl/fbAQLP

exports[`snapshot matches 1`] = `
.c0 {
  line-height: 1.15;
  -ms-text-size-adjust: 100%;
  -webkit-text-size-adjust: 100%;
  margin: 0;
  padding: 0;
  border: 0;
  box-sizing: border-box;
  font: 100% inherit;
  line-height: 1;
  text-align: left;
  text-decoration: none;
  vertical-align: baseline;
  color: inherit;
  background: none;
  cursor: inherit;
  display: block;
  max-width: 100%;
  word-wrap: normal;
  word-break: normal;
  white-space: normal;
}

.c0 ::before,
.c0 ::after {
  box-sizing: border-box;
}

.c2 {
  line-height: 1.15;
  -ms-text-size-adjust: 100%;
  -webkit-text-size-adjust: 100%;
  margin: 0;
  padding: 0;
  border: 0;
  box-sizing: border-box;
  font: 100% inherit;
  line-height: 1;
  text-align: left;
  text-decoration: none;
  vertical-align: baseline;
  color: inherit;
  background: none;
  cursor: inherit;
  display: block;
  max-width: 100%;
  word-wrap: normal;
  word-break: normal;
  white-space: normal;
}

.c2 ::before,
.c2 ::after {
  box-sizing: border-box;
}

.c5 {
  line-height: 1.15;
  -ms-text-size-adjust: 100%;
  -webkit-text-size-adjust: 100%;
  margin: 0;
  overflow: visible;
  margin: 0;
  padding: 0;
  border: 0;
  box-sizing: border-box;
  font: 100% inherit;
  line-height: 1;
  text-align: left;
  text-decoration: none;
  vertical-align: baseline;
  color: inherit;
  background: none;
  cursor: inherit;
  display: inline-block;
  max-width: 100%;
}

.c5::-webkit-input-placeholder {
  color: inherit;
  opacity: 0.54;
}

.c5 ::before,
.c5 ::after {
  box-sizing: border-box;
}

.c4 {
  line-height: 1.15;
  -ms-text-size-adjust: 100%;
  -webkit-text-size-adjust: 100%;
  margin: 0;
  padding: 0;
  border: 0;
  box-sizing: border-box;
  font: 100% inherit;
  line-height: 1;
  text-align: left;
  text-decoration: none;
  vertical-align: baseline;
  color: inherit;
  background: none;
  cursor: inherit;
  display: inline;
  max-width: 100%;
  word-wrap: normal;
  word-break: normal;
  white-space: normal;
}

.c4 ::before,
.c4 ::after {
  box-sizing: border-box;
}

.c3.fi-label .fi-label_label-span {
  letter-spacing: 0;
  text-decoration: none;
  word-break: break-word;
  overflow-wrap: break-word;
  -webkit-font-smoothing: antialiased;
  font-family: 'Source Sans Pro','Helvetica Neue','Arial',sans-serif;
  font-size: 16px;
  line-height: 1.5;
  font-weight: 600;
  display: inline-block;
  vertical-align: middle;
  color: hsl(0, 0%, 13%);
}

.c3.fi-label .fi-label_label-span .fi-label_optional-text {
  font-family: 'Source Sans Pro','Helvetica Neue','Arial',sans-serif;
  font-size: 16px;
  line-height: 1.5;
  font-weight: 400;
}

.c3.fi-label .fi-label_label-span .fi-tooltip {
  margin-left: 6px;
}

.c6 {
  letter-spacing: 0;
  text-decoration: none;
  word-break: break-word;
  overflow-wrap: break-word;
  -webkit-font-smoothing: antialiased;
  font-family: 'Source Sans Pro','Helvetica Neue','Arial',sans-serif;
  font-size: 16px;
  line-height: 1.5;
  font-weight: 600;
  color: hsl(0, 0%, 13%);
  font-size: 14px;
  line-height: 20px;
}

.c6.fi-status-text {
  display: block;
}

.c6.fi-status-text.fi-status-text--error {
  color: hsl(3, 59%, 43%);
}

.c6.fi-status-text .fi-icon {
  vertical-align: middle;
  transform: translateY(-0.1em);
  margin-right: 5px;
}

.c6.fi-status-text.fi-status-text--success .fi-icon-base-fill {
  fill: hsl(166, 90%, 34%);
}

.c1 {
  letter-spacing: 0;
  text-decoration: none;
  word-break: break-word;
  overflow-wrap: break-word;
  -webkit-font-smoothing: antialiased;
  font-family: 'Source Sans Pro','Helvetica Neue','Arial',sans-serif;
  font-size: 18px;
  line-height: 1.5;
  font-weight: 400;
}

.c1 .fi-filter-input_wrapper {
  display: inline-block;
  width: 100%;
}

.c1 .fi-filter-input_wrapper .fi-filter-input_label--visible {
  margin-bottom: 10px;
}

.c1 .fi-filter-input_wrapper .fi-hint-text {
  margin-bottom: 10px;
}

.c1 .fi-filter-input_functionalityContainer {
  line-height: 1.5;
  position: relative;
}

.c1 .fi-filter-input_functionalityContainer .fi-filter-input_action-elements-container {
  position: absolute;
  height: 40px;
  right: 0;
  top: 0;
  display: flex;
  flex-direction: row;
  align-items: center;
}

.c1 .fi-filter-input_functionalityContainer .fi-filter-input_action-elements-container>* {
  box-sizing: content-box;
  display: flex;
  padding: 0 8px;
  flex: 0 0 auto;
}

.c1 .fi-filter-input_functionalityContainer .fi-filter-input_action-elements-container :not(:last-child) {
  border-right: 1px solid hsl(202, 7%, 67%);
  padding-right: 8px;
  height: 20px;
}

.c1 .fi-filter-input_functionalityContainer .fi-filter-input_statusText--has-content {
  margin-top: 5px;
}

.c1 .fi-filter-input_input-element-container >input:focus {
  outline-color: hsl(196, 77%, 44%);
  outline-width: 2px;
  outline-offset: 2px;
  outline-style: solid;
}

.c1 .fi-filter-input_input-element-container:focus-within >input:focus {
  outline: none;
}

.c1 .fi-filter-input_input-element-container:focus-within {
  position: relative;
}

.c1 .fi-filter-input_input-element-container:focus-within::after {
  content: '';
  position: absolute;
  pointer-events: none;
  top: -2px;
  right: -2px;
  bottom: -2px;
  left: -2px;
  border-radius: 2px;
  background-color: transparent;
  border: 0px solid hsl(0, 0%, 100%);
  box-sizing: border-box;
  box-shadow: 0 0 0 2px hsl(196, 77%, 44%);
  z-index: 9999;
}

.c1 .fi-filter-input_input {
  color: hsl(0, 0%, 13%);
  letter-spacing: 0;
  text-decoration: none;
  word-break: break-word;
  overflow-wrap: break-word;
  -webkit-font-smoothing: antialiased;
  font-family: 'Source Sans Pro','Helvetica Neue','Arial',sans-serif;
  font-size: 16px;
  line-height: 1.5;
  font-weight: 400;
  min-width: 245px;
  max-width: 100%;
  padding: 8px 16px;
  border: 1px solid hsl(202, 7%, 80%);
  border-radius: 2px;
  line-height: 1;
  background-color: hsl(0, 0%, 100%);
  min-width: 40px;
  width: 100%;
  min-height: 40px;
  padding-left: 10px;
  border-color: hsl(201, 7%, 58%);
}

.c1 .fi-filter-input_input::placeholder {
  font-style: italic;
  color: hsl(201, 7%, 46%);
  opacity: 1;
}

.c1.fi-filter-input--error .fi-filter-input_input {
  border-color: hsl(3, 59%, 43%);
  border-width: 2px;
}

.c1.fi-filter-input--disabled .fi-filter-input_input {
  color: hsl(202, 7%, 67%);
  background-color: hsl(202, 7%, 97%);
  border-color: hsl(202, 7%, 80%);
  cursor: not-allowed;
}

.c1.fi-filter-input--label-align-left .fi-filter-input_wrapper {
  display: flex;
  flex-direction: row;
  align-items: flex-start;
}

.c1.fi-filter-input--label-align-left .fi-filter-input_wrapper .fi-label {
  padding-right: 10px;
  padding-top: 8px;
  align-self: flex-start;
}

.c1.fi-filter-input--label-align-left .fi-filter-input_wrapper .fi-label .fi-label_label-span {
  margin-bottom: 0;
}

<div
  class="c0 fi-filter-input c1"
>
  <div
    class="c0 fi-filter-input_wrapper"
  >
    <div
      class="c2 c3 fi-filter-input_label--visible fi-label"
    >
      <label
        class="c4 fi-label_label-span"
        for="1"
        id="1-label"
      >
        Label
      </label>
    </div>
    <div
      class="c0 fi-filter-input_functionalityContainer"
    >
      <div
        class="c0 fi-filter-input_input-element-container"
      >
        <input
          aria-autocomplete="list"
          aria-invalid="false"
          aria-labelledby="1-label"
          aria-multiline="false"
          autocapitalize="none"
          autocomplete="off"
          class="c5 fi-filter-input_input"
          id="1"
          spellcheck="false"
          type="text"
        />
      </div>
      <span
        aria-atomic="true"
        aria-live="assertive"
        class="c4 c6 fi-status-text"
      />
    </div>
  </div>
</div>
`;
