// Jest Snapshot v1, https://goo.gl/fbAQLP

exports[`props children should match snapshot 1`] = `
.c3 {
  display: inline-block;
  vertical-align: baseline;
}

.c3 .fi-icon-base-fill {
  fill: currentColor;
}

.c3 .fi-icon-base-stroke {
  stroke: currentColor;
}

.c3.fi-icon--cursor-pointer {
  cursor: pointer;
}

.c3.fi-icon--cursor-pointer * {
  cursor: inherit;
}

.c2 {
  line-height: 1.15;
  -ms-text-size-adjust: 100%;
  -webkit-text-size-adjust: 100%;
  margin: 0;
  padding: 0;
  border: 0;
  box-sizing: border-box;
  font: 100% inherit;
  line-height: 1;
  text-align: left;
  -webkit-text-decoration: none;
  text-decoration: none;
  vertical-align: baseline;
  color: inherit;
  background: none;
  cursor: inherit;
  display: block;
  max-width: 100%;
  word-wrap: normal;
  word-break: normal;
  white-space: normal;
}

.c2::before,
.c2::after {
  box-sizing: border-box;
}

.c0 {
  line-height: 1.15;
  -ms-text-size-adjust: 100%;
  -webkit-text-size-adjust: 100%;
  margin: 0;
  padding: 0;
  border: 0;
  box-sizing: border-box;
  font: 100% inherit;
  line-height: 1;
  text-align: left;
  -webkit-text-decoration: none;
  text-decoration: none;
  vertical-align: baseline;
  color: inherit;
  background: none;
  cursor: inherit;
  display: block;
  max-width: 100%;
  word-wrap: normal;
  word-break: normal;
  white-space: normal;
}

.c0::before,
.c0::after {
  box-sizing: border-box;
}

.c1 {
  color: hsl(0,0%,16%);
  -webkit-letter-spacing: 0;
  -moz-letter-spacing: 0;
  -ms-letter-spacing: 0;
  letter-spacing: 0;
  -webkit-text-decoration: none;
  text-decoration: none;
  word-break: break-word;
  overflow-wrap: break-word;
  -webkit-font-smoothing: antialiased;
  font-family: 'Source Sans Pro','Helvetica Neue','Arial',sans-serif;
  font-size: 16px;
  line-height: 1.5;
  font-weight: 400;
  border-top: 4px solid hsl(166,90%,34%);
  width: 100%;
  box-shadow: 0px 4px 8px 0px rgba(41,41,41,0.14);
  border-radius: 4px;
}

.c1 .fi-toast-wrapper {
  margin: 20px 0;
  padding: 0 15px 0 15px;
  display: -webkit-box;
  display: -webkit-flex;
  display: -ms-flexbox;
  display: flex;
  -webkit-align-items: flex-start;
  -webkit-box-align: flex-start;
  -ms-flex-align: flex-start;
  align-items: flex-start;
}

.c1 .fi-toast-wrapper .fi-icon .fi-icon-base-fill {
  fill: hsl(166,90%,34%);
}

.c1 .fi-toast-wrapper .fi-toast-content-wrapper {
  vertical-align: middle;
  -webkit-letter-spacing: 0;
  -moz-letter-spacing: 0;
  -ms-letter-spacing: 0;
  letter-spacing: 0;
  -webkit-text-decoration: none;
  text-decoration: none;
  word-break: break-word;
  overflow-wrap: break-word;
  -webkit-font-smoothing: antialiased;
  font-family: 'Source Sans Pro','Helvetica Neue','Arial',sans-serif;
  font-size: 16px;
  line-height: 1.5;
  font-weight: 400;
}

.c1 .fi-toast-wrapper .fi-toast-heading {
  -webkit-letter-spacing: 0;
  -moz-letter-spacing: 0;
  -ms-letter-spacing: 0;
  letter-spacing: 0;
  -webkit-text-decoration: none;
  text-decoration: none;
  word-break: break-word;
  overflow-wrap: break-word;
  -webkit-font-smoothing: antialiased;
  font-family: 'Source Sans Pro','Helvetica Neue','Arial',sans-serif;
  font-size: 18px;
  line-height: 1.5;
  font-weight: 600;
  margin-top: -1px;
  margin-bottom: 5px;
}

.c1 .fi-toast-wrapper .fi-toast_icon-wrapper {
  -webkit-flex: 0;
  -ms-flex: 0;
  flex: 0;
  margin-right: 10px;
}

.c1 .fi-toast-wrapper .fi-toast_icon-wrapper .fi-toast_icon {
  height: 24px;
  width: 24px;
}

<div>
  <section
    class="c0 fi-toast c1"
  >
    <div
      class="c2 fi-toast-wrapper"
    >
      <div
        class="c2 fi-toast_icon-wrapper"
      >
        <svg
          aria-hidden="true"
          class="fi-icon c3 fi-toast_icon"
          focusable="false"
          height="1em"
          viewBox="0 0 24 24"
          width="1em"
          xmlns="http://www.w3.org/2000/svg"
        >
          <path
            class="fi-icon-base-fill"
            d="M12 0c6.617 0 12 5.383 12 12s-5.383 12-12 12S0 18.617 0 12 5.383 0 12 0zm0 2C6.486 2 2 6.486 2 12s4.486 10 10 10 10-4.486 10-10S17.514 2 12 2zm5.65 6.24a1 1 0 01.11 1.41l-6 7a1 1 0 01-1.467.057l-3-3a1 1 0 011.414-1.414l2.237 2.236 5.297-6.18a1 1 0 011.41-.108z"
            fill="#292929"
            fill-rule="evenodd"
          />
        </svg>
      </div>
      <div
        aria-live="polite"
        class="c2 fi-toast-content-wrapper"
      >
        <div>
          Test Toast
        </div>
      </div>
    </div>
  </section>
</div>
`;
