// Jest Snapshot v1, https://goo.gl/fbAQLP

exports[`snapshot testing 1`] = `
.c4 {
  line-height: 1.15;
  -ms-text-size-adjust: 100%;
  -webkit-text-size-adjust: 100%;
  margin: 0;
  overflow: visible;
  text-transform: none;
  -webkit-appearance: button;
  margin: 0;
  padding: 0;
  border: 0;
  box-sizing: border-box;
  font: 100% inherit;
  line-height: 1;
  text-align: left;
  -webkit-text-decoration: none;
  text-decoration: none;
  vertical-align: baseline;
  color: inherit;
  background: none;
  cursor: inherit;
  display: inline-block;
  max-width: 100%;
  cursor: pointer;
}

.c4:-moz-focusring {
  outline: 1px dotted ButtonText;
}

.c4::-moz-focus-inner {
  border-style: none;
  padding: 0;
}

.c4::-webkit-file-upload-button {
  -webkit-appearance: button;
  font: inherit;
}

.c4::-webkit-inner-spin-button {
  height: auto;
}

.c4::-webkit-outer-spin-button {
  height: auto;
}

.c2 {
  line-height: 1.15;
  -ms-text-size-adjust: 100%;
  -webkit-text-size-adjust: 100%;
  margin: 0;
  padding: 0;
  border: 0;
  box-sizing: border-box;
  font: 100% inherit;
  line-height: 1;
  text-align: left;
  -webkit-text-decoration: none;
  text-decoration: none;
  vertical-align: baseline;
  color: inherit;
  background: none;
  cursor: inherit;
  display: block;
  max-width: 100%;
  word-wrap: normal;
  word-break: normal;
  white-space: normal;
}

.c8 {
  display: inline-block;
  vertical-align: baseline;
}

.c6 {
  display: block;
  width: 100%;
  max-width: 100%;
}

.c1 {
  display: block;
  width: 100%;
  max-width: 100%;
}

.c9 {
  display: none;
}

.c7,
.c7 * {
  cursor: pointer;
}

.c7:hover,
.c7:active,
.c7:focus,
.c7:focus-within {
  cursor: pointer;
}

.c3 {
  color: hsl(0,0%,16%);
  border-radius: 2px;
  cursor: pointer;
}

.c3:focus {
  outline: 0;
  position: relative;
}

.c3:focus:after {
  content: '';
  position: absolute;
  top: -4px;
  right: -4px;
  bottom: -4px;
  left: -4px;
  border-radius: 4px;
  background-color: transparent;
  border: 1px solid hsl(23,82%,53%);
  box-sizing: border-box;
  box-shadow: 0 0 10px 0 hsl(23,82%,53%);
  z-index: 9999;
}

.c3:focus:not(:focus-visible):after {
  content: none;
}

.c5 {
  color: hsl(0,0%,16%);
  -webkit-letter-spacing: 0;
  -moz-letter-spacing: 0;
  -ms-letter-spacing: 0;
  letter-spacing: 0;
  -webkit-text-decoration: none;
  text-decoration: none;
  word-break: break-word;
  overflow-wrap: break-word;
  -webkit-font-smoothing: antialiased;
  font-family: 'Source Sans Pro','Helvetica Neue','Arial',sans-serif;
  font-size: 18px;
  line-height: 1.5;
  font-weight: 400;
  padding: 16px;
  background-color: hsl(0,0%,100%);
  position: relative;
  position: relative;
  padding: 0;
  border-radius: 2px;
  box-shadow: 0 1px 2px 0 rgba(41,41,41,0.14),0 1px 5px 0 rgba(41,41,41,0.12);
}

.c5:before {
  content: '';
  position: absolute;
  top: 0;
  bottom: 0;
  left: 0;
  right: 0;
  width: 100%;
  height: 100%;
}

.c5:before {
  background-color: hsl(212,63%,98%);
  opacity: 0;
}

.c5.fi-panel-expansion--open:before {
  opacity: 1;
  -webkit-transition: opacity 50ms cubic-bezier(0.28,0.84,0.42,1);
  transition: opacity 50ms cubic-bezier(0.28,0.84,0.42,1);
}

.c5 .fi-panel-expansion_title {
  color: hsl(0,0%,16%);
  -webkit-letter-spacing: 0;
  -moz-letter-spacing: 0;
  -ms-letter-spacing: 0;
  letter-spacing: 0;
  -webkit-text-decoration: none;
  text-decoration: none;
  word-break: break-word;
  overflow-wrap: break-word;
  -webkit-font-smoothing: antialiased;
  font-family: 'Source Sans Pro','Helvetica Neue','Arial',sans-serif;
  font-size: 16px;
  line-height: 1.5;
  font-weight: 600;
  line-height: 1;
  position: relative;
  display: block;
  width: 100%;
}

.c5 .fi-panel-expansion_title:focus {
  outline: 0;
  position: relative;
}

.c5 .fi-panel-expansion_title:focus:after {
  content: '';
  position: absolute;
  top: -4px;
  right: -4px;
  bottom: -4px;
  left: -4px;
  border-radius: 4px;
  background-color: transparent;
  border: 1px solid hsl(23,82%,53%);
  box-sizing: border-box;
  box-shadow: 0 0 10px 0 hsl(23,82%,53%);
  z-index: 9999;
}

.c5 .fi-panel-expansion_title:focus:not(:focus-visible):after {
  content: none;
}

.c5 .fi-panel-expansion_title--no-tag {
  padding-top: 16px;
  padding-right: 64px;
  padding-bottom: 16px;
  padding-left: 16px;
  color: hsl(212,63%,45%);
}

.c5 .fi-panel-expansion_title-icon {
  position: absolute;
  top: 0;
  right: 0;
  margin: 16px;
}

.c5 .fi-panel-expansion_title--open .fi-panel-expansion_title-icon,
.c5 .fi-panel-expansion_title-icon--open {
  -webkit-transform: rotate(-180deg);
  -ms-transform: rotate(-180deg);
  transform: rotate(-180deg);
}

.c5 > .fi-panel-expansion_content {
  position: relative;
  display: block;
  height: 0;
  overflow: hidden;
  -webkit-transform: scaleY(0);
  -ms-transform: scaleY(0);
  transform: scaleY(0);
  -webkit-transform-origin: top;
  -ms-transform-origin: top;
  transform-origin: top;
  -webkit-transition: all 50ms cubic-bezier(0.28,0.84,0.42,1);
  transition: all 50ms cubic-bezier(0.28,0.84,0.42,1);
  will-change: transition,height;
}

.c5 > .fi-panel-expansion_content:not(.fi-panel-expansion_content--no-padding) {
  padding: 0 16px;
}

.c5 > .fi-panel-expansion_content.fi-panel-expansion_content--open {
  height: 10%;
  overflow: visible;
  -webkit-animation: fi-panel-expansion_content-anim 50ms cubic-bezier(0.28,0.84,0.42,1) 1 forwards;
  animation: fi-panel-expansion_content-anim 50ms cubic-bezier(0.28,0.84,0.42,1) 1 forwards;
}

.c5 > .fi-panel-expansion_content.fi-panel-expansion_content--open:not(.fi-panel-expansion_content--no-padding) {
  padding-top: 0;
  padding-right: 16px;
  padding-bottom: 16px;
  padding-left: 16px;
}

.c0 {
  color: hsl(0,0%,16%);
  display: -webkit-box;
  display: -webkit-flex;
  display: -ms-flexbox;
  display: flex;
  -webkit-flex-direction: column;
  -ms-flex-direction: column;
  flex-direction: column;
}

.c0 > .fi-panel-expansion-group_panels {
  -webkit-flex: none;
  -ms-flex: none;
  flex: none;
}

.c0 > .fi-panel-expansion-group_panels .fi-panel-expansion {
  margin-top: 0;
  margin-bottom: 0;
  -webkit-transition: margin 50ms cubic-bezier(0.28,0.84,0.42,1);
  transition: margin 50ms cubic-bezier(0.28,0.84,0.42,1);
}

.c0 > .fi-panel-expansion-group_panels .fi-panel-expansion.fi-panel-expansion--open:not(:first-of-type) {
  margin-top: 16px;
}

.c0 > .fi-panel-expansion-group_panels .fi-panel-expansion.fi-panel-expansion--open:not(:last-of-type) {
  margin-bottom: 16px;
}

.c0 > .fi-panel-expansion-group_all-button {
  color: hsl(0,0%,16%);
  -webkit-letter-spacing: 0;
  -moz-letter-spacing: 0;
  -ms-letter-spacing: 0;
  letter-spacing: 0;
  -webkit-text-decoration: none;
  text-decoration: none;
  word-break: break-word;
  overflow-wrap: break-word;
  -webkit-font-smoothing: antialiased;
  font-family: 'Source Sans Pro','Helvetica Neue','Arial',sans-serif;
  font-size: 16px;
  line-height: 1.5;
  font-weight: 600;
  -webkit-flex: 1;
  -ms-flex: 1;
  flex: 1;
  margin-left: auto;
  margin-bottom: 8px;
  padding: 4px 0;
  color: hsl(1,2,3);
  cursor: pointer;
}

.c0 > .fi-panel-expansion-group_all-button:focus {
  outline: 0;
  position: relative;
}

.c0 > .fi-panel-expansion-group_all-button:focus:after {
  content: '';
  position: absolute;
  top: -4px;
  right: -4px;
  bottom: -4px;
  left: -4px;
  border-radius: 4px;
  background-color: transparent;
  border: 1px solid hsl(23,82%,53%);
  box-sizing: border-box;
  box-shadow: 0 0 10px 0 hsl(23,82%,53%);
  z-index: 9999;
}

.c0 > .fi-panel-expansion-group_all-button:focus:not(:focus-visible):after {
  content: none;
}

<div
  class="c0 fi-panel-expansion-group c1 c2"
>
  <button
    aria-disabled="false"
    class="fi-button fi-panel-expansion-group_all-button c3 fi-button c4"
    tabindex="0"
    tokens="[object Object]"
    type="button"
  >
    Open all
  </button>
  <div
    class="fi-panel-expansion-group_panels c2"
  >
    <div
      class="c5 fi-panel-expansion c6 c2"
    >
      <button
        aria-disabled="false"
        aria-expanded="false"
        class="fi-button fi-panel-expansion_title fi-panel-expansion_title--no-tag c7 c4"
        tabindex="0"
        type="button"
      >
        Test expansion 1
        <svg
          aria-hidden="true"
          class="fi-panel-expansion_title-icon c8"
          focusable="false"
          height="1em"
          style="fill: hsl(212, 63%, 45%);"
          viewBox="0 0 24 24"
          width="1em"
        >
          <path
            d="M13 15.6c-.3.3-.6.4-1 .4s-.7-.1-1-.4l-5.6-5.3c-.5-.5-.5-1.4 0-1.9s1.4-.5 2 0l4.6 4.4 4.6-4.4c.5-.5 1.4-.5 2 0 .5.5.5 1.4 0 1.9L13 15.6z"
          />
        </svg>
      </button>
      <div
        aria-hidden="true"
        class="fi-panel-expansion_content c9 fi-panel c6 c2"
      >
        Test expansion content 1
      </div>
    </div>
    <div
      class="c5 fi-panel-expansion c6 c2"
    >
      <button
        aria-disabled="false"
        aria-expanded="false"
        class="fi-button fi-panel-expansion_title fi-panel-expansion_title--no-tag c7 c4"
        tabindex="0"
        type="button"
      >
        Test expansion 2
        <svg
          aria-hidden="true"
          class="fi-panel-expansion_title-icon c8"
          focusable="false"
          height="1em"
          style="fill: hsl(212, 63%, 45%);"
          viewBox="0 0 24 24"
          width="1em"
        >
          <path
            d="M13 15.6c-.3.3-.6.4-1 .4s-.7-.1-1-.4l-5.6-5.3c-.5-.5-.5-1.4 0-1.9s1.4-.5 2 0l4.6 4.4 4.6-4.4c.5-.5 1.4-.5 2 0 .5.5.5 1.4 0 1.9L13 15.6z"
          />
        </svg>
      </button>
      <div
        aria-hidden="true"
        class="fi-panel-expansion_content c9 fi-panel c6 c2"
      >
        Test expansion content 2
      </div>
    </div>
    <div
      class="c5 fi-panel-expansion c6 c2"
    >
      <button
        aria-disabled="false"
        aria-expanded="false"
        class="fi-button fi-panel-expansion_title fi-panel-expansion_title--no-tag c7 c4"
        tabindex="0"
        type="button"
      >
        Test expansion 3
        <svg
          aria-hidden="true"
          class="fi-panel-expansion_title-icon c8"
          focusable="false"
          height="1em"
          style="fill: hsl(212, 63%, 45%);"
          viewBox="0 0 24 24"
          width="1em"
        >
          <path
            d="M13 15.6c-.3.3-.6.4-1 .4s-.7-.1-1-.4l-5.6-5.3c-.5-.5-.5-1.4 0-1.9s1.4-.5 2 0l4.6 4.4 4.6-4.4c.5-.5 1.4-.5 2 0 .5.5.5 1.4 0 1.9L13 15.6z"
          />
        </svg>
      </button>
      <div
        aria-hidden="true"
        class="fi-panel-expansion_content c9 fi-panel c6 c2"
      >
        Test expansion content 3
      </div>
    </div>
  </div>
</div>
`;
