// Jest Snapshot v1, https://goo.gl/fbAQLP

exports[`props children has matching snapshot 1`] = `
.c0 {
  line-height: 1.15;
  -ms-text-size-adjust: 100%;
  -webkit-text-size-adjust: 100%;
  margin: 0;
  padding: 0;
  border: 0;
  box-sizing: border-box;
  font: 100% inherit;
  line-height: 1;
  text-align: left;
  -webkit-text-decoration: none;
  text-decoration: none;
  vertical-align: baseline;
  color: inherit;
  background: none;
  cursor: inherit;
  display: block;
  max-width: 100%;
  word-wrap: normal;
  word-break: normal;
  white-space: normal;
}

.c0::before,
.c0::after {
  box-sizing: border-box;
}

.c2 {
  line-height: 1.15;
  -ms-text-size-adjust: 100%;
  -webkit-text-size-adjust: 100%;
  margin: 0;
  overflow: visible;
  margin: 0;
  padding: 0;
  border: 0;
  box-sizing: border-box;
  font: 100% inherit;
  line-height: 1;
  text-align: left;
  -webkit-text-decoration: none;
  text-decoration: none;
  vertical-align: baseline;
  color: inherit;
  background: none;
  cursor: inherit;
  display: inline-block;
  max-width: 100%;
}

.c2::-webkit-input-placeholder {
  color: inherit;
  opacity: 0.54;
}

.c2::before,
.c2::after {
  box-sizing: border-box;
}

.c3 {
  line-height: 1.15;
  -ms-text-size-adjust: 100%;
  -webkit-text-size-adjust: 100%;
  margin: 0;
  padding: 0;
  border: 0;
  box-sizing: border-box;
  font: 100% inherit;
  line-height: 1;
  text-align: left;
  -webkit-text-decoration: none;
  text-decoration: none;
  vertical-align: baseline;
  color: inherit;
  background: none;
  cursor: inherit;
  max-width: 100%;
}

.c3::before,
.c3::after {
  box-sizing: border-box;
}

.c4 {
  line-height: 1.15;
  -ms-text-size-adjust: 100%;
  -webkit-text-size-adjust: 100%;
  margin: 0;
  padding: 0;
  border: 0;
  box-sizing: border-box;
  font: 100% inherit;
  line-height: 1;
  text-align: left;
  -webkit-text-decoration: none;
  text-decoration: none;
  vertical-align: baseline;
  color: inherit;
  background: none;
  cursor: inherit;
  display: inline;
  max-width: 100%;
  word-wrap: normal;
  word-break: normal;
  white-space: normal;
}

.c4::before,
.c4::after {
  box-sizing: border-box;
}

.c5 {
  -webkit-letter-spacing: 0;
  -moz-letter-spacing: 0;
  -ms-letter-spacing: 0;
  letter-spacing: 0;
  -webkit-text-decoration: none;
  text-decoration: none;
  word-break: break-word;
  overflow-wrap: break-word;
  -webkit-font-smoothing: antialiased;
  font-family: 'Source Sans Pro','Helvetica Neue','Arial',sans-serif;
  font-size: 16px;
  line-height: 1.5;
  font-weight: 600;
  color: hsl(0,0%,13%);
  font-size: 14px;
  line-height: 20px;
}

.c5.fi-status-text {
  display: block;
}

.c5.fi-status-text.fi-status-text--error {
  color: hsl(3,59%,43%);
}

.c5.fi-status-text .fi-icon {
  vertical-align: middle;
  -webkit-transform: translateY(-0.1em);
  -ms-transform: translateY(-0.1em);
  transform: translateY(-0.1em);
  margin-right: 5px;
}

.c1 {
  color: hsl(0,0%,13%);
  -webkit-letter-spacing: 0;
  -moz-letter-spacing: 0;
  -ms-letter-spacing: 0;
  letter-spacing: 0;
  -webkit-text-decoration: none;
  text-decoration: none;
  word-break: break-word;
  overflow-wrap: break-word;
  -webkit-font-smoothing: antialiased;
  font-family: 'Source Sans Pro','Helvetica Neue','Arial',sans-serif;
  font-size: 16px;
  line-height: 1.5;
  font-weight: 400;
}

.c1 .fi-label,
.c1 .fi-hint-text,
.c1 .fi-status-text {
  margin: 0;
}

.c1 .fi-checkbox_label {
  position: relative;
  display: block;
  padding-left: 25px;
  cursor: pointer;
  line-height: 27px;
}

.c1 .fi-checkbox_label::before {
  content: '';
  position: absolute;
  left: 0px;
  top: 5px;
  box-sizing: border-box;
  height: 18px;
  width: 18px;
  border: 1px solid hsl(201,7%,58%);
  border-radius: 2px;
  background-color: hsl(0,0%,100%);
}

.c1 .fi-checkbox_icon {
  position: absolute;
  height: 10px;
  width: 10px;
  left: 4px;
  top: 9px;
}

.c1:focus-within .fi-checkbox_label::after {
  content: '';
  position: absolute;
  pointer-events: none;
  top: 4px;
  left: -1px;
  border-radius: 2px;
  background-color: transparent;
  border: 0px solid hsl(0,0%,100%);
  box-sizing: border-box;
  box-shadow: 0 0 0 2px hsl(196,77%,44%);
  z-index: 9999;
  width: 20px;
  height: 20px;
  outline: 2px solid transparent;
}

.c1 .fi-checkbox_input {
  position: absolute;
  opacity: 0;
  z-index: -9999;
}

.c1 .fi-hint-text {
  padding-left: 25px;
  color: hsl(202,7%,40%);
}

.c1 .fi-status-text {
  line-height: 18px;
}

.c1 .fi-status-text.fi-checkbox_statusText--has-content {
  margin-top: 5px;
}

.c1.fi-checkbox--large .fi-checkbox_label {
  padding-left: 40px;
  line-height: 30px;
}

.c1.fi-checkbox--large .fi-checkbox_label::before {
  content: '';
  position: absolute;
  left: 0px;
  top: 0px;
  box-sizing: border-box;
  height: 30px;
  width: 30px;
  color: hsl(201,7%,58%);
  border: 2px solid;
}

.c1.fi-checkbox--large .fi-checkbox_label .fi-checkbox_icon {
  height: 20px;
  width: 20px;
  left: 5px;
  top: 4px;
}

.c1.fi-checkbox--large .fi-hint-text {
  padding-left: 40px;
}

.c1.fi-checkbox--large:focus-within .fi-checkbox_label::after {
  width: 32px;
  height: 32px;
  top: -1px;
  left: -1px;
}

.c1.fi-checkbox--checked .fi-checkbox_label::before {
  border-color: hsl(212,63%,45%);
  background-color: hsl(212,63%,45%);
}

.c1.fi-checkbox--checked .fi-checkbox_label > .fi-checkbox_icon .fi-icon-base-fill {
  fill: hsl(0,0%,100%);
}

.c1.fi-checkbox--checked.fi-checkbox--disabled .fi-checkbox_label::before {
  border-color: hsl(202,7%,80%);
  background-color: hsl(202,7%,80%);
}

.c1.fi-checkbox--checked.fi-checkbox--disabled .fi-checkbox_label > .fi-checkbox_icon .fi-icon-base-fill {
  fill: hsl(202,7%,97%);
}

.c1.fi-checkbox--checked.fi-checkbox--error .fi-checkbox_label::before {
  border-color: hsl(3,59%,43%);
  background-color: hsl(3,59%,43%);
  border-width: 2px;
}

.c1.fi-checkbox--checked.fi-checkbox--error .fi-checkbox_label > .fi-checkbox_icon .fi-icon-base-fill {
  fill: hsl(0,0%,100%);
}

.c1.fi-checkbox--error .fi-checkbox_label::before {
  border-color: hsl(3,59%,43%);
  border-width: 2px;
}

.c1.fi-checkbox--error .fi-checkbox_label > .fi-checkbox_icon .fi-icon-base-fill {
  fill: hsl(3,59%,43%);
}

.c1.fi-checkbox--disabled .fi-checkbox_label {
  cursor: not-allowed;
  color: hsl(202,7%,67%);
}

.c1.fi-checkbox--disabled .fi-checkbox_label::before {
  background-color: hsl(202,7%,97%);
  border-color: hsl(202,7%,80%);
  border-width: 1px;
}

.c1.fi-checkbox--disabled .fi-checkbox_label > .fi-checkbox_icon .fi-icon-base-fill {
  fill: hsl(202,7%,97%);
}

.c1.fi-checkbox--disabled .fi-hint-text {
  color: hsl(202,7%,67%);
}

.c1.fi-checkbox--disabled.fi-checkbox--large .fi-checkbox_label::before {
  border-width: 2px;
}

<div
  class="c0 fi-checkbox_container c1 fi-checkbox"
>
  <input
    aria-invalid="false"
    class="c2 fi-checkbox_input"
    data-testid="regular_id"
    id="test"
    type="checkbox"
  />
  <label
    class="c3 fi-checkbox_label"
    for="test"
  >
    Regular
  </label>
  <span
    aria-atomic="true"
    aria-live="assertive"
    class="c4 c5 fi-status-text"
  />
</div>
`;
