// Jest Snapshot v1, https://goo.gl/fbAQLP

exports[`snapshot default structure should match snapshot 1`] = `
.c0 {
  line-height: 1.15;
  -ms-text-size-adjust: 100%;
  -webkit-text-size-adjust: 100%;
  margin: 0;
  padding: 0;
  border: 0;
  box-sizing: border-box;
  font: 100% inherit;
  line-height: 1;
  text-align: left;
  -webkit-text-decoration: none;
  text-decoration: none;
  vertical-align: baseline;
  color: inherit;
  background: none;
  cursor: inherit;
  display: block;
  max-width: 100%;
  word-wrap: normal;
  word-break: normal;
  white-space: normal;
}

.c0::before,
.c0::after {
  box-sizing: border-box;
}

.c2 {
  line-height: 1.15;
  -ms-text-size-adjust: 100%;
  -webkit-text-size-adjust: 100%;
  margin: 0;
  padding: 0;
  border: 0;
  box-sizing: border-box;
  font: 100% inherit;
  line-height: 1;
  text-align: left;
  -webkit-text-decoration: none;
  text-decoration: none;
  vertical-align: baseline;
  color: inherit;
  background: none;
  cursor: inherit;
  display: block;
  max-width: 100%;
  word-wrap: normal;
  word-break: normal;
  white-space: normal;
}

.c2::before,
.c2::after {
  box-sizing: border-box;
}

.c4 {
  line-height: 1.15;
  -ms-text-size-adjust: 100%;
  -webkit-text-size-adjust: 100%;
  margin: 0;
  padding: 0;
  border: 0;
  box-sizing: border-box;
  font: 100% inherit;
  line-height: 1;
  text-align: left;
  -webkit-text-decoration: none;
  text-decoration: none;
  vertical-align: baseline;
  color: inherit;
  background: none;
  cursor: inherit;
  display: inline;
  max-width: 100%;
  word-wrap: normal;
  word-break: normal;
  white-space: normal;
}

.c4::before,
.c4::after {
  box-sizing: border-box;
}

.c5 {
  line-height: 1.15;
  -ms-text-size-adjust: 100%;
  -webkit-text-size-adjust: 100%;
  margin: 0;
  overflow: auto;
  margin: 0;
  padding: 0;
  border: 0;
  box-sizing: border-box;
  font: 100% inherit;
  line-height: 1;
  text-align: left;
  -webkit-text-decoration: none;
  text-decoration: none;
  vertical-align: baseline;
  color: inherit;
  background: none;
  cursor: inherit;
  display: inline-block;
  max-width: 100%;
}

.c5::-webkit-input-placeholder {
  color: inherit;
  opacity: 0.54;
}

.c5::before,
.c5::after {
  box-sizing: border-box;
}

.c3.fi-label .fi-label_label-span {
  -webkit-letter-spacing: 0;
  -moz-letter-spacing: 0;
  -ms-letter-spacing: 0;
  letter-spacing: 0;
  -webkit-text-decoration: none;
  text-decoration: none;
  word-break: break-word;
  overflow-wrap: break-word;
  -webkit-font-smoothing: antialiased;
  font-family: 'Source Sans Pro','Helvetica Neue','Arial',sans-serif;
  font-size: 16px;
  line-height: 1.5;
  font-weight: 600;
  display: inline-block;
  vertical-align: middle;
  color: hsl(0,0%,13%);
}

.c3.fi-label .fi-label_label-span .fi-label_optional-text {
  font-family: 'Source Sans Pro','Helvetica Neue','Arial',sans-serif;
  font-size: 16px;
  line-height: 1.5;
  font-weight: 400;
}

.c3.fi-label .fi-label_label-span .fi-tooltip {
  margin-left: 6px;
}

.c6 {
  -webkit-letter-spacing: 0;
  -moz-letter-spacing: 0;
  -ms-letter-spacing: 0;
  letter-spacing: 0;
  -webkit-text-decoration: none;
  text-decoration: none;
  word-break: break-word;
  overflow-wrap: break-word;
  -webkit-font-smoothing: antialiased;
  font-family: 'Source Sans Pro','Helvetica Neue','Arial',sans-serif;
  font-size: 16px;
  line-height: 1.5;
  font-weight: 600;
  color: hsl(0,0%,13%);
  font-size: 14px;
  line-height: 20px;
}

.c6.fi-status-text {
  display: block;
}

.c6.fi-status-text.fi-status-text--error {
  color: hsl(3,59%,43%);
}

.c6.fi-status-text .fi-icon {
  vertical-align: middle;
  -webkit-transform: translateY(-0.1em);
  -ms-transform: translateY(-0.1em);
  transform: translateY(-0.1em);
  margin-right: 5px;
}

.c1 {
  color: hsl(0,0%,13%);
  -webkit-letter-spacing: 0;
  -moz-letter-spacing: 0;
  -ms-letter-spacing: 0;
  letter-spacing: 0;
  -webkit-text-decoration: none;
  text-decoration: none;
  word-break: break-word;
  overflow-wrap: break-word;
  -webkit-font-smoothing: antialiased;
  font-family: 'Source Sans Pro','Helvetica Neue','Arial',sans-serif;
  font-size: 18px;
  line-height: 1.5;
  font-weight: 400;
  color: hsl(0,0%,13%);
  width: 290px;
}

.c1 .fi-label,
.c1 .fi-hint-text,
.c1 .fi-status-text {
  margin: 0;
}

.c1.fi-textarea {
  display: -webkit-box;
  display: -webkit-flex;
  display: -ms-flexbox;
  display: flex;
  -webkit-flex-direction: column;
  -ms-flex-direction: column;
  flex-direction: column;
}

.c1.fi-textarea .fi-textarea_bottom-wrapper {
  display: -webkit-box;
  display: -webkit-flex;
  display: -ms-flexbox;
  display: flex;
  -webkit-box-pack: justify;
  -webkit-justify-content: space-between;
  -ms-flex-pack: justify;
  justify-content: space-between;
}

.c1.fi-textarea .fi-textarea_character-counter {
  -webkit-letter-spacing: 0;
  -moz-letter-spacing: 0;
  -ms-letter-spacing: 0;
  letter-spacing: 0;
  -webkit-text-decoration: none;
  text-decoration: none;
  word-break: break-word;
  overflow-wrap: break-word;
  -webkit-font-smoothing: antialiased;
  font-family: 'Source Sans Pro','Helvetica Neue','Arial',sans-serif;
  font-size: 16px;
  line-height: 1.5;
  font-weight: 400;
  color: hsl(0,0%,13%);
  font-size: 14px;
  line-height: 20px;
  -webkit-flex: none;
  -ms-flex: none;
  flex: none;
  margin-top: 5px;
}

.c1.fi-textarea .fi-textarea_character-counter.fi-textarea_character-counter--error {
  color: hsl(3,59%,43%);
  -webkit-letter-spacing: 0;
  -moz-letter-spacing: 0;
  -ms-letter-spacing: 0;
  letter-spacing: 0;
  -webkit-text-decoration: none;
  text-decoration: none;
  word-break: break-word;
  overflow-wrap: break-word;
  -webkit-font-smoothing: antialiased;
  font-family: 'Source Sans Pro','Helvetica Neue','Arial',sans-serif;
  font-size: 16px;
  line-height: 1.5;
  font-weight: 600;
  font-size: 14px;
  line-height: 20px;
}

.c1.fi-textarea .fi-textarea_statusText--has-content {
  margin-top: 5px;
}

.c1.fi-textarea .fi-textarea_textarea-element-container:focus-within {
  outline: 3px solid transparent;
  position: relative;
}

.c1.fi-textarea .fi-textarea_textarea-element-container:focus-within::after {
  content: '';
  position: absolute;
  pointer-events: none;
  top: -2px;
  right: -2px;
  bottom: -2px;
  left: -2px;
  border-radius: 2px;
  background-color: transparent;
  border: 0px solid hsl(0,0%,100%);
  box-sizing: border-box;
  box-shadow: 0 0 0 2px hsl(196,77%,44%);
  z-index: 9999;
}

.c1.fi-textarea .fi-label {
  margin-bottom: 10px;
}

.c1.fi-textarea .fi-hint-text {
  margin-bottom: 10px;
}

.c1.fi-textarea .fi-textarea_textarea {
  display: block;
  resize: vertical;
  border-radius: 2px;
  border: 1px solid hsl(201,7%,58%);
  box-shadow: 0 1px 2px 0 hsla(214,100%,24%,0.1) inset;
  padding: 8px 14px 13px 10px;
  font-family: 'Source Sans Pro','Helvetica Neue','Arial',sans-serif;
  font-size: 16px;
  line-height: 1.5;
  font-weight: 400;
  width: 100%;
  background-color: hsl(0,0%,100%);
}

.c1.fi-textarea .fi-textarea_textarea:focus {
  outline: none;
}

.c1.fi-textarea .fi-textarea_textarea::-webkit-input-placeholder {
  font-style: italic;
  color: hsl(201,7%,46%);
  opacity: 1;
}

.c1.fi-textarea .fi-textarea_textarea::-moz-placeholder {
  font-style: italic;
  color: hsl(201,7%,46%);
  opacity: 1;
}

.c1.fi-textarea .fi-textarea_textarea:-ms-input-placeholder {
  font-style: italic;
  color: hsl(201,7%,46%);
  opacity: 1;
}

.c1.fi-textarea .fi-textarea_textarea::placeholder {
  font-style: italic;
  color: hsl(201,7%,46%);
  opacity: 1;
}

.c1.fi-textarea .fi-textarea_textarea-resize--horizontal {
  resize: horizontal;
}

.c1.fi-textarea .fi-textarea_textarea-resize--both {
  resize: both;
}

.c1.fi-textarea .fi-textarea_textarea-resize--none {
  resize: none;
}

.c1.fi-textarea .fi-status-text {
  display: block;
  line-height: 18px;
}

.c1.fi-textarea.fi-textarea--disabled {
  color: hsl(202,7%,67%);
  cursor: not-allowed;
}

.c1.fi-textarea.fi-textarea--disabled .fi-textarea_textarea {
  background-color: hsl(202,7%,97%);
}

.c1.fi-textarea.fi-textarea--error .fi-textarea_textarea {
  border: 2px solid hsl(3,59%,43%);
}

.c1.fi-textarea--full-width {
  width: 100%;
}

<div
  class="c0 fi-textarea c1"
>
  <div
    class="c2 c3 fi-label"
  >
    <label
      class="c4 fi-label_label-span"
      for="just-for-snapshot-to-be-same"
    >
      Label text
    </label>
  </div>
  <div
    class="c0 fi-textarea_textarea-element-container"
  >
    <textarea
      aria-invalid="false"
      class="c5 fi-textarea_textarea"
      id="just-for-snapshot-to-be-same"
    />
  </div>
  <div
    class="c0 fi-textarea_bottom-wrapper"
  >
    <span
      aria-atomic="true"
      aria-live="assertive"
      class="c4 c6 fi-status-text"
    />
  </div>
</div>
`;
