// Jest Snapshot v1, https://goo.gl/fbAQLP

exports[`Margin prop should have margin style from margin prop 1`] = `
.c0 {
  line-height: 1.15;
  -ms-text-size-adjust: 100%;
  -webkit-text-size-adjust: 100%;
  margin: 0;
  padding: 0;
  border: 0;
  box-sizing: border-box;
  font: 100% inherit;
  line-height: 1;
  text-align: left;
  -webkit-text-decoration: none;
  text-decoration: none;
  vertical-align: baseline;
  color: inherit;
  background: none;
  cursor: inherit;
  display: block;
  list-style-type: decimal;
  margin-top: 1em;
  margin-bottom: 1em;
  margin-left: 0;
  margin-right: 0;
  padding-left: 40px;
}

.c0::before,
.c0::after {
  box-sizing: border-box;
}

.c1 {
  margin: 10px !important;
}

.c1.fi-link-list {
  padding: 0;
  margin: 5px 0 0 0;
}

.c1.fi-link-list--small .fi-link-list-item_icon .fi-icon {
  -webkit-transform: translateY(0.15em);
  -ms-transform: translateY(0.15em);
  transform: translateY(0.15em);
}

.c1.fi-link-list--small .fi-link {
  -webkit-letter-spacing: 0;
  -moz-letter-spacing: 0;
  -ms-letter-spacing: 0;
  letter-spacing: 0;
  -webkit-text-decoration: none;
  text-decoration: none;
  word-break: break-word;
  overflow-wrap: break-word;
  -webkit-font-smoothing: antialiased;
  font-family: 'Source Sans Pro','Helvetica Neue','Arial',sans-serif;
  font-size: 16px;
  line-height: 1.5;
  font-weight: 400;
}

<body>
  <div>
    <ul
      class="c0 c1 fi-link-list"
    />
  </div>
</body>
`;

exports[`Simple link list with one item should match snapshot 1`] = `
.c5 {
  vertical-align: baseline;
}

.c5.fi-icon {
  display: inline-block;
}

.c5 .fi-icon-base-fill {
  fill: currentColor;
}

.c5 .fi-icon-base-stroke {
  stroke: currentColor;
}

.c5.fi-icon--cursor-pointer {
  cursor: pointer;
}

.c5.fi-icon--cursor-pointer * {
  cursor: inherit;
}

.c6 {
  line-height: 1.15;
  -ms-text-size-adjust: 100%;
  -webkit-text-size-adjust: 100%;
  background-color: transparent;
  margin: 0;
  padding: 0;
  border: 0;
  box-sizing: border-box;
  font: 100% inherit;
  line-height: 1;
  text-align: left;
  -webkit-text-decoration: none;
  text-decoration: none;
  vertical-align: baseline;
  color: inherit;
  background: none;
  cursor: inherit;
  display: inline;
  -webkit-text-decoration: underline;
  text-decoration: underline;
}

.c6::before,
.c6::after {
  box-sizing: border-box;
}

.c6:hover,
.c6:active,
.c6:focus,
.c6:focus-within {
  color: inherit;
  -webkit-text-decoration: underline;
  text-decoration: underline;
  cursor: pointer;
}

.c2 {
  line-height: 1.15;
  -ms-text-size-adjust: 100%;
  -webkit-text-size-adjust: 100%;
  margin: 0;
  padding: 0;
  border: 0;
  box-sizing: border-box;
  font: 100% inherit;
  line-height: 1;
  text-align: left;
  -webkit-text-decoration: none;
  text-decoration: none;
  vertical-align: baseline;
  color: inherit;
  background: none;
  cursor: inherit;
  display: list-item;
}

.c2::before,
.c2::after {
  box-sizing: border-box;
}

.c4 {
  line-height: 1.15;
  -ms-text-size-adjust: 100%;
  -webkit-text-size-adjust: 100%;
  margin: 0;
  padding: 0;
  border: 0;
  box-sizing: border-box;
  font: 100% inherit;
  line-height: 1;
  text-align: left;
  -webkit-text-decoration: none;
  text-decoration: none;
  vertical-align: baseline;
  color: inherit;
  background: none;
  cursor: inherit;
  display: inline;
  max-width: 100%;
  word-wrap: normal;
  word-break: normal;
  white-space: normal;
}

.c4::before,
.c4::after {
  box-sizing: border-box;
}

.c0 {
  line-height: 1.15;
  -ms-text-size-adjust: 100%;
  -webkit-text-size-adjust: 100%;
  margin: 0;
  padding: 0;
  border: 0;
  box-sizing: border-box;
  font: 100% inherit;
  line-height: 1;
  text-align: left;
  -webkit-text-decoration: none;
  text-decoration: none;
  vertical-align: baseline;
  color: inherit;
  background: none;
  cursor: inherit;
  display: block;
  list-style-type: decimal;
  margin-top: 1em;
  margin-bottom: 1em;
  margin-left: 0;
  margin-right: 0;
  padding-left: 40px;
}

.c0::before,
.c0::after {
  box-sizing: border-box;
}

.c3 {
  -webkit-letter-spacing: 0;
  -moz-letter-spacing: 0;
  -ms-letter-spacing: 0;
  letter-spacing: 0;
  -webkit-text-decoration: none;
  text-decoration: none;
  word-break: break-word;
  overflow-wrap: break-word;
  -webkit-font-smoothing: antialiased;
  font-family: 'Source Sans Pro','Helvetica Neue','Arial',sans-serif;
  font-size: 18px;
  line-height: 1.5;
  font-weight: 400;
}

.c3.fi-link-list-item {
  list-style: none;
  padding: 0;
}

.c3.fi-link-list-item .fi-link-list-item_icon {
  margin-right: 2px;
}

.c3.fi-link-list-item .fi-link-list-item_icon .fi-icon {
  margin-left: -3px;
  font-size: 16px;
  -webkit-transform: translateY(0.1em);
  -ms-transform: translateY(0.1em);
  transform: translateY(0.1em);
}

.c3.fi-link-list-item .fi-link-list-item_icon .fi-icon .fi-icon-base-fill {
  fill: hsl(23,82%,50%);
}

.c3.fi-link-list-item .fi-link {
  margin: 0;
}

.c1.fi-link-list {
  padding: 0;
  margin: 5px 0 0 0;
}

.c1.fi-link-list--small .fi-link-list-item_icon .fi-icon {
  -webkit-transform: translateY(0.15em);
  -ms-transform: translateY(0.15em);
  transform: translateY(0.15em);
}

.c1.fi-link-list--small .fi-link {
  -webkit-letter-spacing: 0;
  -moz-letter-spacing: 0;
  -ms-letter-spacing: 0;
  letter-spacing: 0;
  -webkit-text-decoration: none;
  text-decoration: none;
  word-break: break-word;
  overflow-wrap: break-word;
  -webkit-font-smoothing: antialiased;
  font-family: 'Source Sans Pro','Helvetica Neue','Arial',sans-serif;
  font-size: 16px;
  line-height: 1.5;
  font-weight: 400;
}

.c7 {
  -webkit-letter-spacing: 0;
  -moz-letter-spacing: 0;
  -ms-letter-spacing: 0;
  letter-spacing: 0;
  -webkit-text-decoration: none;
  text-decoration: none;
  word-break: break-word;
  overflow-wrap: break-word;
  -webkit-font-smoothing: antialiased;
  font-family: 'Source Sans Pro','Helvetica Neue','Arial',sans-serif;
  font-size: 18px;
  line-height: 1.5;
  font-weight: 400;
}

.c7.fi-link {
  color: hsl(212,63%,45%);
  -webkit-text-decoration: none;
  text-decoration: none;
}

.c7.fi-link:hover,
.c7.fi-link:active,
.c7.fi-link:focus,
.c7.fi-link:focus-within {
  color: hsl(212,63%,45%);
}

.c7.fi-link:focus,
.c7.fi-link:focus-within {
  -webkit-text-decoration: none;
  text-decoration: none;
}

.c7.fi-link:focus {
  border-radius: 2px;
  box-shadow: 0 0 0 2px hsl(196,77%,44%);
  outline: 0;
  outline: 3px solid transparent;
}

.c7.fi-link:hover,
.c7.fi-link:active {
  -webkit-text-decoration: underline;
  text-decoration: underline;
}

.c7.fi-link:visited {
  color: hsl(284,36%,45%);
}

.c7.fi-link--initial-underline {
  -webkit-text-decoration: underline;
  text-decoration: underline;
}

.c7.fi-link--initial-underline:focus,
.c7.fi-link--initial-underline:focus-within {
  -webkit-text-decoration: underline;
  text-decoration: underline;
}

.c7.fi-link--initial-underline:hover,
.c7.fi-link--initial-underline:active {
  -webkit-text-decoration: none;
  text-decoration: none;
}

.c7.fi-link.fi-link--accent .fi-link--accent_icon {
  font-size: 16px;
  margin-left: -3px;
  margin-right: 2px;
  -webkit-transform: translateY(0.15em);
  -ms-transform: translateY(0.15em);
  transform: translateY(0.15em);
}

.c7.fi-link.fi-link--small {
  font-size: 16px;
}

<body>
  <div>
    <h1
      id="a"
    >
      Heading
    </h1>
    <ul
      aria-labelledby="a"
      class="c0 c1 fi-link-list"
    >
      <li
        class="c2 fi-link-list-item c3"
        data-testid="test-link"
      >
        <span
          class="c4 fi-link-list-item_icon"
        >
          <svg
            aria-hidden="true"
            class="fi-icon c5"
            focusable="false"
            height="1em"
            viewBox="0 0 24 24"
            width="1em"
            xmlns="http://www.w3.org/2000/svg"
          >
            <path
              class="fi-icon-base-fill"
              d="M15.61 11.01c.26.273.39.632.39.99s-.13.717-.39.99l-5.334 5.6a1.287 1.287 0 0 1-1.885 0 1.448 1.448 0 0 1 0-1.98l4.39-4.61-4.39-4.61a1.448 1.448 0 0 1 0-1.98 1.287 1.287 0 0 1 1.885 0l5.333 5.6Z"
              fill="#222"
              fill-rule="evenodd"
            />
          </svg>
        </span>
        <a
          class="c6 fi-link c7"
          href="/"
        >
          Link
        </a>
      </li>
      <li
        class="c2 fi-link-list-item c3"
        data-testid="test-link1"
      >
        <span
          class="c4 fi-link-list-item_icon"
        >
          <svg
            aria-hidden="true"
            class="fi-icon c5"
            focusable="false"
            height="1em"
            viewBox="0 0 24 24"
            width="1em"
            xmlns="http://www.w3.org/2000/svg"
          >
            <path
              class="fi-icon-base-fill"
              d="M15.61 11.01c.26.273.39.632.39.99s-.13.717-.39.99l-5.334 5.6a1.287 1.287 0 0 1-1.885 0 1.448 1.448 0 0 1 0-1.98l4.39-4.61-4.39-4.61a1.448 1.448 0 0 1 0-1.98 1.287 1.287 0 0 1 1.885 0l5.333 5.6Z"
              fill="#222"
              fill-rule="evenodd"
            />
          </svg>
        </span>
        <a
          class="c6 fi-link c7"
          href="/"
        >
          AA Link
        </a>
      </li>
    </ul>
  </div>
</body>
`;
