// Jest Snapshot v1, https://goo.gl/fbAQLP

exports[`calling render with the same component on the same container does not remount 1`] = `
.c0 {
  line-height: 1.15;
  -ms-text-size-adjust: 100%;
  -webkit-text-size-adjust: 100%;
  background-color: transparent;
  margin: 0;
  padding: 0;
  border: 0;
  box-sizing: border-box;
  font: 100% inherit;
  line-height: 1;
  text-align: left;
  -webkit-text-decoration: none;
  text-decoration: none;
  vertical-align: baseline;
  color: inherit;
  background: none;
  cursor: inherit;
  display: inline;
  -webkit-text-decoration: underline;
  text-decoration: underline;
}

.c0::before,
.c0::after {
  box-sizing: border-box;
}

.c0:hover,
.c0:active,
.c0:focus,
.c0:focus-within {
  color: inherit;
  -webkit-text-decoration: underline;
  text-decoration: underline;
  cursor: pointer;
}

.c1 {
  -webkit-letter-spacing: 0;
  -moz-letter-spacing: 0;
  -ms-letter-spacing: 0;
  letter-spacing: 0;
  -webkit-text-decoration: none;
  text-decoration: none;
  word-break: break-word;
  overflow-wrap: break-word;
  -webkit-font-smoothing: antialiased;
  font-family: 'Source Sans Pro','Helvetica Neue','Arial',sans-serif;
  font-size: 18px;
  line-height: 1.5;
  font-weight: 400;
}

.c1.fi-link {
  color: hsl(212,63%,45%);
  -webkit-text-decoration: none;
  text-decoration: none;
}

.c1.fi-link:hover,
.c1.fi-link:active,
.c1.fi-link:focus,
.c1.fi-link:focus-within {
  color: hsl(212,63%,45%);
}

.c1.fi-link:focus,
.c1.fi-link:focus-within {
  -webkit-text-decoration: none;
  text-decoration: none;
}

.c1.fi-link:focus {
  border-radius: 2px;
  box-shadow: 0 0 0 2px hsl(196,77%,44%);
  outline: 0;
  outline: 3px solid transparent;
}

.c1.fi-link:hover,
.c1.fi-link:active {
  -webkit-text-decoration: underline;
  text-decoration: underline;
}

.c1.fi-link:visited {
  color: hsl(284,36%,45%);
}

.c1.fi-link--initial-underline {
  -webkit-text-decoration: underline;
  text-decoration: underline;
}

.c1.fi-link--initial-underline:focus,
.c1.fi-link--initial-underline:focus-within {
  -webkit-text-decoration: underline;
  text-decoration: underline;
}

.c1.fi-link--initial-underline:hover,
.c1.fi-link--initial-underline:active {
  -webkit-text-decoration: none;
  text-decoration: none;
}

.c1.fi-link.fi-link--accent .fi-link--accent_icon {
  font-size: 16px;
  margin-left: -3px;
  margin-right: 2px;
  -webkit-transform: translateY(0.15em);
  -ms-transform: translateY(0.15em);
  transform: translateY(0.15em);
}

.c1.fi-link.fi-link--small {
  font-size: 16px;
}

<a
  class="c0 fi-link fi-link--router c1"
  data-testid="test-link"
  href="/"
>
  Hey this is a test
</a>
`;
