// Jest Snapshot v1, https://goo.gl/fbAQLP

exports[`Basic ExpanderTitleButton shoud match snapshot 1`] = `
.c3 {
  line-height: 1.15;
  -ms-text-size-adjust: 100%;
  -webkit-text-size-adjust: 100%;
  margin: 0;
  overflow: visible;
  text-transform: none;
  -webkit-appearance: button;
  margin: 0;
  padding: 0;
  border: 0;
  box-sizing: border-box;
  font: 100% inherit;
  line-height: 1;
  text-align: left;
  text-decoration: none;
  vertical-align: baseline;
  color: inherit;
  background: none;
  cursor: inherit;
  display: inline-block;
  max-width: 100%;
  cursor: pointer;
}

.c3:-moz-focusring {
  outline: 1px dotted ButtonText;
}

.c3::-moz-focus-inner {
  border-style: none;
  padding: 0;
}

.c3::-webkit-file-upload-button {
  -webkit-appearance: button;
  font: inherit;
}

.c3::-webkit-inner-spin-button {
  height: auto;
}

.c3::-webkit-outer-spin-button {
  height: auto;
}

.c3 ::before,
.c3 ::after {
  box-sizing: border-box;
}

.c0 {
  line-height: 1.15;
  -ms-text-size-adjust: 100%;
  -webkit-text-size-adjust: 100%;
  margin: 0;
  padding: 0;
  border: 0;
  box-sizing: border-box;
  font: 100% inherit;
  line-height: 1;
  text-align: left;
  text-decoration: none;
  vertical-align: baseline;
  color: inherit;
  background: none;
  cursor: inherit;
  display: block;
  max-width: 100%;
  word-wrap: normal;
  word-break: normal;
  white-space: normal;
}

.c0 ::before,
.c0 ::after {
  box-sizing: border-box;
}

.c2 {
  line-height: 1.15;
  -ms-text-size-adjust: 100%;
  -webkit-text-size-adjust: 100%;
  margin: 0;
  padding: 0;
  border: 0;
  box-sizing: border-box;
  font: 100% inherit;
  line-height: 1;
  text-align: left;
  text-decoration: none;
  vertical-align: baseline;
  color: inherit;
  background: none;
  cursor: inherit;
  display: inline;
  max-width: 100%;
  word-wrap: normal;
  word-break: normal;
  white-space: normal;
}

.c2 ::before,
.c2 ::after {
  box-sizing: border-box;
}

.c4 {
  vertical-align: baseline;
}

.c4.fi-icon {
  display: inline-block;
}

.c4 .fi-icon-base-fill {
  fill: currentColor;
}

.c4 .fi-icon-base-stroke {
  stroke: currentColor;
}

.c4.fi-icon--cursor-pointer {
  cursor: pointer;
}

.c4.fi-icon--cursor-pointer * {
  cursor: inherit;
}

.c1 {
  color: hsl(0, 0%, 13%);
  position: relative;
  width: 100%;
  max-width: 100%;
  min-height: 60px;
  background-color: hsl(212, 63%, 98%);
  border-radius: inherit;
}

.c1:hover {
  background: linear-gradient(0deg, hsl(215, 100%, 95%), hsl(215, 100%, 97%));
}

.c1 .fi-expander_title-button {
  display: block;
}

.c1.fi-expander_title-button--open {
  background-color: hsl(0, 0%, 100%);
  border-bottom-left-radius: 0;
  border-bottom-right-radius: 0;
}

.c1 .fi-expander_title-button_button {
  color: hsl(0, 0%, 13%);
  letter-spacing: 0;
  text-decoration: none;
  word-break: break-word;
  overflow-wrap: break-word;
  -webkit-font-smoothing: antialiased;
  font-family: 'Source Sans Pro','Helvetica Neue','Arial',sans-serif;
  font-size: 16px;
  line-height: 1.5;
  font-weight: 600;
  font-size: 14px;
  line-height: 20px;
  letter-spacing: 0;
  text-decoration: none;
  word-break: break-word;
  overflow-wrap: break-word;
  -webkit-font-smoothing: antialiased;
  font-family: 'Source Sans Pro','Helvetica Neue','Arial',sans-serif;
  font-size: 18px;
  line-height: 1.5;
  font-weight: 600;
  color: hsl(212, 63%, 45%);
  display: inline-block;
  width: 100%;
  max-width: 100%;
  min-height: 60px;
  padding: 17px 60px 16px 20px;
}

.c1 .fi-expander_title-button_button:focus {
  outline: 0;
}

.c1 .fi-expander_title-button_button:focus-within {
  outline: 3px solid transparent;
}

.c1 .fi-expander_title-button_button:focus-within:after {
  content: '';
  position: absolute;
  pointer-events: none;
  top: -2px;
  right: -2px;
  bottom: -2px;
  left: -2px;
  border-radius: 2px;
  background-color: transparent;
  border: 0px solid hsl(0, 0%, 100%);
  box-sizing: border-box;
  box-shadow: 0 0 0 2px hsl(196, 77%, 44%);
  z-index: 9999;
}

.c1 .fi-expander_title-button_button :not(:focus-visible) {
  outline: 0;
}

.c1 .fi-expander_title-button_button :not(:focus-visible):after {
  content: none;
}

.c1 .fi-expander_title-button_button * {
  cursor: pointer;
}

.c1 .fi-expander_title-button_button:hover,
.c1 .fi-expander_title-button_button:active,
.c1 .fi-expander_title-button_button:focus,
.c1 .fi-expander_title-button_button:focus-within {
  cursor: pointer;
}

.c1 .fi-expander_title-button-icon {
  position: absolute;
  top: 0;
  right: 0;
  height: 20px;
  width: 20px;
  margin: 20px;
}

.c1 .fi-expander_title-button--open .fi-expander_title-button-icon,
.c1 .fi-expander_title-button-icon--open {
  transform: rotate(-180deg);
}

<div
  class="c0 c1 fi-expander_title-button"
  data-testid="expander-title"
>
  <span
    class="c2"
  >
    <button
      aria-controls="test-id_content"
      aria-expanded="false"
      class="c3 fi-expander_title-button_button"
      type="button"
    >
      <span
        class="c2"
        id="test-id_title"
      >
        Expander title button
      </span>
      <svg
        aria-hidden="true"
        class="fi-icon c4 fi-expander_title-button-icon"
        focusable="false"
        height="1em"
        viewBox="0 0 24 24"
        width="1em"
        xmlns="http://www.w3.org/2000/svg"
      >
        <path
          class="fi-icon-base-fill"
          d="M12.99 15.61c-.273.26-.632.39-.99.39s-.717-.13-.99-.39l-5.6-5.334a1.287 1.287 0 0 1 0-1.885 1.448 1.448 0 0 1 1.98 0l4.61 4.39 4.61-4.39a1.448 1.448 0 0 1 1.98 0c.547.52.547 1.365 0 1.885l-5.6 5.333Z"
          fill="#222"
          fill-rule="evenodd"
        />
      </svg>
    </button>
  </span>
</div>
`;
